 RTC

 Timestamp is 6229b3bd (Thu Mar 10 16:15:57 2022)

 Preferred load address is 0000000000000000

 Start         Length     Name                   Class
 0001:00000000 00001a66H .text                   CODE
 0002:00000000 00000000H .data                   DATA
 0002:00000000 00000c87H .rdata                  DATA
 0002:00000c88 00000020H .bss                    DATA
 0003:00000000 00000108H .pdata                  DATA
 0004:00000000 000000c8H .xdata                  DATA

  Address         Publics by Value              Rva+Base               Lib:Object

 0001:00000000       _ModuleEntryPoint          00000000000002a0 f   UefiApplicationEntryPoint:ApplicationEntryPoint.obj
 0001:00000064       ProcessLibraryConstructorList 0000000000000304 f   RTC:AutoGen.obj
 0001:000001a4       DebugAssert                0000000000000444 f   BaseDebugLibNull:DebugLib.obj
 0001:000001a4       ProcessLibraryDestructorList 0000000000000444 f   RTC:AutoGen.obj
 0001:000001a8       ProcessModuleEntryPointList 0000000000000448 f   RTC:AutoGen.obj
 0001:000001b0       PrintRTCRegister           0000000000000450 f   RTC:RTC.obj
 0001:000003d0       GetInputParameters         0000000000000670 f   RTC:RTC.obj
 0001:0000047c       UefiMain                   000000000000071c f   RTC:RTC.obj
 0001:00000484       DebugPrint                 0000000000000724 f   BaseDebugLibNull:DebugLib.obj
 0001:00000490       DebugPrintLevelEnabled     0000000000000730 f   BaseDebugLibNull:DebugLib.obj
 0001:00000490       DebugPrintEnabled          0000000000000730 f   BaseDebugLibNull:DebugLib.obj
 0001:00000490       DebugAssertEnabled         0000000000000730 f   BaseDebugLibNull:DebugLib.obj
 0001:00000494       StrLen                     0000000000000734 f   BaseLib:String.obj
 0001:0000054c       StrSize                    00000000000007ec f   BaseLib:String.obj
 0001:00000560       InternalHexCharToUintn     0000000000000800 f   BaseLib:String.obj
 0001:00000590       InternalIsHexaDecimalDigitCharacter 0000000000000830 f   BaseLib:String.obj
 0001:000005b8       StrHexToUintn              0000000000000858 f   BaseLib:String.obj
 0001:000006a4       AsciiStrLen                0000000000000944 f   BaseLib:String.obj
 0001:0000072c       AsciiStrSize               00000000000009cc f   BaseLib:String.obj
 0001:00000740       InternalMathDivRemU64x32   00000000000009e0 f   BaseLib:Math64.obj
 0001:0000075c       UefiBootServicesTableLibConstructor 00000000000009fc f   UefiBootServicesTableLib:UefiBootServicesTableLib.obj
 0001:00000808       UefiRuntimeServicesTableLibConstructor 0000000000000aa8 f   UefiRuntimeServicesTableLib:UefiRuntimeServicesTableLib.obj
 0001:0000084c       UefiLibConstructor         0000000000000aec f   UefiLib:UefiLib.obj
 0001:00000850       InternalPrint              0000000000000af0 f   UefiLib:UefiLibPrint.obj
 0001:00000970       Print                      0000000000000c10 f   UefiLib:UefiLibPrint.obj
 0001:000009a0       IoRead8                    0000000000000c40 f   BaseIoLibIntrinsic:IoLibMsc.obj
 0001:000009a8       IoWrite8                   0000000000000c48 f   BaseIoLibIntrinsic:IoLibMsc.obj
 0001:000009b0       ReadUnaligned16            0000000000000c50 f   BaseLib:Unaligned.obj
 0001:000009e8       ReadUnaligned32            0000000000000c88 f   BaseLib:Unaligned.obj
 0001:00000a20       InternalAllocatePool       0000000000000cc0 f   UefiMemoryAllocationLib:MemoryAllocationLib.obj
 0001:00000a4c       AllocatePool               0000000000000cec f   UefiMemoryAllocationLib:MemoryAllocationLib.obj
 0001:00000a5c       FreePool                   0000000000000cfc f   UefiMemoryAllocationLib:MemoryAllocationLib.obj
 0001:00000ad0       UnicodeVSPrint             0000000000000d70 f   BasePrintLib:PrintLib.obj
 0001:00000b74       BasePrintLibFillBuffer     0000000000000e14 f   BasePrintLib:PrintLibInternal.obj
 0001:00000ba8       BasePrintLibValueToString  0000000000000e48 f   BasePrintLib:PrintLibInternal.obj
 0001:00000bf8       BasePrintLibSPrintMarker   0000000000000e98 f   BasePrintLib:PrintLibInternal.obj
 0001:000019ec       BasePrintLibSPrint         0000000000001c8c f   BasePrintLib:PrintLibInternal.obj
 0001:00001a10       DivU64x32Remainder         0000000000001cb0 f   BaseLib:DivU64x32Remainder.obj
 0002:00000000       _gPcd_FixedAtBuild_PcdMaximumUnicodeStringLength 0000000000001d20     RTC:AutoGen.obj
 0002:00000000       _gPcd_FixedAtBuild_PcdMaximumAsciiStringLength 0000000000001d20     RTC:AutoGen.obj
 0002:00000004       _gPcd_FixedAtBuild_PcdUefiLibMaxPrintBufferSize 0000000000001d24     RTC:AutoGen.obj
 0002:00000008       _gUefiDriverRevision       0000000000001d28     RTC:AutoGen.obj
 0002:00000010       ??_C@_0EM@OIMFDJOE@q?3?2Build?2MyPkg?2RELEASE_DEVTLS?2X6@ 0000000000001d30     RTC:AutoGen.obj
 0002:00000060       ??_C@_0BE@DCHLEIGN@?$CBEFI_ERROR?5?$CIStatus?$CJ?$AA@ 0000000000001d80     RTC:AutoGen.obj
 0002:00000078       ??_C@_0CB@DMEJJJHA@?6ASSERT_EFI_ERROR?5?$CIStatus?5?$DN?5?$CFr?$CJ?6@ 0000000000001d98     RTC:AutoGen.obj
 0002:000000a0       ??_C@_1HA@FOAPPNGO@?$AAP?$AAl?$AAe?$AAa?$AAs?$AAe?$AA?5?$AAe?$AAn?$AAt?$AAe?$AAr?$AA?5?$AAB?$AAa?$AAn?$AAk?$AA?5?$AAN?$AAu?$AAm?$AAb?$AAe?$AAr?$AA?5?$AA?$CI?$AA0?$AA?5?$AAo?$AAr?$AA?5?$AA1@ 0000000000001dc0     RTC:RTC.obj
 0002:00000110       ??_C@_1DG@BDDFOIPI@?$AAB?$AAa?$AAn?$AAk?$AA?5?$AAN?$AAu?$AAm?$AAb?$AAe?$AAr?$AA?5?$AAi?$AAs?$AA?5?$AAi?$AAn?$AAc?$AAo?$AAr?$AAr?$AAe?$AAc?$AAt?$AA?$CB?$AA?6?$AA?$AA@ 0000000000001e30     RTC:RTC.obj
 0002:00000150       ??_C@_1GK@FPHBNOFK@?$AA?6?$AAC?$AAu?$AAr?$AAr?$AAe?$AAn?$AAt?$AA?5?$AAT?$AAi?$AAm?$AAe?$AA?3?$AA?5?$AA2?$AA0?$AA?$CF?$AA0?$AA2?$AAx?$AA?1?$AA?$CF?$AA0?$AA2?$AAx?$AA?1?$AA?$CF?$AA0?$AA2?$AAx?$AA?0@ 0000000000001e70     RTC:RTC.obj
 0002:000001c0       ??_C@_17KNIAGABN@?$AAM?$AAO?$AAN?$AA?$AA@ 0000000000001ee0     RTC:RTC.obj
 0002:000001c8       ??_C@_17LLDIOMOB@?$AAT?$AAU?$AAE?$AA?$AA@ 0000000000001ee8     RTC:RTC.obj
 0002:000001d0       ??_C@_17IONNIOPM@?$AAW?$AAE?$AAD?$AA?$AA@ 0000000000001ef0     RTC:RTC.obj
 0002:000001d8       ??_C@_17FEGJKKDL@?$AAT?$AAH?$AAU?$AA?$AA@ 0000000000001ef8     RTC:RTC.obj
 0002:000001e0       ??_C@_17NCHFFFLH@?$AAF?$AAR?$AAI?$AA?$AA@ 0000000000001f00     RTC:RTC.obj
 0002:000001e8       ??_C@_17MBBPJFIP@?$AAS?$AAA?$AAT?$AA?$AA@ 0000000000001f08     RTC:RTC.obj
 0002:000001f0       ??_C@_17GGPMGCPJ@?$AAS?$AAU?$AAN?$AA?$AA@ 0000000000001f10     RTC:RTC.obj
 0002:000001f8       ??_C@_11LOCGONAA@?$AA?$AA@ 0000000000001f18     RTC:RTC.obj
 0002:000001fc       ??_C@_13LBAGMAIH@?$AA?6?$AA?$AA@ 0000000000001f1c     RTC:RTC.obj
 0002:00000200       ??_C@_1M@OMOAGDNC@?$AA?$CF?$AA0?$AA2?$AAx?$AA?5?$AA?$AA@ 0000000000001f20     RTC:RTC.obj
 0002:00000210       ??_C@_17MEDFOIMI@?$AA?5?$AA?5?$AA?5?$AA?$AA@ 0000000000001f30     RTC:RTC.obj
 0002:00000220       ??_C@_1IK@GGJNFPLP@?$AA?6?$AAS?$AAo?$AAr?$AAr?$AAy?$AA?0?$AA?5?$AAG?$AAe?$AAt?$AAt?$AAi?$AAn?$AAg?$AA?5?$AAS?$AAh?$AAe?$AAl?$AAl?$AA?5?$AAp?$AAa?$AAr?$AAa?$AAm?$AAs?$AA?5?$AAd?$AAi?$AAd@ 0000000000001f40     RTC:RTC.obj
 0002:000002b0       ??_C@_0DK@EOJCOAME@Length?5?$DM?5_gPcd_FixedAtBuild_PcdM@ 0000000000001fd0     BaseLib:String.obj
 0002:000002f0       ??_C@_0CD@BDCLIGHD@?$CI?$CIUINTN?$CJ?5String?5?$CG?50x00000001?$CJ?5?$DN?$DN@ 0000000000002010     BaseLib:String.obj
 0002:00000318       ??_C@_0CD@OOJADBME@q?3?2MdePkg?2Library?2BaseLib?2String@ 0000000000002038     BaseLib:String.obj
 0002:00000340       ??_C@_0BH@MAAHKCPC@String?5?$CB?$DN?5?$CI?$CIvoid?5?$CK?$CJ?50?$CJ?$AA@ 0000000000002060     BaseLib:String.obj
 0002:00000358       ??_C@_0BG@KBNOLIGE@StrSize?5?$CIString?$CJ?5?$CB?$DN?50?$AA@ 0000000000002078     BaseLib:String.obj
 0002:00000370       ??_C@_0ED@BNMFHFDG@Result?5?$DM?$DN?5?$CI?$CI?$CI?$CIUINTN?$CJ?5?$HO0?$CJ?5?9?5Inter@ 0000000000002090     BaseLib:String.obj
 0002:000003b8       ??_C@_0DI@MDIKFADO@Length?5?$DM?5_gPcd_FixedAtBuild_PcdM@ 00000000000020d8     BaseLib:String.obj
 0002:000003f0       ??_C@_0N@KGHEHMDL@Divisor?5?$CB?$DN?50?$AA@ 0000000000002110     BaseLib:DivU64x32.obj
 0002:00000400       ??_C@_0BE@BDFJLGLN@gBS?5?$CB?$DN?5?$CI?$CIvoid?5?$CK?$CJ?50?$CJ?$AA@ 0000000000002120     UefiBootServicesTableLib:UefiBootServicesTableLib.obj
 0002:00000418       ??_C@_0BE@DGNHAHIL@gST?5?$CB?$DN?5?$CI?$CIvoid?5?$CK?$CJ?50?$CJ?$AA@ 0000000000002138     UefiBootServicesTableLib:UefiBootServicesTableLib.obj
 0002:00000430       ??_C@_0EG@IHBEIGJL@q?3?2MdePkg?2Library?2UefiBootServic@ 0000000000002150     UefiBootServicesTableLib:UefiBootServicesTableLib.obj
 0002:00000478       ??_C@_0BN@COECPDCC@gImageHandle?5?$CB?$DN?5?$CI?$CIvoid?5?$CK?$CJ?50?$CJ?$AA@ 0000000000002198     UefiBootServicesTableLib:UefiBootServicesTableLib.obj
 0002:000004a0       ??_C@_0EM@DLKNJEFG@q?3?2MdePkg?2Library?2UefiRuntimeSer@ 00000000000021c0     UefiRuntimeServicesTableLib:UefiRuntimeServicesTableLib.obj
 0002:000004f0       ??_C@_0BE@OBDFIHND@gRT?5?$CB?$DN?5?$CI?$CIvoid?5?$CK?$CJ?50?$CJ?$AA@ 0000000000002210     UefiRuntimeServicesTableLib:UefiRuntimeServicesTableLib.obj
 0002:00000508       ??_C@_0BH@IACGKAP@Buffer?5?$CB?$DN?5?$CI?$CIvoid?5?$CK?$CJ?50?$CJ?$AA@ 0000000000002228     UefiLib:UefiLibPrint.obj
 0002:00000520       ??_C@_0BI@DIKLKBJC@Console?5?$CB?$DN?5?$CI?$CIvoid?5?$CK?$CJ?50?$CJ?$AA@ 0000000000002240     UefiLib:UefiLibPrint.obj
 0002:00000538       ??_C@_0CD@NJDNMGBE@?$CI?$CIUINTN?$CJ?5Format?5?$CG?50x00000001?$CJ?5?$DN?$DN@ 0000000000002258     UefiLib:UefiLibPrint.obj
 0002:00000560       ??_C@_0CJ@ICOLKBCP@q?3?2MdePkg?2Library?2UefiLib?2UefiLi@ 0000000000002280     UefiLib:UefiLibPrint.obj
 0002:00000590       ??_C@_0BH@LKMBFCBF@Format?5?$CB?$DN?5?$CI?$CIvoid?5?$CK?$CJ?50?$CJ?$AA@ 00000000000022b0     UefiLib:UefiLibPrint.obj
 0002:000005a8       ??_C@_0CG@MHAECJIA@q?3?2MdePkg?2Library?2BaseLib?2Unalig@ 00000000000022c8     BaseLib:Unaligned.obj
 0002:000005d0       ??_C@_0EA@JCDEKIGH@q?3?2MdePkg?2Library?2UefiMemoryAllo@ 00000000000022f0     UefiMemoryAllocationLib:MemoryAllocationLib.obj
 0002:00000610       ??_C@_0CH@KJLBGOBB@?$CI?$CI?$CIUINTN?$CJ?5?$CIFormatString?$CJ?$CJ?5?$CG?50x01@ 0000000000002330     BasePrintLib:PrintLib.obj
 0002:00000638       ??_C@_0CK@LOLCLJPB@q?3?2MdePkg?2Library?2BasePrintLib?2P@ 0000000000002358     BasePrintLib:PrintLib.obj
 0002:00000668       ??_C@_0CI@BGLNHBLM@?$CI?$CI?$CIUINTN?$CJ?5?$CIStartOfBuffer?$CJ?$CJ?5?$CG?50x0@ 0000000000002388     BasePrintLib:PrintLib.obj
 0002:00000690       ??_C@_0BB@MFGDFIJM@Compromised?5Data?$AA@ 00000000000023b0     BasePrintLib:PrintLibInternal.obj
 0002:000006a8       ??_C@_0BB@KFJAMCOC@Invalid?5Language?$AA@ 00000000000023c8     BasePrintLib:PrintLibInternal.obj
 0002:000006c0       ??_C@_0M@FKGOBENP@End?5of?5File?$AA@ 00000000000023e0     BasePrintLib:PrintLibInternal.obj
 0002:000006d0       ??_C@_0O@GLPDOMCP@Reserved?5?$CI30?$CJ?$AA@ 00000000000023f0     BasePrintLib:PrintLibInternal.obj
 0002:000006e0       ??_C@_0O@NMJOLAMF@Reserved?5?$CI29?$CJ?$AA@ 0000000000002400     BasePrintLib:PrintLibInternal.obj
 0002:000006f0       ??_C@_0N@JEJDHPO@End?5of?5Media?$AA@ 0000000000002410     BasePrintLib:PrintLibInternal.obj
 0002:00000700       ??_C@_09BOMAGJEG@CRC?5Error?$AA@ 0000000000002420     BasePrintLib:PrintLibInternal.obj
 0002:00000710       ??_C@_0BD@KHMPCIOG@Security?5Violation?$AA@ 0000000000002430     BasePrintLib:PrintLibInternal.obj
 0002:00000728       ??_C@_0BF@EHOBGFMI@Incompatible?5Version?$AA@ 0000000000002448     BasePrintLib:PrintLibInternal.obj
 0002:00000740       ??_C@_0P@NCJHBCLM@Protocol?5Error?$AA@ 0000000000002460     BasePrintLib:PrintLibInternal.obj
 0002:00000750       ??_C@_0L@DJKNJKHM@TFTP?5Error?$AA@ 0000000000002470     BasePrintLib:PrintLibInternal.obj
 0002:00000760       ??_C@_0L@LKIFCMNO@ICMP?5Error?$AA@ 0000000000002480     BasePrintLib:PrintLibInternal.obj
 0002:00000770       ??_C@_07LCKDCBKK@Aborted?$AA@ 0000000000002490     BasePrintLib:PrintLibInternal.obj
 0002:00000778       ??_C@_0BA@IGIBFFPH@Already?5started?$AA@ 0000000000002498     BasePrintLib:PrintLibInternal.obj
 0002:00000788       ??_C@_0M@DCJFAFHJ@Not?5started?$AA@ 00000000000024a8     BasePrintLib:PrintLibInternal.obj
 0002:00000798       ??_C@_08PAFJCNGP@Time?5out?$AA@ 00000000000024b8     BasePrintLib:PrintLibInternal.obj
 0002:000007a8       ??_C@_0L@IFPBNFC@No?5mapping?$AA@ 00000000000024c8     BasePrintLib:PrintLibInternal.obj
 0002:000007b8       ??_C@_0M@ENKCBFEP@No?5Response?$AA@ 00000000000024d8     BasePrintLib:PrintLibInternal.obj
 0002:000007c8       ??_C@_0O@NFHOBIDO@Access?5Denied?$AA@ 00000000000024e8     BasePrintLib:PrintLibInternal.obj
 0002:000007d8       ??_C@_09CFCBFJND@Not?5Found?$AA@ 00000000000024f8     BasePrintLib:PrintLibInternal.obj
 0002:000007e8       ??_C@_0O@JNCJKCCD@Media?5changed?$AA@ 0000000000002508     BasePrintLib:PrintLibInternal.obj
 0002:000007f8       ??_C@_08KEGAJDNN@No?5Media?$AA@ 0000000000002518     BasePrintLib:PrintLibInternal.obj
 0002:00000808       ??_C@_0M@HDLEPOFA@Volume?5Full?$AA@ 0000000000002528     BasePrintLib:PrintLibInternal.obj
 0002:00000818       ??_C@_0P@EIOJGIF@Volume?5Corrupt?$AA@ 0000000000002538     BasePrintLib:PrintLibInternal.obj
 0002:00000828       ??_C@_0BB@GOILNEAA@Out?5of?5Resources?$AA@ 0000000000002548     BasePrintLib:PrintLibInternal.obj
 0002:00000840       ??_C@_0BA@LNEDDFNB@Write?5Protected?$AA@ 0000000000002560     BasePrintLib:PrintLibInternal.obj
 0002:00000850       ??_C@_0N@HHEABDHO@Device?5Error?$AA@ 0000000000002570     BasePrintLib:PrintLibInternal.obj
 0002:00000860       ??_C@_09NKFGCIPN@Not?5Ready?$AA@ 0000000000002580     BasePrintLib:PrintLibInternal.obj
 0002:00000870       ??_C@_0BB@EGELJFOB@Buffer?5Too?5Small?$AA@ 0000000000002590     BasePrintLib:PrintLibInternal.obj
 0002:00000888       ??_C@_0BA@FLNMPMCF@Bad?5Buffer?5Size?$AA@ 00000000000025a8     BasePrintLib:PrintLibInternal.obj
 0002:00000898       ??_C@_0M@BEECMOIL@Unsupported?$AA@ 00000000000025b8     BasePrintLib:PrintLibInternal.obj
 0002:000008a8       ??_C@_0BC@HOFHKGJN@Invalid?5Parameter?$AA@ 00000000000025c8     BasePrintLib:PrintLibInternal.obj
 0002:000008c0       ??_C@_0L@PLPBEPPC@Load?5Error?$AA@ 00000000000025e0     BasePrintLib:PrintLibInternal.obj
 0002:000008d0       ??_C@_0BD@IFJNJCCO@Warning?5Stale?5Data?$AA@ 00000000000025f0     BasePrintLib:PrintLibInternal.obj
 0002:000008e8       ??_C@_0BJ@ODIPDGHB@Warning?5Buffer?5Too?5Small?$AA@ 0000000000002608     BasePrintLib:PrintLibInternal.obj
 0002:00000908       ??_C@_0BG@ECIJMOED@Warning?5Write?5Failure?$AA@ 0000000000002628     BasePrintLib:PrintLibInternal.obj
 0002:00000920       ??_C@_0BH@GKKCJEPJ@Warning?5Delete?5Failure?$AA@ 0000000000002640     BasePrintLib:PrintLibInternal.obj
 0002:00000938       ??_C@_0BG@CFJMNNJK@Warning?5Unknown?5Glyph?$AA@ 0000000000002658     BasePrintLib:PrintLibInternal.obj
 0002:00000950       ??_C@_07PBILKAFL@Success?$AA@ 0000000000002670     BasePrintLib:PrintLibInternal.obj
 0002:00000958       mHexStr                    0000000000002678     BasePrintLib:PrintLibInternal.obj
 0002:00000970       mStatusString              0000000000002690     BasePrintLib:PrintLibInternal.obj
 0002:00000aa8       ??_C@_0DC@CHCEMEEB@q?3?2MdePkg?2Library?2BasePrintLib?2P@ 00000000000027c8     BasePrintLib:PrintLibInternal.obj
 0002:00000ae0       ??_C@_0EG@NFDMKACK@?$CI?$CI?$CIFlags?5?$CG?50x00000040?$CJ?5?$CB?$DN?50?$CJ?$CJ?5?$HM?$HM@ 0000000000002800     BasePrintLib:PrintLibInternal.obj
 0002:00000b30       ??_C@_0EM@FPGGOFNC@?$CI?$CI?$CIFlags?5?$CG?50x00000040?$CJ?5?$DN?$DN?50?$CJ?$CJ?5?$HM?$HM@ 0000000000002850     BasePrintLib:PrintLibInternal.obj
 0002:00000b7c       ??_C@_01LIIJDEN@?$AN?$AA@  000000000000289c     BasePrintLib:PrintLibInternal.obj
 0002:00000b80       ??_C@_04JIMNDDED@?$CF08X?$AA@ 00000000000028a0     BasePrintLib:PrintLibInternal.obj
 0002:00000b88       ??_C@_0O@MLOLIMFM@?$DMnull?5string?$DO?$AA@ 00000000000028a8     BasePrintLib:PrintLibInternal.obj
 0002:00000b98       ??_C@_0BK@FCPKCIDD@?$CF02d?1?$CF02d?1?$CF04d?5?5?$CF02d?3?$CF02d?$AA@ 00000000000028b8     BasePrintLib:PrintLibInternal.obj
 0002:00000bb8       ??_C@_0M@LHGBCIKM@?$DMnull?5time?$DO?$AA@ 00000000000028d8     BasePrintLib:PrintLibInternal.obj
 0002:00000bc8       ??_C@_0DB@PMLHLBMO@?$CF08x?9?$CF04x?9?$CF04x?9?$CF02x?$CF02x?9?$CF02x?$CF02x@ 00000000000028e8     BasePrintLib:PrintLibInternal.obj
 0002:00000c00       ??_C@_0M@BJJDNPHK@?$DMnull?5guid?$DO?$AA@ 0000000000002920     BasePrintLib:PrintLibInternal.obj
 0002:00000c0c       ??_C@_02PCIJFNDE@?$AN?6?$AA@ 000000000000292c     BasePrintLib:PrintLibInternal.obj
 0002:00000c10       ??_C@_0BL@BFEFANFD@AsciiStrSize?5?$CIFormat?$CJ?5?$CB?$DN?50?$AA@ 0000000000002930     BasePrintLib:PrintLibInternal.obj
 0002:00000c30       ??_C@_0CB@NIHAJGJE@StrSize?5?$CI?$CICHAR16?5?$CK?$CJ?5Format?$CJ?5?$CB?$DN?50@ 0000000000002950     BasePrintLib:PrintLibInternal.obj
 0002:00000c58       ??_C@_0CP@CPEPIGGJ@q?3?2MdePkg?2Library?2BaseLib?2DivU64@ 0000000000002978     BaseLib:DivU64x32Remainder.obj
 0002:00000c88       gImageHandle               00000000000029a8     UefiBootServicesTableLib:UefiBootServicesTableLib.obj
 0002:00000c90       gST                        00000000000029b0     UefiBootServicesTableLib:UefiBootServicesTableLib.obj
 0002:00000c98       gBS                        00000000000029b8     UefiBootServicesTableLib:UefiBootServicesTableLib.obj
 0002:00000ca0       gRT                        00000000000029c0     UefiRuntimeServicesTableLib:UefiRuntimeServicesTableLib.obj

 entry point at        0001:00000000

 Static symbols

