 PcdDxe

 Timestamp is 620cbe00 (Wed Feb 16 17:04:00 2022)

 Preferred load address is 00010000

 Start         Length     Name                   Class
 0001:00000000 00002c83H .text                   CODE
 0002:00000000 00000f38H .rdata                  DATA
 0002:00000f38 00000070H .rdata$debug            DATA
 0003:00000000 00000208H .data                   DATA
 0003:00000208 0000006cH .bss                    DATA
 0004:00000000 0000004eH .edata                  DATA

  Address         Publics by Value              Rva+Base       Lib:Object

 0001:00000000       __ModuleEntryPoint         00011000 f   UefiDriverEntryPoint:DriverEntryPoint.obj
 0001:0000002d       _ProcessLibraryConstructorList 0001102d f   PcdDxe:AutoGen.obj
 0001:000001b9       _ProcessLibraryDestructorList 000111b9 f   PcdDxe:AutoGen.obj
 0001:00000201       _PcdDxeInit                00011201 f   PcdDxe:Pcd.obj
 0001:000002ec       _DxeGetPcdInfoGetInfo      000112ec f   PcdDxe:Pcd.obj
 0001:000002ff       _DxeGetPcdInfoGetInfoEx    000112ff f   PcdDxe:Pcd.obj
 0001:00000314       _DxeGetPcdInfoGetSku       00011314 f   PcdDxe:Pcd.obj
 0001:0000031e       _DxePcdSetSku              0001131e f   PcdDxe:Pcd.obj
 0001:00000367       _DxePcdGet16               00011367 f   PcdDxe:Pcd.obj
 0001:0000037e       _DxePcdGet32               0001137e f   PcdDxe:Pcd.obj
 0001:00000395       _DxePcdGet64               00011395 f   PcdDxe:Pcd.obj
 0001:000003aa       _DxePcdGetPtr              000113aa f   PcdDxe:Pcd.obj
 0001:000003b8       _DxePcdGetBool             000113b8 f   PcdDxe:Pcd.obj
 0001:000003b8       _DxePcdGet8                000113b8 f   PcdDxe:Pcd.obj
 0001:000003c8       _DxePcdGetSize             000113c8 f   PcdDxe:Pcd.obj
 0001:00000439       _DxePcdGet8Ex              00011439 f   PcdDxe:Pcd.obj
 0001:00000439       _DxePcdGetBoolEx           00011439 f   PcdDxe:Pcd.obj
 0001:0000044e       _DxePcdGet16Ex             0001144e f   PcdDxe:Pcd.obj
 0001:0000046a       _DxePcdGet32Ex             0001146a f   PcdDxe:Pcd.obj
 0001:00000486       _DxePcdGet64Ex             00011486 f   PcdDxe:Pcd.obj
 0001:0000049f       _DxePcdGetPtrEx            0001149f f   PcdDxe:Pcd.obj
 0001:000004b2       _DxePcdGetSizeEx           000114b2 f   PcdDxe:Pcd.obj
 0001:000004c9       _DxePcdSetBool             000114c9 f   PcdDxe:Pcd.obj
 0001:000004c9       _DxePcdSet8                000114c9 f   PcdDxe:Pcd.obj
 0001:000004ea       _DxePcdSet16               000114ea f   PcdDxe:Pcd.obj
 0001:0000050b       _DxePcdSet32               0001150b f   PcdDxe:Pcd.obj
 0001:0000052c       _DxePcdSet64               0001152c f   PcdDxe:Pcd.obj
 0001:0000054d       _DxePcdSetPtr              0001154d f   PcdDxe:Pcd.obj
 0001:00000564       _DxePcdSetBoolEx           00011564 f   PcdDxe:Pcd.obj
 0001:00000564       _DxePcdSet8Ex              00011564 f   PcdDxe:Pcd.obj
 0001:0000057c       _DxePcdSet16Ex             0001157c f   PcdDxe:Pcd.obj
 0001:00000594       _DxePcdSet32Ex             00011594 f   PcdDxe:Pcd.obj
 0001:000005ac       _DxePcdSet64Ex             000115ac f   PcdDxe:Pcd.obj
 0001:000005c4       _DxePcdSetPtrEx            000115c4 f   PcdDxe:Pcd.obj
 0001:000005e1       _DxeRegisterCallBackOnSet  000115e1 f   PcdDxe:Pcd.obj
 0001:00000611       _DxeUnRegisterCallBackOnSet 00011611 f   PcdDxe:Pcd.obj
 0001:00000642       _DxePcdGetNextToken        00011642 f   PcdDxe:Pcd.obj
 0001:00000723       _GetDistinctTokenSpace     00011723 f   PcdDxe:Pcd.obj
 0001:000007aa       _DxePcdGetNextTokenSpace   000117aa f   PcdDxe:Pcd.obj
 0001:0000093f       _GetLocalTokenNumber       0001193f f   PcdDxe:Service.obj
 0001:000009b0       _GetPcdType                000119b0 f   PcdDxe:Service.obj
 0001:00000a16       _GetPcdName                00011a16 f   PcdDxe:Service.obj
 0001:00000adf       _ExGetPcdInfo              00011adf f   PcdDxe:Service.obj
 0001:00000b9e       _DxeGetPcdInfo             00011b9e f   PcdDxe:Service.obj
 0001:00000c8f       _GetWorker                 00011c8f f   PcdDxe:Service.obj
 0001:00000e50       _DxeRegisterCallBackWorker 00011e50 f   PcdDxe:Service.obj
 0001:00000ebc       _DxeUnRegisterCallBackWorker 00011ebc f   PcdDxe:Service.obj
 0001:00000f12       _ExGetNextTokeNumber       00011f12 f   PcdDxe:Service.obj
 0001:00000fac       _LocateExPcdBinary         00011fac f   PcdDxe:Service.obj
 0001:00001029       _BuildPcdDxeDataBase       00012029 f   PcdDxe:Service.obj
 0001:00001218       _GetHiiVariable            00012218 f   PcdDxe:Service.obj
 0001:000012d4       _GetSkuEnabledTokenNumber  000122d4 f   PcdDxe:Service.obj
 0001:000013df       _InvokeCallbackOnSet       000123df f   PcdDxe:Service.obj
 0001:00001420       _SetWorker                 00012420 f   PcdDxe:Service.obj
 0001:00001675       _ExGetWorker               00012675 f   PcdDxe:Service.obj
 0001:00001691       _ExSetValueWorker          00012691 f   PcdDxe:Service.obj
 0001:000016ae       _ExSetWorker               000126ae f   PcdDxe:Service.obj
 0001:000016e3       _SetHiiVariable            000126e3 f   PcdDxe:Service.obj
 0001:0000181f       _GetExPcdTokenNumber       0001281f f   PcdDxe:Service.obj
 0001:00001913       _GetSkuIdArray             00012913 f   PcdDxe:Service.obj
 0001:0000195f       _GetSizeTableIndex         0001295f f   PcdDxe:Service.obj
 0001:000019be       _GetPtrTypeSize            000129be f   PcdDxe:Service.obj
 0001:00001a83       _SetPtrTypeSize            00012a83 f   PcdDxe:Service.obj
 0001:00001b83       _VariableLockDynamicHiiPcd 00012b83 f   PcdDxe:Service.obj
 0001:00001c3c       _VariableLockCallBack      00012c3c f   PcdDxe:Service.obj
 0001:00001c76       _ReadUnaligned16           00012c76 f   BaseLib:Unaligned.obj
 0001:00001c92       _ReadUnaligned32           00012c92 f   BaseLib:Unaligned.obj
 0001:00001cb0       _ReadUnaligned64           00012cb0 f   BaseLib:Unaligned.obj
 0001:00001ce0       _WriteUnaligned64          00012ce0 f   BaseLib:Unaligned.obj
 0001:00001d09       _InternalBaseLibIsNodeInList 00012d09 f   BaseLib:LinkedList.obj
 0001:00001d91       _InsertTailList            00012d91 f   BaseLib:LinkedList.obj
 0001:00001dc7       _GetFirstNode              00012dc7 f   BaseLib:LinkedList.obj
 0001:00001df0       _GetNextNode               00012df0 f   BaseLib:LinkedList.obj
 0001:00001e15       _RemoveEntryList           00012e15 f   BaseLib:LinkedList.obj
 0001:00001e67       _InternalSafeStringNoAsciiStrOverlap 00012e67 f   BaseLib:SafeString.obj
 0001:00001e8b       _AsciiStrnLenS             00012e8b f   BaseLib:SafeString.obj
 0001:00001ea5       _AsciiStrCpyS              00012ea5 f   BaseLib:SafeString.obj
 0001:00001f60       _AsciiStrCatS              00012f60 f   BaseLib:SafeString.obj
 0001:00002071       _AsciiStrLen               00013071 f   BaseLib:String.obj
 0001:000020be       _DebugPrint                000130be f   PeiDxeDebugLibReportStatusCode:DebugLib.obj
 0001:00002236       _DebugAssert               00013236 f   PeiDxeDebugLibReportStatusCode:DebugLib.obj
 0001:000022e2       _CopyMem                   000132e2 f   BaseMemoryLibOptDxe:CopyMemWrapper.obj
 0001:0000233f       _CopyGuid                  0001333f f   BaseMemoryLibOptDxe:MemLibGuid.obj
 0001:00002375       _CompareGuid               00013375 f   BaseMemoryLibOptDxe:MemLibGuid.obj
 0001:000023d4       _ScanGuid                  000133d4 f   BaseMemoryLibOptDxe:MemLibGuid.obj
 0001:0000245d       _ZeroMem                   0001345d f   BaseMemoryLibOptDxe:ZeroMemWrapper.obj
 0001:000024a3       _InternalAllocatePool      000134a3 f   UefiMemoryAllocationLib:MemoryAllocationLib.obj
 0001:000024c8       _InternalAllocateZeroPool  000134c8 f   UefiMemoryAllocationLib:MemoryAllocationLib.obj
 0001:000024e3       _InternalAllocateCopyPool  000134e3 f   UefiMemoryAllocationLib:MemoryAllocationLib.obj
 0001:0000253f       _FreePool                  0001353f f   UefiMemoryAllocationLib:MemoryAllocationLib.obj
 0001:00002578       _EfiCreateProtocolNotifyEvent 00013578 f   UefiLib:UefiLib.obj
 0001:00002646       _EfiAcquireLock            00013646 f   UefiLib:UefiLib.obj
 0001:00002685       _EfiReleaseLock            00013685 f   UefiLib:UefiLib.obj
 0001:000026bf       _HobLibConstructor         000136bf f   DxeHobLib:HobLib.obj
 0001:0000275a       _GetHobList                0001375a f   DxeHobLib:HobLib.obj
 0001:0000277d       _GetNextHob                0001377d f   DxeHobLib:HobLib.obj
 0001:000027bc       _GetFirstGuidHob           000137bc f   DxeHobLib:HobLib.obj
 0001:000027f2       _GetDebugPrintErrorLevel   000137f2 f   DxeDebugPrintErrorLevelLib:DxeDebugPrintErrorLevelLib.obj
 0001:000028a7       _GetDebugMask              000138a7 f   DxeDebugPrintErrorLevelLib:DxeDebugPrintErrorLevelLib.obj
 0001:000028c0       _SetDebugMask              000138c0 f   DxeDebugPrintErrorLevelLib:DxeDebugPrintErrorLevelLib.obj
 0001:000028cc       _InternalImageHandleToFvHandle 000138cc f   DxeServicesLib:DxeServicesLib.obj
 0001:00002934       _InternalGetSectionFromFv  00013934 f   DxeServicesLib:DxeServicesLib.obj
 0001:000029cc       _InternalGetReportStatusCode 000139cc f   DxeReportStatusCodeLib:ReportStatusCodeLib.obj
 0001:00002a05       _InternalReportStatusCode  00013a05 f   DxeReportStatusCodeLib:ReportStatusCodeLib.obj
 0001:00002a37       _ReportStatusCodeEx        00013a37 f   DxeReportStatusCodeLib:ReportStatusCodeLib.obj
 0001:00002b90       _InternalMemCopyMem        00013b90 f   BaseMemoryLibOptDxe:CopyMem.obj
 0001:00002c00       _InternalMemZeroMem        00013c00 f   BaseMemoryLibOptDxe:ZeroMem.obj
 0001:00002c20       _InternalMemSetMem         00013c20 f   BaseMemoryLibOptDxe:SetMem.obj
 0001:00002c4c       _InternalMemSetMem32       00013c4c f   BaseMemoryLibOptDxe:SetMem32.obj
 0001:00002c64       _InternalMemSetMem64       00013c64 f   BaseMemoryLibOptDxe:SetMem64.obj
 0002:0000001c       ??_C@_0CB@DMEJJJHA@?6ASSERT_EFI_ERROR?5?$CIStatus?5?$DN?5?$CFr?$CJ?6@ 0001401c     UefiDriverEntryPoint:DriverEntryPoint.obj
 0002:00000040       ??_C@_0BE@DCHLEIGN@?$CBEFI_ERROR?5?$CIStatus?$CJ?$AA@ 00014040     UefiDriverEntryPoint:DriverEntryPoint.obj
 0002:00000058       ??_C@_0FH@NNLNMNKN@q?3?2Build?2NT32IA32?2DEBUG_DEVTLS?2I@ 00014058     PcdDxe:AutoGen.obj
 0002:000000b0       __gUefiDriverRevision      000140b0     PcdDxe:AutoGen.obj
 0002:000000b4       ??_C@_0CI@CFKBPOCP@q?3?2MdeModulePkg?2Universal?2PCD?2Dx@ 000140b4     PcdDxe:Pcd.obj
 0002:000000dc       ??_C@_0DA@FIJCPHJE@?$CGgPcdProtocolGuid?5already?5instal@ 000140dc     PcdDxe:Pcd.obj
 0002:00000110       ??_C@_0EA@BBBHOLME@PcdDxe?5?9?5Invalid?5input?5SkuId?0?5th@ 00014110     PcdDxe:Pcd.obj
 0002:00000150       ??_C@_0CK@COKGHBL@TokenNumber?5?$CL?51?5?$DM?5mPcdTotalToken@ 00014150     PcdDxe:Pcd.obj
 0002:0000017c       ??_C@_0CD@PEJBICDC@DistinctTokenSpace?5?$CB?$DN?5?$CI?$CIvoid?5?$CK?$CJ?5@ 0001417c     PcdDxe:Pcd.obj
 0002:000001a0       ??_C@_0BF@PEDOPNMP@Guid?5?$CB?$DN?5?$CI?$CIvoid?5?$CK?$CJ?50?$CJ?$AA@ 000141a0     PcdDxe:Pcd.obj
 0002:000001b8       ??_C@_0BC@FEDIJHFF@?$CI?$CIBOOLEAN?$CJ?$CI0?$DN?$DN1?$CJ?$CJ?$AA@ 000141b8     PcdDxe:Service.obj
 0002:000001cc       ??_C@_0CM@IGCCJPOM@q?3?2MdeModulePkg?2Universal?2PCD?2Dx@ 000141cc     PcdDxe:Service.obj
 0002:000001f8       ??_C@_0BF@OGAHIMFI@Name?5?$CB?$DN?5?$CI?$CIvoid?5?$CK?$CJ?50?$CJ?$AA@ 000141f8     PcdDxe:Service.obj
 0002:00000210       ??_C@_0BI@JPMFKADA@PcdInfo?5?$CB?$DN?5?$CI?$CIvoid?5?$CK?$CJ?50?$CJ?$AA@ 00014210     PcdDxe:Service.obj
 0002:00000228       ??_C@_0BA@KCGHGKF@TokenNumber?5?$DO?50?$AA@ 00014228     PcdDxe:Service.obj
 0002:00000238       ??_C@_0DP@EJHMAPDE@?$CIGetSize?5?$DN?$DN?5DxePcdGetSize?5?$CIToken@ 00014238     PcdDxe:Service.obj
 0002:00000278       ??_C@_0BN@PCHAHDHH@FnTableEntry?5?$CB?$DN?5?$CI?$CIvoid?5?$CK?$CJ?50?$CJ?$AA@ 00014278     PcdDxe:Service.obj
 0002:00000298       ??_C@_0CD@NAFLEDJN@mPcdDatabase?4DxeDb?5?$CB?$DN?5?$CI?$CIvoid?5?$CK?$CJ?5@ 00014298     PcdDxe:Service.obj
 0002:000002bc       ??_C@_0BJ@MBGLGKNG@PcdDxeDb?5?$CB?$DN?5?$CI?$CIvoid?5?$CK?$CJ?50?$CJ?$AA@ 000142bc     PcdDxe:Service.obj
 0002:000002d8       ??_C@_0CD@BFAODLII@mPcdDatabase?4PeiDb?5?$CB?$DN?5?$CI?$CIvoid?5?$CK?$CJ?5@ 000142d8     PcdDxe:Service.obj
 0002:000002fc       ??_C@_0CB@FFGOOHEB@mCallbackFnTable?5?$CB?$DN?5?$CI?$CIvoid?5?$CK?$CJ?50?$CJ@ 000142fc     PcdDxe:Service.obj
 0002:00000320       ??_C@_0BH@IACGKAP@Buffer?5?$CB?$DN?5?$CI?$CIvoid?5?$CK?$CJ?50?$CJ?$AA@ 00014320     PcdDxe:Service.obj
 0002:00000338       ??_C@_0M@JADJBBKG@Status?5?$DN?$DN?50?$AA@ 00014338     PcdDxe:Service.obj
 0002:00000344       ??_C@_0CP@BBJALDHB@Status?5?$DN?$DN?5?$CI?$CIRETURN_STATUS?$CJ?$CI0x800@ 00014344     PcdDxe:Service.obj
 0002:00000374       ??_C@_0CH@FNFHNFL@?$CILocalTokenNumber?5?$CG?5?$CI0x2U?5?$DM?$DM?528?$CJ@ 00014374     PcdDxe:Service.obj
 0002:0000039c       ??_C@_0BG@NEGPINNC@Index?5?$DM?5SkuIdTable?$FL0?$FN?$AA@ 0001439c     PcdDxe:Service.obj
 0002:000003b4       ??_C@_0BK@KMBLOHLH@MatchGuid?5?$CB?$DN?5?$CI?$CIvoid?5?$CK?$CJ?50?$CJ?$AA@ 000143b4     PcdDxe:Service.obj
 0002:000003d0       ??_C@_0CH@KAMFAHNI@?$CILocalTokenNumber?5?$CG?5?$CI0x2U?5?$DM?$DM?528?$CJ@ 000143d0     PcdDxe:Service.obj
 0002:000003f8       ??_C@_0HA@NINFNLNG@?$CILocalTokenNumber?5?$CG?5?$CI?$CI0x0U?5?$DM?$DM?524@ 000143f8     PcdDxe:Service.obj
 0002:00000468       ??_C@_0CG@MHAECJIA@q?3?2MdePkg?2Library?2BaseLib?2Unalig@ 00014468     BaseLib:Unaligned.obj
 0002:00000490       ??_C@_0BF@NJNGJMPC@List?5?$CB?$DN?5?$CI?$CIvoid?5?$CK?$CJ?50?$CJ?$AA@ 00014490     BaseLib:LinkedList.obj
 0002:000004a8       ??_C@_0CH@NMOILDJB@q?3?2MdePkg?2Library?2BaseLib?2Linked@ 000144a8     BaseLib:LinkedList.obj
 0002:000004d0       ??_C@_0CC@KDLPLAED@List?9?$DOForwardLink?5?$CB?$DN?5?$CI?$CIvoid?5?$CK?$CJ?50@ 000144d0     BaseLib:LinkedList.obj
 0002:000004f4       ??_C@_0BP@IJJCCMAK@List?9?$DOBackLink?5?$CB?$DN?5?$CI?$CIvoid?5?$CK?$CJ?50?$CJ?$AA@ 000144f4     BaseLib:LinkedList.obj
 0002:00000514       ??_C@_0BF@CBLMFKOC@Node?5?$CB?$DN?5?$CI?$CIvoid?5?$CK?$CJ?50?$CJ?$AA@ 00014514     BaseLib:LinkedList.obj
 0002:0000052c       ??_C@_0DG@IMEFJFAE@Count?5?$DM?5_gPcd_FixedAtBuild_PcdMa@ 0001452c     BaseLib:LinkedList.obj
 0002:00000564       ??_C@_0BJ@NJABNCDK@ListHead?5?$CB?$DN?5?$CI?$CIvoid?5?$CK?$CJ?50?$CJ?$AA@ 00014564     BaseLib:LinkedList.obj
 0002:00000580       ??_C@_0EB@JGCKPMLP@InternalBaseLibIsNodeInList?5?$CILis@ 00014580     BaseLib:LinkedList.obj
 0002:000005c4       ??_C@_0DM@PHLIJEML@InternalBaseLibIsNodeInList?5?$CILis@ 000145c4     BaseLib:LinkedList.obj
 0002:00000600       ??_C@_0DM@NCFNNADL@InternalBaseLibIsNodeInList?5?$CILis@ 00014600     BaseLib:LinkedList.obj
 0002:00000640       ??_C@_0EE@BFCMBGFO@InternalBaseLibIsNodeInList?5?$CILis@ 00014640     BaseLib:LinkedList.obj
 0002:00000684       ??_C@_0BF@NMBJJECB@?$CBIsListEmpty?5?$CIEntry?$CJ?$AA@ 00014684     BaseLib:LinkedList.obj
 0002:0000069c       ??_C@_0CH@OOIJJKEI@q?3?2MdePkg?2Library?2BaseLib?2SafeSt@ 0001469c     BaseLib:SafeString.obj
 0002:000006c4       ??_C@_0BO@ECNIOIHG@?$CIDestination?5?$CB?$DN?5?$CI?$CIvoid?5?$CK?$CJ?50?$CJ?$CJ?$AA@ 000146c4     BaseLib:SafeString.obj
 0002:000006e4       ??_C@_0BJ@EAEEJIP@?$CISource?5?$CB?$DN?5?$CI?$CIvoid?5?$CK?$CJ?50?$CJ?$CJ?$AA@ 000146e4     BaseLib:SafeString.obj
 0002:00000700       ??_C@_0P@PMIMLIHM@?$CIDestMax?5?$CB?$DN?50?$CJ?$AA@ 00014700     BaseLib:SafeString.obj
 0002:00000710       ??_C@_0BG@EEGIIOKH@?$CIDestMax?5?$DO?5SourceLen?$CJ?$AA@ 00014710     BaseLib:SafeString.obj
 0002:00000728       ??_C@_0P@BHOOOJPD@?$CICopyLen?5?$CB?$DN?50?$CJ?$AA@ 00014728     BaseLib:SafeString.obj
 0002:00000738       ??_C@_0BG@BPGICNPK@?$CICopyLen?5?$DO?5SourceLen?$CJ?$AA@ 00014738     BaseLib:SafeString.obj
 0002:00000750       ??_C@_0DO@LJFOOPII@?$CIDestMax?5?$DM?$DN?5?$CI_gPcd_FixedAtBuild_@ 00014750     BaseLib:SafeString.obj
 0002:00000790       ??_C@_0FL@CDANCHFO@InternalSafeStringNoAsciiStrOver@ 00014790     BaseLib:SafeString.obj
 0002:000007ec       ??_C@_0CD@OOJADBME@q?3?2MdePkg?2Library?2BaseLib?2String@ 000147ec     BaseLib:String.obj
 0002:00000810       ??_C@_0BH@MAAHKCPC@String?5?$CB?$DN?5?$CI?$CIvoid?5?$CK?$CJ?50?$CJ?$AA@ 00014810     BaseLib:String.obj
 0002:00000828       ??_C@_0DI@MDIKFADO@Length?5?$DM?5_gPcd_FixedAtBuild_PcdM@ 00014828     BaseLib:String.obj
 0002:00000860       ??_C@_0BH@LKMBFCBF@Format?5?$CB?$DN?5?$CI?$CIvoid?5?$CK?$CJ?50?$CJ?$AA@ 00014860     PeiDxeDebugLibReportStatusCode:DebugLib.obj
 0002:00000878       ??_C@_0EN@CNOKPIHJ@q?3?2IntelFrameworkModulePkg?2Libra@ 00014878     PeiDxeDebugLibReportStatusCode:DebugLib.obj
 0002:000008c8       ??_C@_0CI@HIINONDG@?$CICHAR8?5?$CK?$CJBaseListMarker?5?$DM?$DN?5Forma@ 000148c8     PeiDxeDebugLibReportStatusCode:DebugLib.obj
 0002:000008f0       ??_C@_0DI@PHOMHDKH@?$CILength?5?9?51?$CJ?5?$DM?$DN?5?$CI0xFFFFFFFF?5?9?5?$CIU@ 000148f0     BaseMemoryLibOptDxe:CopyMemWrapper.obj
 0002:00000928       ??_C@_0DH@PIHDLFLO@q?3?2MdePkg?2Library?2BaseMemoryLibO@ 00014928     BaseMemoryLibOptDxe:CopyMemWrapper.obj
 0002:00000960       ??_C@_0DD@DCDOHCDJ@?$CILength?5?9?51?$CJ?5?$DM?$DN?5?$CI0xFFFFFFFF?5?9?5?$CIU@ 00014960     BaseMemoryLibOptDxe:CopyMemWrapper.obj
 0002:00000994       ??_C@_0DC@LJGHDAJN@?$CI?$CIUINTN?$CJBuffer?5?$CG?5?$CIsizeof?5?$CIGuid?9?$DO@ 00014994     BaseMemoryLibOptDxe:MemLibGuid.obj
 0002:000009c8       ??_C@_0DD@PGJDJIFB@q?3?2MdePkg?2Library?2BaseMemoryLibO@ 000149c8     BaseMemoryLibOptDxe:MemLibGuid.obj
 0002:000009fc       ??_C@_0CL@OBMFBPED@Length?5?$DM?$DN?5?$CI0xFFFFFFFF?5?9?5?$CIUINTN?$CJB@ 000149fc     BaseMemoryLibOptDxe:MemLibGuid.obj
 0002:00000a28       ??_C@_0CI@FMMOALAD@?$CILength?5?$CG?5?$CIsizeof?5?$CI?$CKGuidPtr?$CJ?5?9?51@ 00014a28     BaseMemoryLibOptDxe:MemLibGuid.obj
 0002:00000a50       ??_C@_0CI@MNELLLEK@?$CB?$CIBuffer?5?$DN?$DN?5?$CI?$CIvoid?5?$CK?$CJ?50?$CJ?5?$CG?$CG?5Leng@ 00014a50     BaseMemoryLibOptDxe:ZeroMemWrapper.obj
 0002:00000a78       ??_C@_0DH@EMNBNEHJ@q?3?2MdePkg?2Library?2BaseMemoryLibO@ 00014a78     BaseMemoryLibOptDxe:ZeroMemWrapper.obj
 0002:00000ab0       ??_C@_0EA@JCDEKIGH@q?3?2MdePkg?2Library?2UefiMemoryAllo@ 00014ab0     UefiMemoryAllocationLib:MemoryAllocationLib.obj
 0002:00000af0       ??_C@_0DE@FCAJAHCJ@AllocationSize?5?$DM?$DN?5?$CI0xFFFFFFFF?5?9?5@ 00014af0     UefiMemoryAllocationLib:MemoryAllocationLib.obj
 0002:00000b24       ??_C@_0BN@COECPDCC@gImageHandle?5?$CB?$DN?5?$CI?$CIvoid?5?$CK?$CJ?50?$CJ?$AA@ 00014b24     UefiBootServicesTableLib:UefiBootServicesTableLib.obj
 0002:00000b48       ??_C@_0EG@IHBEIGJL@q?3?2MdePkg?2Library?2UefiBootServic@ 00014b48     UefiBootServicesTableLib:UefiBootServicesTableLib.obj
 0002:00000b90       ??_C@_0BE@DGNHAHIL@gST?5?$CB?$DN?5?$CI?$CIvoid?5?$CK?$CJ?50?$CJ?$AA@ 00014b90     UefiBootServicesTableLib:UefiBootServicesTableLib.obj
 0002:00000ba4       ??_C@_0BE@BDFJLGLN@gBS?5?$CB?$DN?5?$CI?$CIvoid?5?$CK?$CJ?50?$CJ?$AA@ 00014ba4     UefiBootServicesTableLib:UefiBootServicesTableLib.obj
 0002:00000bb8       ??_C@_0EK@PAKOFLDC@q?3?2MdePkg?2Library?2UefiDevicePath@ 00014bb8     UefiDevicePathLibDevicePathProtocol:UefiDevicePathLib.obj
 0002:00000c04       ??_C@_0DC@CNNBPJA@mDevicePathLibDevicePathUtilitie@ 00014c04     UefiDevicePathLibDevicePathProtocol:UefiDevicePathLib.obj
 0002:00000c38       ??_C@_0BF@MBJFHGBE@Size?5?$CB?$DN?5?$CI?$CIvoid?5?$CK?$CJ?50?$CJ?$AA@ 00014c38     UefiDevicePathLibDevicePathProtocol:UefiDevicePathLib.obj
 0002:00000c50       ??_C@_0BE@OBDFIHND@gRT?5?$CB?$DN?5?$CI?$CIvoid?5?$CK?$CJ?50?$CJ?$AA@ 00014c50     UefiRuntimeServicesTableLib:UefiRuntimeServicesTableLib.obj
 0002:00000c68       ??_C@_0EM@DLKNJEFG@q?3?2MdePkg?2Library?2UefiRuntimeSer@ 00014c68     UefiRuntimeServicesTableLib:UefiRuntimeServicesTableLib.obj
 0002:00000cb4       ??_C@_0CE@KFLJGPMN@q?3?2MdePkg?2Library?2UefiLib?2UefiLi@ 00014cb4     UefiLib:UefiLib.obj
 0002:00000cd8       ??_C@_0BP@DEIEJICI@NotifyFunction?5?$CB?$DN?5?$CI?$CIvoid?5?$CK?$CJ?50?$CJ?$AA@ 00014cd8     UefiLib:UefiLib.obj
 0002:00000cf8       ??_C@_0BN@OMCJCPAI@Registration?5?$CB?$DN?5?$CI?$CIvoid?5?$CK?$CJ?50?$CJ?$AA@ 00014cf8     UefiLib:UefiLib.obj
 0002:00000d18       ??_C@_0BO@IJOPPPFL@Lock?9?$DOLock?5?$DN?$DN?5EfiLockReleased?$AA@ 00014d18     UefiLib:UefiLib.obj
 0002:00000d38       ??_C@_0BO@FHNOFLFJ@Lock?9?$DOLock?5?$DN?$DN?5EfiLockAcquired?$AA@ 00014d38     UefiLib:UefiLib.obj
 0002:00000d58       ??_C@_0CF@EEAPHGAM@q?3?2MdePkg?2Library?2DxeHobLib?2HobL@ 00014d58     DxeHobLib:HobLib.obj
 0002:00000d80       ??_C@_0BJ@OBFMLLDO@mHobList?5?$CB?$DN?5?$CI?$CIvoid?5?$CK?$CJ?50?$CJ?$AA@ 00014d80     DxeHobLib:HobLib.obj
 0002:00000d9c       ??_C@_0BJ@NOLLDKJB@HobStart?5?$CB?$DN?5?$CI?$CIvoid?5?$CK?$CJ?50?$CJ?$AA@ 00014d9c     DxeHobLib:HobLib.obj
 0002:00000db8       ??_C@_1BC@DPOIABCP@?$AAE?$AAF?$AAI?$AAD?$AAe?$AAb?$AAu?$AAg?$AA?$AA@ 00014db8     DxeDebugPrintErrorLevelLib:DxeDebugPrintErrorLevelLib.obj
 0002:00000dcc       ??_C@_0BM@PHFBGKMM@ImageHandle?5?$CB?$DN?5?$CI?$CIvoid?5?$CK?$CJ?50?$CJ?$AA@ 00014dcc     DxeServicesLib:DxeServicesLib.obj
 0002:00000de8       ??_C@_0DC@ELDKAKH@q?3?2MdePkg?2Library?2DxeServicesLib@ 00014de8     DxeServicesLib:DxeServicesLib.obj
 0002:00000e1c       ??_C@_0BJ@LCEMGDOM@FvHandle?5?$CB?$DN?5?$CI?$CIvoid?5?$CK?$CJ?50?$CJ?$AA@ 00014e1c     DxeServicesLib:DxeServicesLib.obj
 0002:00000e38       ??_C@_0EF@PCDGLKLI@q?3?2MdeModulePkg?2Library?2DxeRepor@ 00014e38     DxeReportStatusCodeLib:ReportStatusCodeLib.obj
 0002:00000e80       ??_C@_0DN@HHIHPHHB@?$CB?$CI?$CIExtendedData?5?$DN?$DN?5?$CI?$CIvoid?5?$CK?$CJ?50?$CJ?$CJ@ 00014e80     DxeReportStatusCodeLib:ReportStatusCodeLib.obj
 0002:00000ec0       ??_C@_0DN@BBBIFINB@?$CB?$CI?$CIExtendedData?5?$CB?$DN?5?$CI?$CIvoid?5?$CK?$CJ?50?$CJ?$CJ@ 00014ec0     DxeReportStatusCodeLib:ReportStatusCodeLib.obj
 0002:00000f00       ??_C@_0DI@MIEIGAOH@Status?5code?5extended?5data?5is?5too@ 00014f00     DxeReportStatusCodeLib:ReportStatusCodeLib.obj
 0003:00000000       _gEfiCallerIdGuid          00015000     PcdDxe:AutoGen.obj
 0003:00000010       _gPcdDataBaseHobGuid       00015010     PcdDxe:AutoGen.obj
 0003:00000020       _gPcdDataBaseSignatureGuid 00015020     PcdDxe:AutoGen.obj
 0003:00000030       _gEfiStatusCodeSpecificDataGuid 00015030     PcdDxe:AutoGen.obj
 0003:00000040       _gEfiStatusCodeDataTypeDebugGuid 00015040     PcdDxe:AutoGen.obj
 0003:00000050       _gEfiHobListGuid           00015050     PcdDxe:AutoGen.obj
 0003:00000060       _gEfiGenericVariableGuid   00015060     PcdDxe:AutoGen.obj
 0003:00000070       _gPcdProtocolGuid          00015070     PcdDxe:AutoGen.obj
 0003:00000080       _gEfiPcdProtocolGuid       00015080     PcdDxe:AutoGen.obj
 0003:00000090       _gGetPcdInfoProtocolGuid   00015090     PcdDxe:AutoGen.obj
 0003:000000a0       _gEfiGetPcdInfoProtocolGuid 000150a0     PcdDxe:AutoGen.obj
 0003:000000b0       _gEdkiiVariableLockProtocolGuid 000150b0     PcdDxe:AutoGen.obj
 0003:000000c0       _gEfiStatusCodeRuntimeProtocolGuid 000150c0     PcdDxe:AutoGen.obj
 0003:000000d0       _gEfiDevicePathUtilitiesProtocolGuid 000150d0     PcdDxe:AutoGen.obj
 0003:000000e0       _gEfiDebugMaskProtocolGuid 000150e0     PcdDxe:AutoGen.obj
 0003:000000f0       _gEfiLoadedImageProtocolGuid 000150f0     PcdDxe:AutoGen.obj
 0003:00000100       _gEfiFirmwareVolume2ProtocolGuid 00015100     PcdDxe:AutoGen.obj
 0003:00000110       _mDebugMaskProtocol        00015110     DxeDebugPrintErrorLevelLib:DxeDebugPrintErrorLevelLib.obj
 0003:00000120       _mPcdDatabaseLock          00015120     PcdDxe:Pcd.obj
 0003:0000012c       _mGetPcdInfoInstance       0001512c     PcdDxe:Pcd.obj
 0003:00000138       _mPcdInstance              00015138     PcdDxe:Pcd.obj
 0003:000001b8       _mEfiPcdInstance           000151b8     PcdDxe:Pcd.obj
 0003:00000200       _mEfiGetPcdInfoInstance    00015200     PcdDxe:Pcd.obj
 0003:00000208       _mPcdHandle                00015208     PcdDxe:Pcd.obj
 0003:0000020c       _gImageHandle              0001520c     UefiBootServicesTableLib:UefiBootServicesTableLib.obj
 0003:00000210       _gST                       00015210     UefiBootServicesTableLib:UefiBootServicesTableLib.obj
 0003:00000214       _gBS                       00015214     UefiBootServicesTableLib:UefiBootServicesTableLib.obj
 0003:00000218       _gRT                       00015218     UefiRuntimeServicesTableLib:UefiRuntimeServicesTableLib.obj
 0003:0000021c       _mHobList                  0001521c     DxeHobLib:HobLib.obj
 0003:00000220       _mGlobalErrorLevelInitialized 00015220     DxeDebugPrintErrorLevelLib:DxeDebugPrintErrorLevelLib.obj
 0003:00000224       _mDebugPrintErrorLevel     00015224     DxeDebugPrintErrorLevelLib:DxeDebugPrintErrorLevelLib.obj
 0003:00000228       _mSystemTable              00015228     DxeDebugPrintErrorLevelLib:DxeDebugPrintErrorLevelLib.obj
 0003:0000022c       _mReportStatusCodeLibStatusCodeProtocol 0001522c     DxeReportStatusCodeLib:ReportStatusCodeLib.obj
 0003:00000230       _mDevicePathLibDevicePathUtilities 00015230     UefiDevicePathLibDevicePathProtocol:UefiDevicePathLib.obj
 0003:00000234       _mPeiLocalTokenCount       00015234     <common>
 0003:00000238       _mCallbackFnTable          00015238     <common>
 0003:0000023c       _mDxeExMapTableEmpty       0001523c     <common>
 0003:00000240       _mDxeGuidTableSize         00015240     <common>
 0003:00000244       _TmpTokenSpaceBuffer       00015244     <common>
 0003:00000248       _mDxeLocalTokenCount       00015248     <common>
 0003:0000024c       _mPeiDatabaseEmpty         0001524c     <common>
 0003:0000024d       _mPeiExMapTableEmpty       0001524d     <common>
 0003:00000250       _mPeiNexTokenCount         00015250     <common>
 0003:00000254       _mPeiExMapppingTableSize   00015254     <common>
 0003:00000258       _mPcdDatabase              00015258     <common>
 0003:00000260       _TmpTokenSpaceBufferCount  00015260     <common>
 0003:00000264       _mDxeExMapppingTableSize   00015264     <common>
 0003:00000268       _mPcdTotalTokenCount       00015268     <common>
 0003:0000026c       _mDxeNexTokenCount         0001526c     <common>
 0003:00000270       _mPeiGuidTableSize         00015270     <common>

 entry point at        0001:00000000

 Static symbols

