 HelloWorld

 Timestamp is 6214812b (Tue Feb 22 14:22:35 2022)

 Preferred load address is 0000000000000000

 Start         Length     Name                   Class
 0001:00000000 000002cfH .text                   CODE
 0002:00000000 00000000H .data                   DATA
 0002:00000000 000001d4H .rdata                  DATA
 0002:000001d8 00000020H .bss                    DATA
 0003:00000000 0000003cH .pdata                  DATA
 0004:00000000 00000034H .xdata                  DATA

  Address         Publics by Value              Rva+Base               Lib:Object

 0001:00000000       _ModuleEntryPoint          00000000000002a0 f   UefiApplicationEntryPoint:ApplicationEntryPoint.obj
 0001:00000064       ProcessLibraryConstructorList 0000000000000304 f   HelloWorld:AutoGen.obj
 0001:000001a4       DebugAssert                0000000000000444 f   BaseDebugLibNull:DebugLib.obj
 0001:000001a4       ProcessLibraryDestructorList 0000000000000444 f   HelloWorld:AutoGen.obj
 0001:000001a8       ProcessModuleEntryPointList 0000000000000448 f   HelloWorld:AutoGen.obj
 0001:000001b0       UefiMain                   0000000000000450 f   HelloWorld:HelloWorld.obj
 0001:000001cc       DebugPrint                 000000000000046c f   BaseDebugLibNull:DebugLib.obj
 0001:000001d8       DebugAssertEnabled         0000000000000478 f   BaseDebugLibNull:DebugLib.obj
 0001:000001d8       DebugPrintEnabled          0000000000000478 f   BaseDebugLibNull:DebugLib.obj
 0001:000001d8       DebugPrintLevelEnabled     0000000000000478 f   BaseDebugLibNull:DebugLib.obj
 0001:000001dc       UefiBootServicesTableLibConstructor 000000000000047c f   UefiBootServicesTableLib:UefiBootServicesTableLib.obj
 0001:00000288       UefiRuntimeServicesTableLibConstructor 0000000000000528 f   UefiRuntimeServicesTableLib:UefiRuntimeServicesTableLib.obj
 0001:000002cc       UefiLibConstructor         000000000000056c f   UefiLib:UefiLib.obj
 0002:00000000       _gUefiDriverRevision       0000000000000580     HelloWorld:AutoGen.obj
 0002:00000010       ??_C@_0FK@BHBCLNF@q?3?2Build?2MyPkg?2RELEASE_DEVTLS?2X6@ 0000000000000590     HelloWorld:AutoGen.obj
 0002:00000070       ??_C@_0BE@DCHLEIGN@?$CBEFI_ERROR?5?$CIStatus?$CJ?$AA@ 00000000000005f0     HelloWorld:AutoGen.obj
 0002:00000088       ??_C@_0CB@DMEJJJHA@?6ASSERT_EFI_ERROR?5?$CIStatus?5?$DN?5?$CFr?$CJ?6@ 0000000000000608     HelloWorld:AutoGen.obj
 0002:000000b0       ??_C@_1BI@IADMPMFM@?$AAH?$AAe?$AAl?$AAl?$AAo?$AAW?$AAo?$AAr?$AAl?$AAd?$AA?6?$AA?$AA@ 0000000000000630     HelloWorld:HelloWorld.obj
 0002:000000c8       ??_C@_0BE@BDFJLGLN@gBS?5?$CB?$DN?5?$CI?$CIvoid?5?$CK?$CJ?50?$CJ?$AA@ 0000000000000648     UefiBootServicesTableLib:UefiBootServicesTableLib.obj
 0002:000000e0       ??_C@_0BE@DGNHAHIL@gST?5?$CB?$DN?5?$CI?$CIvoid?5?$CK?$CJ?50?$CJ?$AA@ 0000000000000660     UefiBootServicesTableLib:UefiBootServicesTableLib.obj
 0002:00000100       ??_C@_0EG@IHBEIGJL@q?3?2MdePkg?2Library?2UefiBootServic@ 0000000000000680     UefiBootServicesTableLib:UefiBootServicesTableLib.obj
 0002:00000148       ??_C@_0BN@COECPDCC@gImageHandle?5?$CB?$DN?5?$CI?$CIvoid?5?$CK?$CJ?50?$CJ?$AA@ 00000000000006c8     UefiBootServicesTableLib:UefiBootServicesTableLib.obj
 0002:00000170       ??_C@_0EM@DLKNJEFG@q?3?2MdePkg?2Library?2UefiRuntimeSer@ 00000000000006f0     UefiRuntimeServicesTableLib:UefiRuntimeServicesTableLib.obj
 0002:000001c0       ??_C@_0BE@OBDFIHND@gRT?5?$CB?$DN?5?$CI?$CIvoid?5?$CK?$CJ?50?$CJ?$AA@ 0000000000000740     UefiRuntimeServicesTableLib:UefiRuntimeServicesTableLib.obj
 0002:000001d8       gImageHandle               0000000000000758     UefiBootServicesTableLib:UefiBootServicesTableLib.obj
 0002:000001e0       gST                        0000000000000760     UefiBootServicesTableLib:UefiBootServicesTableLib.obj
 0002:000001e8       gBS                        0000000000000768     UefiBootServicesTableLib:UefiBootServicesTableLib.obj
 0002:000001f0       gRT                        0000000000000770     UefiRuntimeServicesTableLib:UefiRuntimeServicesTableLib.obj

 entry point at        0001:00000000

 Static symbols

