 DnsDxe

 Timestamp is 620cbe0b (Wed Feb 16 17:04:11 2022)

 Preferred load address is 00010000

 Start         Length     Name                   Class
 0001:00000000 00007c13H .text                   CODE
 0002:00000000 00001e5fH .rdata                  DATA
 0002:00001e60 00000066H .rdata$debug            DATA
 0003:00000000 0000033cH .data                   DATA
 0003:0000033c 00000034H .bss                    DATA
 0004:00000000 0000004eH .edata                  DATA

  Address         Publics by Value              Rva+Base       Lib:Object

 0001:00000000       __DriverUnloadHandler      00011000 f   UefiDriverEntryPoint:DriverEntryPoint.obj
 0001:00000024       __ModuleEntryPoint         00011024 f   UefiDriverEntryPoint:DriverEntryPoint.obj
 0001:0000009a       _ProcessLibraryConstructorList 0001109a f   DnsDxe:AutoGen.obj
 0001:000002b1       _ProcessLibraryDestructorList 000112b1 f   DnsDxe:AutoGen.obj
 0001:000002f9       _DnsDestroyInstance        000112f9 f   DnsDxe:DnsDriver.obj
 0001:0000035d       _DnsCreateInstance         0001135d f   DnsDxe:DnsDriver.obj
 0001:0000041a       _DnsDestroyChildEntryInHandleBuffer 0001141a f   DnsDxe:DnsDriver.obj
 0001:0000048b       _DnsConfigNullUdp          0001148b f   DnsDxe:DnsDriver.obj
 0001:0000048e       _DnsDestroyService         0001148e f   DnsDxe:DnsDriver.obj
 0001:000004c2       _DnsCreateService          000114c2 f   DnsDxe:DnsDriver.obj
 0001:00000604       _DnsUnload                 00011604 f   DnsDxe:DnsDriver.obj
 0001:00000729       _DnsDriverEntryPoint       00011729 f   DnsDxe:DnsDriver.obj
 0001:00000887       _Dns4DriverBindingSupported 00011887 f   DnsDxe:DnsDriver.obj
 0001:000008d7       _Dns4DriverBindingStart    000118d7 f   DnsDxe:DnsDriver.obj
 0001:0000096d       _Dns4DriverBindingStop     0001196d f   DnsDxe:DnsDriver.obj
 0001:00000a63       _Dns6DriverBindingSupported 00011a63 f   DnsDxe:DnsDriver.obj
 0001:00000ab3       _Dns6DriverBindingStart    00011ab3 f   DnsDxe:DnsDriver.obj
 0001:00000b49       _Dns6DriverBindingStop     00011b49 f   DnsDxe:DnsDriver.obj
 0001:00000c3f       _Dns4ServiceBindingCreateChild 00011c3f f   DnsDxe:DnsDriver.obj
 0001:00000dcf       _Dns4ServiceBindingDestroyChild 00011dcf f   DnsDxe:DnsDriver.obj
 0001:00000f46       _Dns6ServiceBindingCreateChild 00011f46 f   DnsDxe:DnsDriver.obj
 0001:000010d6       _Dns6ServiceBindingDestroyChild 000120d6 f   DnsDxe:DnsDriver.obj
 0001:0000124d       _Dns4RemoveTokenEntry      0001224d f   DnsDxe:DnsImpl.obj
 0001:0000124d       _Dns6RemoveTokenEntry      0001224d f   DnsDxe:DnsImpl.obj
 0001:00001272       _Dns4CancelTokens          00012272 f   DnsDxe:DnsImpl.obj
 0001:000012dd       _Dns6CancelTokens          000122dd f   DnsDxe:DnsImpl.obj
 0001:00001348       _Dns4InstanceCancelToken   00012348 f   DnsDxe:DnsImpl.obj
 0001:000013d5       _Dns6InstanceCancelToken   000123d5 f   DnsDxe:DnsImpl.obj
 0001:00001462       _Dns4CopyConfigure         00012462 f   DnsDxe:DnsImpl.obj
 0001:000014dc       _Dns6CopyConfigure         000124dc f   DnsDxe:DnsImpl.obj
 0001:0000155c       _DnsDummyExtFree           0001255c f   DnsDxe:DnsImpl.obj
 0001:0000155d       _Dns4GetMapping            0001255d f   DnsDxe:DnsImpl.obj
 0001:000015fd       _Dns4ConfigUdp             000125fd f   DnsDxe:DnsImpl.obj
 0001:0000168c       _Dns6ConfigUdp             0001268c f   DnsDxe:DnsImpl.obj
 0001:00001786       _UpdateDns4Cache           00012786 f   DnsDxe:DnsImpl.obj
 0001:00001869       _UpdateDns6Cache           00012869 f   DnsDxe:DnsImpl.obj
 0001:0000194c       _AddDns4ServerIp           0001294c f   DnsDxe:DnsImpl.obj
 0001:000019b2       _AddDns6ServerIp           000129b2 f   DnsDxe:DnsImpl.obj
 0001:00001a18       _IsValidDnsResponse        00012a18 f   DnsDxe:DnsImpl.obj
 0001:00001a9b       _ParseDnsResponse          00012a9b f   DnsDxe:DnsImpl.obj
 0001:000020ec       _DnsOnPacketReceived       000130ec f   DnsDxe:DnsImpl.obj
 0001:0000219a       _DnsOnPacketSent           0001319a f   DnsDxe:DnsImpl.obj
 0001:0000221b       _DoDnsQuery                0001321b f   DnsDxe:DnsImpl.obj
 0001:00002248       _ConstructDNSQueryIp       00013248 f   DnsDxe:DnsImpl.obj
 0001:00002356       _DnsRetransmit             00013356 f   DnsDxe:DnsImpl.obj
 0001:000023b0       _DnsOnTimerRetransmit      000133b0 f   DnsDxe:DnsImpl.obj
 0001:0000250c       _DnsOnTimerUpdate          0001350c f   DnsDxe:DnsImpl.obj
 0001:0000257c       _DnsComponentNameGetDriverName 0001357c f   DnsDxe:ComponentName.obj
 0001:000025a6       _UpdateDns4Name            000135a6 f   DnsDxe:ComponentName.obj
 0001:000027a4       _UpdateDns6Name            000137a4 f   DnsDxe:ComponentName.obj
 0001:000029b8       _DnsComponentNameGetControllerName 000139b8 f   DnsDxe:ComponentName.obj
 0001:00002a7d       _Dns4GetModeData           00013a7d f   DnsDxe:DnsProtocol.obj
 0001:00002c17       _Dns4Configure             00013c17 f   DnsDxe:DnsProtocol.obj
 0001:00002e4a       _Dns4HostNameToIp          00013e4a f   DnsDxe:DnsProtocol.obj
 0001:000030a5       _Dns4UpdateDnsCache        000140a5 f   DnsDxe:DnsProtocol.obj
 0001:00003102       _Dns4Poll                  00014102 f   DnsDxe:DnsProtocol.obj
 0001:00003163       _Dns4Cancel                00014163 f   DnsDxe:DnsProtocol.obj
 0001:000031d4       _Dns6GetModeData           000141d4 f   DnsDxe:DnsProtocol.obj
 0001:00003372       _Dns6Configure             00014372 f   DnsDxe:DnsProtocol.obj
 0001:000035b8       _Dns6HostNameToIp          000145b8 f   DnsDxe:DnsProtocol.obj
 0001:0000381e       _Dns4IpToHostName          0001481e f   DnsDxe:DnsProtocol.obj
 0001:0000381e       _Dns4GeneralLookUp         0001481e f   DnsDxe:DnsProtocol.obj
 0001:0000381e       _Dns6IpToHostName          0001481e f   DnsDxe:DnsProtocol.obj
 0001:0000381e       _Dns6GeneralLookUp         0001481e f   DnsDxe:DnsProtocol.obj
 0001:00003824       _Dns6UpdateDnsCache        00014824 f   DnsDxe:DnsProtocol.obj
 0001:00003881       _Dns6Poll                  00014881 f   DnsDxe:DnsProtocol.obj
 0001:000038e2       _Dns6Cancel                000148e2 f   DnsDxe:DnsProtocol.obj
 0001:00003953       _TimeoutToGetMap           00014953 f   DnsDxe:DnsDhcp.obj
 0001:0000395b       _DnsStartIp4               0001495b f   DnsDxe:DnsDhcp.obj
 0001:00003ab7       _DnsInitSeedPacket         00014ab7 f   DnsDxe:DnsDhcp.obj
 0001:00003b0d       _DhcpCommonNotify          00014b0d f   DnsDxe:DnsDhcp.obj
 0001:00003b20       _ParseDhcp4Ack             00014b20 f   DnsDxe:DnsDhcp.obj
 0001:00003c35       _ParseDhcp6Ack             00014c35 f   DnsDxe:DnsDhcp.obj
 0001:00003d66       _GetDns4ServerFromDhcp4    00014d66 f   DnsDxe:DnsDhcp.obj
 0001:000042ae       _GetDns6ServerFromDhcp6    000152ae f   DnsDxe:DnsDhcp.obj
 0001:000044b1       _UdpIoFreeTxToken          000154b1 f   DxeUpdIoLib:DxeUdpIoLib.obj
 0001:000044eb       _UdpIoFreeRxToken          000154eb f   DxeUpdIoLib:DxeUdpIoLib.obj
 0001:00004525       _UdpIoOnDgramSentDpc       00015525 f   DxeUpdIoLib:DxeUdpIoLib.obj
 0001:0000458c       _UdpIoOnDgramSent          0001558c f   DxeUpdIoLib:DxeUdpIoLib.obj
 0001:000045a3       _UdpIoRecycleDgram         000155a3 f   DxeUpdIoLib:DxeUdpIoLib.obj
 0001:000045e7       _UdpIoOnDgramRcvdDpc       000155e7 f   DxeUpdIoLib:DxeUdpIoLib.obj
 0001:0000479e       _UdpIoOnDgramRcvd          0001579e f   DxeUpdIoLib:DxeUdpIoLib.obj
 0001:000047b5       _UdpIoCreateRxToken        000157b5 f   DxeUpdIoLib:DxeUdpIoLib.obj
 0001:00004843       _UdpIoCreateTxToken        00015843 f   DxeUpdIoLib:DxeUdpIoLib.obj
 0001:00004967       _UdpIoCreateIo             00015967 f   DxeUpdIoLib:DxeUdpIoLib.obj
 0001:00004b1b       _UdpIoCancelDgrams         00015b1b f   DxeUpdIoLib:DxeUdpIoLib.obj
 0001:00004b90       _UdpIoFreeIo               00015b90 f   DxeUpdIoLib:DxeUdpIoLib.obj
 0001:00004c64       _UdpIoCleanIo              00015c64 f   DxeUpdIoLib:DxeUdpIoLib.obj
 0001:00004cd8       _UdpIoSendDatagram         00015cd8 f   DxeUpdIoLib:DxeUdpIoLib.obj
 0001:00004d65       _UdpIoCancelSingleDgram    00015d65 f   DxeUpdIoLib:DxeUdpIoLib.obj
 0001:00004d74       _UdpIoRecvDatagram         00015d74 f   DxeUpdIoLib:DxeUdpIoLib.obj
 0001:00004dfd       _DebugPrint                00015dfd f   PeiDxeDebugLibReportStatusCode:DebugLib.obj
 0001:00004f75       _DebugAssert               00015f75 f   PeiDxeDebugLibReportStatusCode:DebugLib.obj
 0001:00005021       _InternalAllocatePool      00016021 f   UefiMemoryAllocationLib:MemoryAllocationLib.obj
 0001:00005046       _InternalAllocateZeroPool  00016046 f   UefiMemoryAllocationLib:MemoryAllocationLib.obj
 0001:00005061       _InternalAllocateCopyPool  00016061 f   UefiMemoryAllocationLib:MemoryAllocationLib.obj
 0001:000050bd       _FreePool                  000160bd f   UefiMemoryAllocationLib:MemoryAllocationLib.obj
 0001:000050f6       _CopyMem                   000160f6 f   BaseMemoryLibOptDxe:CopyMemWrapper.obj
 0001:00005153       _ZeroMem                   00016153 f   BaseMemoryLibOptDxe:ZeroMemWrapper.obj
 0001:00005199       _CompareMem                00016199 f   BaseMemoryLibOptDxe:CompareMemWrapper.obj
 0001:00005220       _SetMem                    00016220 f   BaseMemoryLibOptDxe:SetMemWrapper.obj
 0001:00005255       _InternalBaseLibIsNodeInList 00016255 f   BaseLib:LinkedList.obj
 0001:000052dd       _InitializeListHead        000162dd f   BaseLib:LinkedList.obj
 0001:00005300       _InsertHeadList            00016300 f   BaseLib:LinkedList.obj
 0001:00005335       _InsertTailList            00016335 f   BaseLib:LinkedList.obj
 0001:0000536b       _GetFirstNode              0001636b f   BaseLib:LinkedList.obj
 0001:00005394       _IsListEmpty               00016394 f   BaseLib:LinkedList.obj
 0001:000053c0       _IsNull                    000163c0 f   BaseLib:LinkedList.obj
 0001:000053f1       _RemoveEntryList           000163f1 f   BaseLib:LinkedList.obj
 0001:00005427       _StrLen                    00016427 f   BaseLib:String.obj
 0001:00005492       _StrCmp                    00016492 f   BaseLib:String.obj
 0001:00005503       _AsciiStrLen               00016503 f   BaseLib:String.obj
 0001:00005550       _AsciiStrnCmp              00016550 f   BaseLib:String.obj
 0001:000055e3       _SwapBytes32               000165e3 f   BaseLib:SwapBytes32.obj
 0001:000055fc       _MultU64x32                000165fc f   BaseLib:MultU64x32.obj
 0001:00005624       _InternalSafeStringNoStrOverlap 00016624 f   BaseLib:SafeString.obj
 0001:00005648       _InternalSafeStringNoAsciiStrOverlap 00016648 f   BaseLib:SafeString.obj
 0001:0000566c       _StrnLenS                  0001666c f   BaseLib:SafeString.obj
 0001:000056a2       _StrCpyS                   000166a2 f   BaseLib:SafeString.obj
 0001:00005793       _AsciiStrnLenS             00016793 f   BaseLib:SafeString.obj
 0001:000057ad       _AsciiStrCpyS              000167ad f   BaseLib:SafeString.obj
 0001:00005868       _DevicePathFromHandle      00016868 f   UefiDevicePathLibDevicePathProtocol:UefiDevicePathLib.obj
 0001:00005890       _UnicodeSPrint             00016890 f   BasePrintLib:PrintLib.obj
 0001:000058e7       _BasePrintLibFillBuffer    000168e7 f   BasePrintLib:PrintLibInternal.obj
 0001:00005913       _BasePrintLibValueToString 00016913 f   BasePrintLib:PrintLibInternal.obj
 0001:00005971       _BasePrintLibSPrintMarker  00016971 f   BasePrintLib:PrintLibInternal.obj
 0001:000063fb       _BasePrintLibSPrint        000173fb f   BasePrintLib:PrintLibInternal.obj
 0001:0000641a       _CompareIso639LanguageCode 0001741a f   UefiLib:UefiLib.obj
 0001:00006436       _EfiGetSystemConfigurationTable 00017436 f   UefiLib:UefiLib.obj
 0001:00006491       _EfiTestChildHandle        00017491 f   UefiLib:UefiLib.obj
 0001:00006515       _LookupUnicodeString2      00017515 f   UefiLib:UefiLib.obj
 0001:0000660a       _AddUnicodeString2         0001760a f   UefiLib:UefiLib.obj
 0001:000067a2       _FreeUnicodeStringTable    000177a2 f   UefiLib:UefiLib.obj
 0001:000067e3       _EfiLibInstallDriverBindingComponentName2 000177e3 f   UefiLib:UefiDriverModel.obj
 0001:0000686e       _GetHobList                0001786e f   DxeHobLib:HobLib.obj
 0001:00006891       _GetNextHob                00017891 f   DxeHobLib:HobLib.obj
 0001:000068d0       _GetDebugPrintErrorLevel   000178d0 f   DxeDebugPrintErrorLevelLib:DxeDebugPrintErrorLevelLib.obj
 0001:000069be       _GetDebugMask              000179be f   DxeDebugPrintErrorLevelLib:DxeDebugPrintErrorLevelLib.obj
 0001:000069d7       _SetDebugMask              000179d7 f   DxeDebugPrintErrorLevelLib:DxeDebugPrintErrorLevelLib.obj
 0001:000069e3       _DispatchDpc               000179e3 f   DxeDpcLib:DpcLib.obj
 0001:000069ee       _NetIp4IsUnicast           000179ee f   DxeNetLib:DxeNetLib.obj
 0001:00006a58       _Ip6Swap128                00017a58 f   DxeNetLib:DxeNetLib.obj
 0001:00006ab8       _NetRandomInitSeed         00017ab8 f   DxeNetLib:DxeNetLib.obj
 0001:00006b14       _NetListRemoveHead         00017b14 f   DxeNetLib:DxeNetLib.obj
 0001:00006b50       _NetDestroyLinkList        00017b50 f   DxeNetLib:DxeNetLib.obj
 0001:00006be6       _NetMapInit                00017be6 f   DxeNetLib:DxeNetLib.obj
 0001:00006c17       _NetMapIsEmpty             00017c17 f   DxeNetLib:DxeNetLib.obj
 0001:00006c3a       _NetMapAllocItem           00017c3a f   DxeNetLib:DxeNetLib.obj
 0001:00006c9a       _NetMapInsertTail          00017c9a f   DxeNetLib:DxeNetLib.obj
 0001:00006ce5       _NetMapFindKey             00017ce5 f   DxeNetLib:DxeNetLib.obj
 0001:00006d16       _NetMapRemoveItem          00017d16 f   DxeNetLib:DxeNetLib.obj
 0001:00006d75       _NetMapIterate             00017d75 f   DxeNetLib:DxeNetLib.obj
 0001:00006dc9       _NetLibDefaultUnload       00017dc9 f   DxeNetLib:DxeNetLib.obj
 0001:00006f02       _NetLibCreateServiceChild  00017f02 f   DxeNetLib:DxeNetLib.obj
 0001:00006f5a       _NetLibDestroyServiceChild 00017f5a f   DxeNetLib:DxeNetLib.obj
 0001:00006fad       _NetLibGetSnpHandle        00017fad f   DxeNetLib:DxeNetLib.obj
 0001:00007038       _NetLibDetectMedia         00018038 f   DxeNetLib:DxeNetLib.obj
 0001:000071f4       _NetLibGetNicHandle        000181f4 f   DxeNetLib:DxeNetLib.obj
 0001:00007252       _NetLibIp6ToStr            00018252 f   DxeNetLib:DxeNetLib.obj
 0001:0000739b       _NetbufAllocStruct         0001839b f   DxeNetLib:NetBuffer.obj
 0001:00007423       _NetbufFreeVector          00018423 f   DxeNetLib:NetBuffer.obj
 0001:000074c8       _NetbufFree                000184c8 f   DxeNetLib:NetBuffer.obj
 0001:00007531       _NetbufGetByte             00018531 f   DxeNetLib:NetBuffer.obj
 0001:00007589       _NetbufSetBlock            00018589 f   DxeNetLib:NetBuffer.obj
 0001:0000761b       _NetbufFromExt             0001861b f   DxeNetLib:NetBuffer.obj
 0001:000077f0       _NetbufBuildExt            000187f0 f   DxeNetLib:NetBuffer.obj
 0001:00007833       _InternalGetReportStatusCode 00018833 f   DxeReportStatusCodeLib:ReportStatusCodeLib.obj
 0001:0000786c       _InternalReportStatusCode  0001886c f   DxeReportStatusCodeLib:ReportStatusCodeLib.obj
 0001:0000789e       _ReportStatusCodeEx        0001889e f   DxeReportStatusCodeLib:ReportStatusCodeLib.obj
 0001:00007a11       _CompareGuid               00018a11 f   BaseMemoryLibOptDxe:MemLibGuid.obj
 0001:00007a6d       _ReadUnaligned16           00018a6d f   BaseLib:Unaligned.obj
 0001:00007a89       _ReadUnaligned24           00018a89 f   BaseLib:Unaligned.obj
 0001:00007aa9       _ReadUnaligned64           00018aa9 f   BaseLib:Unaligned.obj
 0001:00007aca       _WriteUnaligned64          00018aca f   BaseLib:Unaligned.obj
 0001:00007b00       _InternalMemCopyMem        00018b00 f   BaseMemoryLibOptDxe:CopyMem.obj
 0001:00007b70       _InternalMemZeroMem        00018b70 f   BaseMemoryLibOptDxe:ZeroMem.obj
 0001:00007b90       _InternalMemCompareMem     00018b90 f   BaseMemoryLibOptDxe:CompareMem.obj
 0001:00007bb0       _InternalMemSetMem         00018bb0 f   BaseMemoryLibOptDxe:SetMem.obj
 0001:00007bdc       _InternalMemSetMem32       00018bdc f   BaseMemoryLibOptDxe:SetMem32.obj
 0001:00007bf4       _InternalMemSetMem64       00018bf4 f   BaseMemoryLibOptDxe:SetMem64.obj
 0002:0000001c       ??_C@_0CB@DMEJJJHA@?6ASSERT_EFI_ERROR?5?$CIStatus?5?$DN?5?$CFr?$CJ?6@ 0001901c     UefiDriverEntryPoint:DriverEntryPoint.obj
 0002:00000040       ??_C@_0BE@DCHLEIGN@?$CBEFI_ERROR?5?$CIStatus?$CJ?$AA@ 00019040     UefiDriverEntryPoint:DriverEntryPoint.obj
 0002:00000054       ??_C@_0DK@LAIDJKKD@q?3?2MdePkg?2Library?2UefiDriverEntr@ 00019054     UefiDriverEntryPoint:DriverEntryPoint.obj
 0002:00000090       ??_C@_0EN@JBHKKDCO@q?3?2Build?2NT32IA32?2DEBUG_DEVTLS?2I@ 00019090     DnsDxe:AutoGen.obj
 0002:000000e0       __gUefiDriverRevision      000190e0     DnsDxe:AutoGen.obj
 0002:000000e4       ??_C@_0BF@NDBIKIKC@CR?5has?5Bad?5Signature?$AA@ 000190e4     DnsDxe:DnsDriver.obj
 0002:000000fc       ??_C@_0CB@FNGHFOCJ@q?3?2NetworkPkg?2DnsDxe?2DnsDriver?4c@ 000190fc     DnsDxe:DnsDriver.obj
 0002:00000120       ??_C@_0BG@GEJAOBGJ@DnsSb?5?$CB?$DN?5?$CI?$CIvoid?5?$CK?$CJ?50?$CJ?$AA@ 00019120     DnsDxe:DnsDriver.obj
 0002:00000138       ??_C@_0BJ@DCFLLLOA@Instance?5?$CB?$DN?5?$CI?$CIvoid?5?$CK?$CJ?50?$CJ?$AA@ 00019138     DnsDxe:DnsDriver.obj
 0002:00000158       ??_C@_0FA@KKIJACIF@?$CITokenEntry?5?$CB?$DN?5?$CI?$CIvoid?5?$CK?$CJ?50?$CJ?$CJ?5?$HM?$HM?5@ 00019158     DnsDxe:DnsImpl.obj
 0002:000001a8       ??_C@_0BP@HHBBBBFC@q?3?2NetworkPkg?2DnsDxe?2DnsImpl?4c?$AA@ 000191a8     DnsDxe:DnsImpl.obj
 0002:000001c8       ??_C@_0FA@EGLCJMBK@?$CITokenEntry?5?$CB?$DN?5?$CI?$CIvoid?5?$CK?$CJ?50?$CJ?$CJ?5?$HM?$HM?5@ 000191c8     DnsDxe:DnsImpl.obj
 0002:00000218       ??_C@_0CI@FHJBAPML@Instance?9?$DODns4CfgData?4UseDefault@ 00019218     DnsDxe:DnsImpl.obj
 0002:00000240       ??_C@_0BJ@DGIDDJBJ@TxString?5?$CB?$DN?5?$CI?$CIvoid?5?$CK?$CJ?50?$CJ?$AA@ 00019240     DnsDxe:DnsImpl.obj
 0002:0000025c       ??_C@_0BF@FKFMMCLD@Item?5?$CB?$DN?5?$CI?$CIvoid?5?$CK?$CJ?50?$CJ?$AA@ 0001925c     DnsDxe:DnsImpl.obj
 0002:00000274       ??_C@_0DH@PIMDPBNN@Dns4TokenEntry?9?$DOToken?9?$DORspData?4H@ 00019274     DnsDxe:DnsImpl.obj
 0002:000002ac       ??_C@_0DP@ECAJPOAA@Dns4TokenEntry?9?$DOToken?9?$DORspData?4H@ 000192ac     DnsDxe:DnsImpl.obj
 0002:000002ec       ??_C@_0DH@CLFKAJMH@Dns6TokenEntry?9?$DOToken?9?$DORspData?4H@ 000192ec     DnsDxe:DnsImpl.obj
 0002:00000324       ??_C@_0DP@MNPOFFP@Dns6TokenEntry?9?$DOToken?9?$DORspData?4H@ 00019324     DnsDxe:DnsImpl.obj
 0002:00000364       ??_C@_0CH@JNIJPHDD@?$CI?$CK?$CIUINT8?5?$CK?$CJ?5AnswerName?5?$CG?50xC0?$CJ?5?$DN@ 00019364     DnsDxe:DnsImpl.obj
 0002:0000038c       ??_C@_0BK@GOFHLIFC@AnswerSection?9?$DOClass?5?$DN?$DN?51?$AA@ 0001938c     DnsDxe:DnsImpl.obj
 0002:000003a8       ??_C@_0BP@PDMCBIGC@AnswerSection?9?$DODataLength?5?$DN?$DN?54?$AA@ 000193a8     DnsDxe:DnsImpl.obj
 0002:000003c8       ??_C@_0BP@LAAOBGGA@Dns4CacheEntry?5?$CB?$DN?5?$CI?$CIvoid?5?$CK?$CJ?50?$CJ?$AA@ 000193c8     DnsDxe:DnsImpl.obj
 0002:000003e8       ??_C@_0CJ@BNEHNGDG@Dns4CacheEntry?9?$DOHostName?5?$CB?$DN?5?$CI?$CIvo@ 000193e8     DnsDxe:DnsImpl.obj
 0002:00000414       ??_C@_0CK@LNCEOPHB@Dns4CacheEntry?9?$DOIpAddress?5?$CB?$DN?5?$CI?$CIv@ 00019414     DnsDxe:DnsImpl.obj
 0002:00000440       ??_C@_0CA@CMJIJBPC@AnswerSection?9?$DODataLength?5?$DN?$DN?516?$AA@ 00019440     DnsDxe:DnsImpl.obj
 0002:00000460       ??_C@_0BP@LDGFOMFK@Dns6CacheEntry?5?$CB?$DN?5?$CI?$CIvoid?5?$CK?$CJ?50?$CJ?$AA@ 00019460     DnsDxe:DnsImpl.obj
 0002:00000480       ??_C@_0CJ@NNCHCLLD@Dns6CacheEntry?9?$DOHostName?5?$CB?$DN?5?$CI?$CIvo@ 00019480     DnsDxe:DnsImpl.obj
 0002:000004ac       ??_C@_0CK@CADGPICD@Dns6CacheEntry?9?$DOIpAddress?5?$CB?$DN?5?$CI?$CIv@ 000194ac     DnsDxe:DnsImpl.obj
 0002:000004d8       ??_C@_0HD@DBOECBAF@?$CI?$CIInstance?$CJ?5?$CB?$DN?5?$CI?$CIvoid?5?$CK?$CJ?50?$CJ?$CJ?5?$CG?$CG?5@ 000194d8     DnsDxe:DnsImpl.obj
 0002:0000054c       ??_C@_0BH@CELONLOG@Packet?5?$CB?$DN?5?$CI?$CIvoid?5?$CK?$CJ?50?$CJ?$AA@ 0001954c     DnsDxe:DnsImpl.obj
 0002:00000564       ??_C@_0BK@EPDLAFGE@RcvString?5?$CB?$DN?5?$CI?$CIvoid?5?$CK?$CJ?50?$CJ?$AA@ 00019564     DnsDxe:DnsImpl.obj
 0002:00000580       ??_C@_0BH@IACGKAP@Buffer?5?$CB?$DN?5?$CI?$CIvoid?5?$CK?$CJ?50?$CJ?$AA@ 00019580     DnsDxe:DnsImpl.obj
 0002:00000598       ??_C@_1DG@DOMDBBAF@?$AAD?$AAN?$AAS?$AA?5?$AAN?$AAe?$AAt?$AAw?$AAo?$AAr?$AAk?$AA?5?$AAS?$AAe?$AAr?$AAv?$AAi?$AAc?$AAe?$AA?5?$AAD?$AAr?$AAi?$AAv?$AAe?$AAr?$AA?$AA@ 00019598     DnsDxe:ComponentName.obj
 0002:000005d0       ??_C@_06DALJLGPG@eng?$DLen?$AA@ 000195d0     DnsDxe:ComponentName.obj
 0002:000005d8       ??_C@_02LFNMGJAP@en?$AA@   000195d8     DnsDxe:ComponentName.obj
 0002:000005dc       ??_C@_03LKLGDMJI@eng?$AA@  000195dc     DnsDxe:ComponentName.obj
 0002:000005e0       ??_C@_1FI@IKOCEHAN@?$AAD?$AAN?$AAS?$AAv?$AA4?$AA?5?$AA?$CI?$AAS?$AAt?$AAa?$AAt?$AAi?$AAo?$AAn?$AAI?$AAp?$AA?$DN?$AA?$CF?$AAd?$AA?4?$AA?$CF?$AAd?$AA?4?$AA?$CF?$AAd?$AA?4?$AA?$CF?$AAd?$AA?0?$AA?5?$AAL?$AAo@ 000195e0     DnsDxe:ComponentName.obj
 0002:00000638       ??_C@_1EG@DLOFEDHM@?$AAD?$AAN?$AAS?$AAv?$AA6?$AA?5?$AA?$CI?$AAS?$AAt?$AAa?$AAt?$AAi?$AAo?$AAn?$AAI?$AAp?$AA?$DN?$AA?$CF?$AAs?$AA?0?$AA?5?$AAL?$AAo?$AAc?$AAa?$AAl?$AAP?$AAo?$AAr?$AAt?$AA?$DN?$AA?$CF@ 00019638     DnsDxe:ComponentName.obj
 0002:00000680       ??_C@_0CD@MKIMMLJA@q?3?2NetworkPkg?2DnsDxe?2DnsProtocol@ 00019680     DnsDxe:DnsProtocol.obj
 0002:000006a4       ??_C@_0BL@MGDFFAAM@ServerList?5?$CB?$DN?5?$CI?$CIvoid?5?$CK?$CJ?50?$CJ?$AA@ 000196a4     DnsDxe:DnsProtocol.obj
 0002:000006c0       ??_C@_0BK@CBOBJFBG@CacheList?5?$CB?$DN?5?$CI?$CIvoid?5?$CK?$CJ?50?$CJ?$AA@ 000196c0     DnsDxe:DnsProtocol.obj
 0002:000006dc       ??_C@_0BC@FEDIJHFF@?$CI?$CIBOOLEAN?$CJ?$CI0?$DN?$DN1?$CJ?$CJ?$AA@ 000196dc     DxeUpdIoLib:DxeUdpIoLib.obj
 0002:000006f0       ??_C@_0DC@BBPFFFCE@q?3?2MdeModulePkg?2Library?2DxeUdpIo@ 000196f0     DxeUpdIoLib:DxeUdpIoLib.obj
 0002:00000728       ??_C@_0EM@EAGAKEAM@TxToken?9?$DOSignature?5?$DN?$DN?5?$CI?$CI?$CI?8U?8?$CJ?5?$HM?5@ 00019728     DxeUpdIoLib:DxeUdpIoLib.obj
 0002:00000778       ??_C@_0EH@KJFEHACH@?$CITxToken?9?$DOUdpIo?9?$DOUdpVersion?5?$DN?$DN?54@ 00019778     DxeUpdIoLib:DxeUdpIoLib.obj
 0002:000007c0       ??_C@_0HK@DPEALHJD@?$CIRxToken?9?$DOSignature?5?$DN?$DN?5?$CI?$CI?$CI?8U?8?$CJ?5?$HM@ 000197c0     DxeUpdIoLib:DxeUdpIoLib.obj
 0002:00000840       ??_C@_0EH@BDFOIFDG@?$CIRxToken?9?$DOUdpIo?9?$DOUdpVersion?5?$DN?$DN?54@ 00019840     DxeUpdIoLib:DxeUdpIoLib.obj
 0002:00000888       ??_C@_0DF@JLEKKBEN@?$CIUdpIo?9?$DOUdpVersion?5?$DN?$DN?54?$CJ?5?$HM?$HM?5?$CIUdp@ 00019888     DxeUpdIoLib:DxeUdpIoLib.obj
 0002:000008c0       ??_C@_0BK@LIEJHLLP@Configure?5?$CB?$DN?5?$CI?$CIvoid?5?$CK?$CJ?50?$CJ?$AA@ 000198c0     DxeUpdIoLib:DxeUdpIoLib.obj
 0002:000008dc       ??_C@_0CH@NOKKLPOD@?$CIUdpVersion?5?$DN?$DN?54?$CJ?5?$HM?$HM?5?$CIUdpVersion@ 000198dc     DxeUpdIoLib:DxeUdpIoLib.obj
 0002:00000904       ??_C@_0BH@LKMBFCBF@Format?5?$CB?$DN?5?$CI?$CIvoid?5?$CK?$CJ?50?$CJ?$AA@ 00019904     PeiDxeDebugLibReportStatusCode:DebugLib.obj
 0002:00000920       ??_C@_0EN@CNOKPIHJ@q?3?2IntelFrameworkModulePkg?2Libra@ 00019920     PeiDxeDebugLibReportStatusCode:DebugLib.obj
 0002:00000970       ??_C@_0CI@HIINONDG@?$CICHAR8?5?$CK?$CJBaseListMarker?5?$DM?$DN?5Forma@ 00019970     PeiDxeDebugLibReportStatusCode:DebugLib.obj
 0002:00000998       ??_C@_0EA@JCDEKIGH@q?3?2MdePkg?2Library?2UefiMemoryAllo@ 00019998     UefiMemoryAllocationLib:MemoryAllocationLib.obj
 0002:000009d8       ??_C@_0DE@FCAJAHCJ@AllocationSize?5?$DM?$DN?5?$CI0xFFFFFFFF?5?9?5@ 000199d8     UefiMemoryAllocationLib:MemoryAllocationLib.obj
 0002:00000a0c       ??_C@_0DI@PHOMHDKH@?$CILength?5?9?51?$CJ?5?$DM?$DN?5?$CI0xFFFFFFFF?5?9?5?$CIU@ 00019a0c     BaseMemoryLibOptDxe:CopyMemWrapper.obj
 0002:00000a44       ??_C@_0DH@PIHDLFLO@q?3?2MdePkg?2Library?2BaseMemoryLibO@ 00019a44     BaseMemoryLibOptDxe:CopyMemWrapper.obj
 0002:00000a7c       ??_C@_0DD@DCDOHCDJ@?$CILength?5?9?51?$CJ?5?$DM?$DN?5?$CI0xFFFFFFFF?5?9?5?$CIU@ 00019a7c     BaseMemoryLibOptDxe:CopyMemWrapper.obj
 0002:00000ab0       ??_C@_0CI@MNELLLEK@?$CB?$CIBuffer?5?$DN?$DN?5?$CI?$CIvoid?5?$CK?$CJ?50?$CJ?5?$CG?$CG?5Leng@ 00019ab0     BaseMemoryLibOptDxe:ZeroMemWrapper.obj
 0002:00000ad8       ??_C@_0DH@EMNBNEHJ@q?3?2MdePkg?2Library?2BaseMemoryLibO@ 00019ad8     BaseMemoryLibOptDxe:ZeroMemWrapper.obj
 0002:00000b10       ??_C@_0CL@OBMFBPED@Length?5?$DM?$DN?5?$CI0xFFFFFFFF?5?9?5?$CIUINTN?$CJB@ 00019b10     BaseMemoryLibOptDxe:ZeroMemWrapper.obj
 0002:00000b3c       ??_C@_0CC@JOEHDGKB@DestinationBuffer?5?$CB?$DN?5?$CI?$CIvoid?5?$CK?$CJ?50@ 00019b3c     BaseMemoryLibOptDxe:CompareMemWrapper.obj
 0002:00000b60       ??_C@_0DK@BHHGEGGL@q?3?2MdePkg?2Library?2BaseMemoryLibO@ 00019b60     BaseMemoryLibOptDxe:CompareMemWrapper.obj
 0002:00000b9c       ??_C@_0BN@MDMCNBCC@SourceBuffer?5?$CB?$DN?5?$CI?$CIvoid?5?$CK?$CJ?50?$CJ?$AA@ 00019b9c     BaseMemoryLibOptDxe:CompareMemWrapper.obj
 0002:00000bbc       ??_C@_0CN@BPIPMCPJ@?$CILength?5?9?51?$CJ?5?$DM?$DN?5?$CI0xFFFFFFFF?5?9?5?$CIU@ 00019bbc     BaseMemoryLibOptDxe:SetMemWrapper.obj
 0002:00000bec       ??_C@_0DG@PPIPAFLB@q?3?2MdePkg?2Library?2BaseMemoryLibO@ 00019bec     BaseMemoryLibOptDxe:SetMemWrapper.obj
 0002:00000c24       ??_C@_0BF@NJNGJMPC@List?5?$CB?$DN?5?$CI?$CIvoid?5?$CK?$CJ?50?$CJ?$AA@ 00019c24     BaseLib:LinkedList.obj
 0002:00000c3c       ??_C@_0CH@NMOILDJB@q?3?2MdePkg?2Library?2BaseLib?2Linked@ 00019c3c     BaseLib:LinkedList.obj
 0002:00000c64       ??_C@_0CC@KDLPLAED@List?9?$DOForwardLink?5?$CB?$DN?5?$CI?$CIvoid?5?$CK?$CJ?50@ 00019c64     BaseLib:LinkedList.obj
 0002:00000c88       ??_C@_0BP@IJJCCMAK@List?9?$DOBackLink?5?$CB?$DN?5?$CI?$CIvoid?5?$CK?$CJ?50?$CJ?$AA@ 00019c88     BaseLib:LinkedList.obj
 0002:00000ca8       ??_C@_0BF@CBLMFKOC@Node?5?$CB?$DN?5?$CI?$CIvoid?5?$CK?$CJ?50?$CJ?$AA@ 00019ca8     BaseLib:LinkedList.obj
 0002:00000cc0       ??_C@_0DG@IMEFJFAE@Count?5?$DM?5_gPcd_FixedAtBuild_PcdMa@ 00019cc0     BaseLib:LinkedList.obj
 0002:00000cf8       ??_C@_0BJ@NJABNCDK@ListHead?5?$CB?$DN?5?$CI?$CIvoid?5?$CK?$CJ?50?$CJ?$AA@ 00019cf8     BaseLib:LinkedList.obj
 0002:00000d18       ??_C@_0EB@JGCKPMLP@InternalBaseLibIsNodeInList?5?$CILis@ 00019d18     BaseLib:LinkedList.obj
 0002:00000d5c       ??_C@_0DM@PHLIJEML@InternalBaseLibIsNodeInList?5?$CILis@ 00019d5c     BaseLib:LinkedList.obj
 0002:00000d98       ??_C@_0DM@NCFNNADL@InternalBaseLibIsNodeInList?5?$CILis@ 00019d98     BaseLib:LinkedList.obj
 0002:00000dd8       ??_C@_0EE@BFCMBGFO@InternalBaseLibIsNodeInList?5?$CILis@ 00019dd8     BaseLib:LinkedList.obj
 0002:00000e1c       ??_C@_0BF@NMBJJECB@?$CBIsListEmpty?5?$CIEntry?$CJ?$AA@ 00019e1c     BaseLib:LinkedList.obj
 0002:00000e34       ??_C@_0CD@OOJADBME@q?3?2MdePkg?2Library?2BaseLib?2String@ 00019e34     BaseLib:String.obj
 0002:00000e58       ??_C@_0CI@LLKACKFD@?$CI?$CIUINTN?$CJ?5Destination?5?$CG?50x0000000@ 00019e58     BaseLib:String.obj
 0002:00000e80       ??_C@_0BH@MAAHKCPC@String?5?$CB?$DN?5?$CI?$CIvoid?5?$CK?$CJ?50?$CJ?$AA@ 00019e80     BaseLib:String.obj
 0002:00000e98       ??_C@_0CD@BDCLIGHD@?$CI?$CIUINTN?$CJ?5String?5?$CG?50x00000001?$CJ?5?$DN?$DN@ 00019e98     BaseLib:String.obj
 0002:00000ebc       ??_C@_0DK@EOJCOAME@Length?5?$DM?5_gPcd_FixedAtBuild_PcdM@ 00019ebc     BaseLib:String.obj
 0002:00000ef8       ??_C@_0BL@JAAMOCAJ@StrSize?5?$CIFirstString?$CJ?5?$CB?$DN?50?$AA@ 00019ef8     BaseLib:String.obj
 0002:00000f14       ??_C@_0BM@DALBOILC@StrSize?5?$CISecondString?$CJ?5?$CB?$DN?50?$AA@ 00019f14     BaseLib:String.obj
 0002:00000f30       ??_C@_0DJ@JJHGIFMP@Length?5?$DM?$DN?5_gPcd_FixedAtBuild_Pcd@ 00019f30     BaseLib:String.obj
 0002:00000f6c       ??_C@_0DI@MDIKFADO@Length?5?$DM?5_gPcd_FixedAtBuild_PcdM@ 00019f6c     BaseLib:String.obj
 0002:00000fa4       ??_C@_0BL@IKFBNFIL@AsciiStrSize?5?$CIFirstString?$CJ?$AA@ 00019fa4     BaseLib:String.obj
 0002:00000fc0       ??_C@_0BM@EDNOKLLE@AsciiStrSize?5?$CISecondString?$CJ?$AA@ 00019fc0     BaseLib:String.obj
 0002:00000fdc       ??_C@_0CH@OOIJJKEI@q?3?2MdePkg?2Library?2BaseLib?2SafeSt@ 00019fdc     BaseLib:SafeString.obj
 0002:00001004       ??_C@_0CD@COCJPGE@?$CI?$CIUINTN?$CJ?5Source?5?$CG?50x00000001?$CJ?5?$DN?$DN@ 0001a004     BaseLib:SafeString.obj
 0002:00001028       ??_C@_0BO@ECNIOIHG@?$CIDestination?5?$CB?$DN?5?$CI?$CIvoid?5?$CK?$CJ?50?$CJ?$CJ?$AA@ 0001a028     BaseLib:SafeString.obj
 0002:00001048       ??_C@_0BJ@EAEEJIP@?$CISource?5?$CB?$DN?5?$CI?$CIvoid?5?$CK?$CJ?50?$CJ?$CJ?$AA@ 0001a048     BaseLib:SafeString.obj
 0002:00001064       ??_C@_0BG@EEGIIOKH@?$CIDestMax?5?$DO?5SourceLen?$CJ?$AA@ 0001a064     BaseLib:SafeString.obj
 0002:00001080       ??_C@_0FH@PPBLBDBJ@InternalSafeStringNoStrOverlap?5?$CI@ 0001a080     BaseLib:SafeString.obj
 0002:000010d8       ??_C@_0FL@CDANCHFO@InternalSafeStringNoAsciiStrOver@ 0001a0d8     BaseLib:SafeString.obj
 0002:00001134       ??_C@_0N@KGHEHMDL@Divisor?5?$CB?$DN?50?$AA@ 0001a134     BaseLib:DivU64x32.obj
 0002:00001144       ??_C@_0BN@COECPDCC@gImageHandle?5?$CB?$DN?5?$CI?$CIvoid?5?$CK?$CJ?50?$CJ?$AA@ 0001a144     UefiBootServicesTableLib:UefiBootServicesTableLib.obj
 0002:00001168       ??_C@_0EG@IHBEIGJL@q?3?2MdePkg?2Library?2UefiBootServic@ 0001a168     UefiBootServicesTableLib:UefiBootServicesTableLib.obj
 0002:000011b0       ??_C@_0BE@DGNHAHIL@gST?5?$CB?$DN?5?$CI?$CIvoid?5?$CK?$CJ?50?$CJ?$AA@ 0001a1b0     UefiBootServicesTableLib:UefiBootServicesTableLib.obj
 0002:000011c4       ??_C@_0BE@BDFJLGLN@gBS?5?$CB?$DN?5?$CI?$CIvoid?5?$CK?$CJ?50?$CJ?$AA@ 0001a1c4     UefiBootServicesTableLib:UefiBootServicesTableLib.obj
 0002:000011d8       ??_C@_0EK@PAKOFLDC@q?3?2MdePkg?2Library?2UefiDevicePath@ 0001a1d8     UefiDevicePathLibDevicePathProtocol:UefiDevicePathLib.obj
 0002:00001224       ??_C@_0DC@CNNBPJA@mDevicePathLibDevicePathUtilitie@ 0001a224     UefiDevicePathLibDevicePathProtocol:UefiDevicePathLib.obj
 0002:00001258       ??_C@_0CI@BGLNHBLM@?$CI?$CI?$CIUINTN?$CJ?5?$CIStartOfBuffer?$CJ?$CJ?5?$CG?50x0@ 0001a258     BasePrintLib:PrintLib.obj
 0002:00001280       ??_C@_0CK@LOLCLJPB@q?3?2MdePkg?2Library?2BasePrintLib?2P@ 0001a280     BasePrintLib:PrintLib.obj
 0002:000012ac       ??_C@_0CH@KJLBGOBB@?$CI?$CI?$CIUINTN?$CJ?5?$CIFormatString?$CJ?$CJ?5?$CG?50x01@ 0001a2ac     BasePrintLib:PrintLib.obj
 0002:000012d4       ??_C@_0BB@MFGDFIJM@Compromised?5Data?$AA@ 0001a2d4     BasePrintLib:PrintLibInternal.obj
 0002:000012e8       ??_C@_0BB@KFJAMCOC@Invalid?5Language?$AA@ 0001a2e8     BasePrintLib:PrintLibInternal.obj
 0002:000012fc       ??_C@_0M@FKGOBENP@End?5of?5File?$AA@ 0001a2fc     BasePrintLib:PrintLibInternal.obj
 0002:00001308       ??_C@_0O@GLPDOMCP@Reserved?5?$CI30?$CJ?$AA@ 0001a308     BasePrintLib:PrintLibInternal.obj
 0002:00001318       ??_C@_0O@NMJOLAMF@Reserved?5?$CI29?$CJ?$AA@ 0001a318     BasePrintLib:PrintLibInternal.obj
 0002:00001328       ??_C@_0N@JEJDHPO@End?5of?5Media?$AA@ 0001a328     BasePrintLib:PrintLibInternal.obj
 0002:00001338       ??_C@_09BOMAGJEG@CRC?5Error?$AA@ 0001a338     BasePrintLib:PrintLibInternal.obj
 0002:00001344       ??_C@_0BD@KHMPCIOG@Security?5Violation?$AA@ 0001a344     BasePrintLib:PrintLibInternal.obj
 0002:00001358       ??_C@_0BF@EHOBGFMI@Incompatible?5Version?$AA@ 0001a358     BasePrintLib:PrintLibInternal.obj
 0002:00001370       ??_C@_0P@NCJHBCLM@Protocol?5Error?$AA@ 0001a370     BasePrintLib:PrintLibInternal.obj
 0002:00001380       ??_C@_0L@DJKNJKHM@TFTP?5Error?$AA@ 0001a380     BasePrintLib:PrintLibInternal.obj
 0002:0000138c       ??_C@_0L@LKIFCMNO@ICMP?5Error?$AA@ 0001a38c     BasePrintLib:PrintLibInternal.obj
 0002:00001398       ??_C@_07LCKDCBKK@Aborted?$AA@ 0001a398     BasePrintLib:PrintLibInternal.obj
 0002:000013a0       ??_C@_0BA@IGIBFFPH@Already?5started?$AA@ 0001a3a0     BasePrintLib:PrintLibInternal.obj
 0002:000013b0       ??_C@_0M@DCJFAFHJ@Not?5started?$AA@ 0001a3b0     BasePrintLib:PrintLibInternal.obj
 0002:000013bc       ??_C@_08PAFJCNGP@Time?5out?$AA@ 0001a3bc     BasePrintLib:PrintLibInternal.obj
 0002:000013c8       ??_C@_0L@IFPBNFC@No?5mapping?$AA@ 0001a3c8     BasePrintLib:PrintLibInternal.obj
 0002:000013d4       ??_C@_0M@ENKCBFEP@No?5Response?$AA@ 0001a3d4     BasePrintLib:PrintLibInternal.obj
 0002:000013e0       ??_C@_0O@NFHOBIDO@Access?5Denied?$AA@ 0001a3e0     BasePrintLib:PrintLibInternal.obj
 0002:000013f0       ??_C@_09CFCBFJND@Not?5Found?$AA@ 0001a3f0     BasePrintLib:PrintLibInternal.obj
 0002:000013fc       ??_C@_0O@JNCJKCCD@Media?5changed?$AA@ 0001a3fc     BasePrintLib:PrintLibInternal.obj
 0002:0000140c       ??_C@_08KEGAJDNN@No?5Media?$AA@ 0001a40c     BasePrintLib:PrintLibInternal.obj
 0002:00001418       ??_C@_0M@HDLEPOFA@Volume?5Full?$AA@ 0001a418     BasePrintLib:PrintLibInternal.obj
 0002:00001424       ??_C@_0P@EIOJGIF@Volume?5Corrupt?$AA@ 0001a424     BasePrintLib:PrintLibInternal.obj
 0002:00001434       ??_C@_0BB@GOILNEAA@Out?5of?5Resources?$AA@ 0001a434     BasePrintLib:PrintLibInternal.obj
 0002:00001448       ??_C@_0BA@LNEDDFNB@Write?5Protected?$AA@ 0001a448     BasePrintLib:PrintLibInternal.obj
 0002:00001458       ??_C@_0N@HHEABDHO@Device?5Error?$AA@ 0001a458     BasePrintLib:PrintLibInternal.obj
 0002:00001468       ??_C@_09NKFGCIPN@Not?5Ready?$AA@ 0001a468     BasePrintLib:PrintLibInternal.obj
 0002:00001474       ??_C@_0BB@EGELJFOB@Buffer?5Too?5Small?$AA@ 0001a474     BasePrintLib:PrintLibInternal.obj
 0002:00001488       ??_C@_0BA@FLNMPMCF@Bad?5Buffer?5Size?$AA@ 0001a488     BasePrintLib:PrintLibInternal.obj
 0002:00001498       ??_C@_0M@BEECMOIL@Unsupported?$AA@ 0001a498     BasePrintLib:PrintLibInternal.obj
 0002:000014a4       ??_C@_0BC@HOFHKGJN@Invalid?5Parameter?$AA@ 0001a4a4     BasePrintLib:PrintLibInternal.obj
 0002:000014b8       ??_C@_0L@PLPBEPPC@Load?5Error?$AA@ 0001a4b8     BasePrintLib:PrintLibInternal.obj
 0002:000014c4       ??_C@_0BD@IFJNJCCO@Warning?5Stale?5Data?$AA@ 0001a4c4     BasePrintLib:PrintLibInternal.obj
 0002:000014d8       ??_C@_0BJ@ODIPDGHB@Warning?5Buffer?5Too?5Small?$AA@ 0001a4d8     BasePrintLib:PrintLibInternal.obj
 0002:000014f4       ??_C@_0BG@ECIJMOED@Warning?5Write?5Failure?$AA@ 0001a4f4     BasePrintLib:PrintLibInternal.obj
 0002:0000150c       ??_C@_0BH@GKKCJEPJ@Warning?5Delete?5Failure?$AA@ 0001a50c     BasePrintLib:PrintLibInternal.obj
 0002:00001524       ??_C@_0BG@CFJMNNJK@Warning?5Unknown?5Glyph?$AA@ 0001a524     BasePrintLib:PrintLibInternal.obj
 0002:0000153c       ??_C@_07PBILKAFL@Success?$AA@ 0001a53c     BasePrintLib:PrintLibInternal.obj
 0002:00001544       _mHexStr                   0001a544     BasePrintLib:PrintLibInternal.obj
 0002:00001558       _mStatusString             0001a558     BasePrintLib:PrintLibInternal.obj
 0002:000015f4       ??_C@_0DC@CHCEMEEB@q?3?2MdePkg?2Library?2BasePrintLib?2P@ 0001a5f4     BasePrintLib:PrintLibInternal.obj
 0002:00001628       ??_C@_0CB@NIHAJGJE@StrSize?5?$CI?$CICHAR16?5?$CK?$CJ?5Format?$CJ?5?$CB?$DN?50@ 0001a628     BasePrintLib:PrintLibInternal.obj
 0002:0000164c       ??_C@_0BL@BFEFANFD@AsciiStrSize?5?$CIFormat?$CJ?5?$CB?$DN?50?$AA@ 0001a64c     BasePrintLib:PrintLibInternal.obj
 0002:00001668       ??_C@_0O@MLOLIMFM@?$DMnull?5string?$DO?$AA@ 0001a668     BasePrintLib:PrintLibInternal.obj
 0002:00001678       ??_C@_0M@BJJDNPHK@?$DMnull?5guid?$DO?$AA@ 0001a678     BasePrintLib:PrintLibInternal.obj
 0002:00001684       ??_C@_0DB@PMLHLBMO@?$CF08x?9?$CF04x?9?$CF04x?9?$CF02x?$CF02x?9?$CF02x?$CF02x@ 0001a684     BasePrintLib:PrintLibInternal.obj
 0002:000016b8       ??_C@_0M@LHGBCIKM@?$DMnull?5time?$DO?$AA@ 0001a6b8     BasePrintLib:PrintLibInternal.obj
 0002:000016c4       ??_C@_0BK@FCPKCIDD@?$CF02d?1?$CF02d?1?$CF04d?5?5?$CF02d?3?$CF02d?$AA@ 0001a6c4     BasePrintLib:PrintLibInternal.obj
 0002:000016e0       ??_C@_04JIMNDDED@?$CF08X?$AA@ 0001a6e0     BasePrintLib:PrintLibInternal.obj
 0002:000016e8       ??_C@_02PCIJFNDE@?$AN?6?$AA@ 0001a6e8     BasePrintLib:PrintLibInternal.obj
 0002:000016ec       ??_C@_01LIIJDEN@?$AN?$AA@  0001a6ec     BasePrintLib:PrintLibInternal.obj
 0002:000016f0       ??_C@_0EM@FPGGOFNC@?$CI?$CI?$CIFlags?5?$CG?50x00000040?$CJ?5?$DN?$DN?50?$CJ?$CJ?5?$HM?$HM@ 0001a6f0     BasePrintLib:PrintLibInternal.obj
 0002:00001740       ??_C@_0EG@NFDMKACK@?$CI?$CI?$CIFlags?5?$CG?50x00000040?$CJ?5?$CB?$DN?50?$CJ?$CJ?5?$HM?$HM@ 0001a740     BasePrintLib:PrintLibInternal.obj
 0002:00001788       ??_C@_0BE@OBDFIHND@gRT?5?$CB?$DN?5?$CI?$CIvoid?5?$CK?$CJ?50?$CJ?$AA@ 0001a788     UefiRuntimeServicesTableLib:UefiRuntimeServicesTableLib.obj
 0002:000017a0       ??_C@_0EM@DLKNJEFG@q?3?2MdePkg?2Library?2UefiRuntimeSer@ 0001a7a0     UefiRuntimeServicesTableLib:UefiRuntimeServicesTableLib.obj
 0002:000017ec       ??_C@_0CE@KFLJGPMN@q?3?2MdePkg?2Library?2UefiLib?2UefiLi@ 0001a7ec     UefiLib:UefiLib.obj
 0002:00001810       ??_C@_0BN@HHGHCLME@ProtocolGuid?5?$CB?$DN?5?$CI?$CIvoid?5?$CK?$CJ?50?$CJ?$AA@ 0001a810     UefiLib:UefiLib.obj
 0002:00001830       ??_C@_0BO@MHFMIIAE@DriverBinding?5?$CB?$DN?5?$CI?$CIvoid?5?$CK?$CJ?50?$CJ?$AA@ 0001a830     UefiLib:UefiDriverModel.obj
 0002:00001850       ??_C@_0CM@BJEOHNPB@q?3?2MdePkg?2Library?2UefiLib?2UefiDr@ 0001a850     UefiLib:UefiDriverModel.obj
 0002:0000187c       ??_C@_0CF@EEAPHGAM@q?3?2MdePkg?2Library?2DxeHobLib?2HobL@ 0001a87c     DxeHobLib:HobLib.obj
 0002:000018a4       ??_C@_0BJ@OBFMLLDO@mHobList?5?$CB?$DN?5?$CI?$CIvoid?5?$CK?$CJ?50?$CJ?$AA@ 0001a8a4     DxeHobLib:HobLib.obj
 0002:000018c0       ??_C@_0BJ@NOLLDKJB@HobStart?5?$CB?$DN?5?$CI?$CIvoid?5?$CK?$CJ?50?$CJ?$AA@ 0001a8c0     DxeHobLib:HobLib.obj
 0002:000018dc       ??_C@_1BC@DPOIABCP@?$AAE?$AAF?$AAI?$AAD?$AAe?$AAb?$AAu?$AAg?$AA?$AA@ 0001a8dc     DxeDebugPrintErrorLevelLib:DxeDebugPrintErrorLevelLib.obj
 0002:000018f0       ??_C@_0CL@PNMKIFDE@q?3?2MdeModulePkg?2Library?2DxeDpcLi@ 0001a8f0     DxeDpcLib:DpcLib.obj
 0002:0000191c       ??_C@_0CO@LGICBGGF@q?3?2MdeModulePkg?2Library?2DxeNetLi@ 0001a91c     DxeNetLib:DxeNetLib.obj
 0002:0000194c       ??_C@_0BF@FBEMMEEB@Head?5?$CB?$DN?5?$CI?$CIvoid?5?$CK?$CJ?50?$CJ?$AA@ 0001a94c     DxeNetLib:DxeNetLib.obj
 0002:00001964       ??_C@_0BE@GMKCNDGH@Map?5?$CB?$DN?5?$CI?$CIvoid?5?$CK?$CJ?50?$CJ?$AA@ 0001a964     DxeNetLib:DxeNetLib.obj
 0002:00001978       ??_C@_0DA@EGCKNGAF@?$CIMap?5?$CB?$DN?5?$CI?$CIvoid?5?$CK?$CJ?50?$CJ?$CJ?5?$CG?$CG?5?$CIItem?5?$CB@ 0001a978     DxeNetLib:DxeNetLib.obj
 0002:000019a8       ??_C@_0BJ@KPMFLONP@NetItemInMap?5?$CIMap?0?5Item?$CJ?$AA@ 0001a9a8     DxeNetLib:DxeNetLib.obj
 0002:000019c4       ??_C@_0DE@HCAAMLMB@?$CIMap?5?$CB?$DN?5?$CI?$CIvoid?5?$CK?$CJ?50?$CJ?$CJ?5?$CG?$CG?5?$CICallBa@ 0001a9c4     DxeNetLib:DxeNetLib.obj
 0002:000019f8       ??_C@_0EG@FMMHPKDI@?$CIServiceBindingGuid?5?$CB?$DN?5?$CI?$CIvoid?5?$CK?$CJ@ 0001a9f8     DxeNetLib:DxeNetLib.obj
 0002:00001a40       ??_C@_0CD@PCCGAHJM@ServiceBindingGuid?5?$CB?$DN?5?$CI?$CIvoid?5?$CK?$CJ?5@ 0001aa40     DxeNetLib:DxeNetLib.obj
 0002:00001a64       ??_C@_0BN@NHNKBDLL@MediaPresent?5?$CB?$DN?5?$CI?$CIvoid?5?$CK?$CJ?50?$CJ?$AA@ 0001aa64     DxeNetLib:DxeNetLib.obj
 0002:00001a84       ??_C@_0BM@CPKMECHF@MCastFilter?5?$CB?$DN?5?$CI?$CIvoid?5?$CK?$CJ?50?$CJ?$AA@ 0001aa84     DxeNetLib:DxeNetLib.obj
 0002:00001aa0       ??_C@_15LHNHECKK@?$AA?$CF?$AAx?$AA?$AA@ 0001aaa0     DxeNetLib:DxeNetLib.obj
 0002:00001aa8       ??_C@_0BA@MDHFKOHH@BlockOpNum?5?$DO?$DN?51?$AA@ 0001aaa8     DxeNetLib:NetBuffer.obj
 0002:00001ab8       ??_C@_0CO@KIKLEOAI@q?3?2MdeModulePkg?2Library?2DxeNetLi@ 0001aab8     DxeNetLib:NetBuffer.obj
 0002:00001ae8       ??_C@_0BH@HKOFEGGJ@Vector?5?$CB?$DN?5?$CI?$CIvoid?5?$CK?$CJ?50?$CJ?$AA@ 0001aae8     DxeNetLib:NetBuffer.obj
 0002:00001b00       ??_C@_0GP@BJHFFKHJ@?$CI?$CIVector?$CJ?5?$CB?$DN?5?$CI?$CIvoid?5?$CK?$CJ?50?$CJ?$CJ?5?$CG?$CG?5?$CI?$CI@ 0001ab00     DxeNetLib:NetBuffer.obj
 0002:00001b70       ??_C@_0BD@DIPGLBBO@Vector?9?$DORefCnt?5?$DO?50?$AA@ 0001ab70     DxeNetLib:NetBuffer.obj
 0002:00001b84       ??_C@_0BF@LJMLDKHP@Nbuf?5?$CB?$DN?5?$CI?$CIvoid?5?$CK?$CJ?50?$CJ?$AA@ 0001ab84     DxeNetLib:NetBuffer.obj
 0002:00001ba0       ??_C@_0GL@IFMHLCLE@?$CI?$CINbuf?$CJ?5?$CB?$DN?5?$CI?$CIvoid?5?$CK?$CJ?50?$CJ?$CJ?5?$CG?$CG?5?$CI?$CINb@ 0001aba0     DxeNetLib:NetBuffer.obj
 0002:00001c0c       ??_C@_0BB@DOGOGLPG@Nbuf?9?$DORefCnt?5?$DO?50?$AA@ 0001ac0c     DxeNetLib:NetBuffer.obj
 0002:00001c20       ??_C@_0HL@FGMBHKJG@?$CI?$CINbuf?9?$DOVector?$CJ?5?$CB?$DN?5?$CI?$CIvoid?5?$CK?$CJ?50?$CJ?$CJ@ 0001ac20     DxeNetLib:NetBuffer.obj
 0002:00001c9c       ??_C@_0BJ@KIFBBHL@Index?5?$DM?5Nbuf?9?$DOBlockOpNum?$AA@ 0001ac9c     DxeNetLib:NetBuffer.obj
 0002:00001cb8       ??_C@_0EL@JHACLFKC@?$CIExtFragment?5?$CB?$DN?5?$CI?$CIvoid?5?$CK?$CJ?50?$CJ?$CJ?5?$CG?$CG@ 0001acb8     DxeNetLib:NetBuffer.obj
 0002:00001d08       ??_C@_0EF@PCDGLKLI@q?3?2MdeModulePkg?2Library?2DxeRepor@ 0001ad08     DxeReportStatusCodeLib:ReportStatusCodeLib.obj
 0002:00001d50       ??_C@_0DN@HHIHPHHB@?$CB?$CI?$CIExtendedData?5?$DN?$DN?5?$CI?$CIvoid?5?$CK?$CJ?50?$CJ?$CJ@ 0001ad50     DxeReportStatusCodeLib:ReportStatusCodeLib.obj
 0002:00001d90       ??_C@_0DN@BBBIFINB@?$CB?$CI?$CIExtendedData?5?$CB?$DN?5?$CI?$CIvoid?5?$CK?$CJ?50?$CJ?$CJ@ 0001ad90     DxeReportStatusCodeLib:ReportStatusCodeLib.obj
 0002:00001dd0       ??_C@_0DI@MIEIGAOH@Status?5code?5extended?5data?5is?5too@ 0001add0     DxeReportStatusCodeLib:ReportStatusCodeLib.obj
 0002:00001e08       ??_C@_0CG@MHAECJIA@q?3?2MdePkg?2Library?2BaseLib?2Unalig@ 0001ae08     BaseLib:Unaligned.obj
 0002:00001e30       ??_C@_0CP@CPEPIGGJ@q?3?2MdePkg?2Library?2BaseLib?2DivU64@ 0001ae30     BaseLib:DivU64x32Remainder.obj
 0003:00000000       _gEfiCallerIdGuid          0001b000     DnsDxe:AutoGen.obj
 0003:00000010       _gEfiStatusCodeSpecificDataGuid 0001b010     DnsDxe:AutoGen.obj
 0003:00000020       _gEfiStatusCodeDataTypeDebugGuid 0001b020     DnsDxe:AutoGen.obj
 0003:00000030       _gEfiHobListGuid           0001b030     DnsDxe:AutoGen.obj
 0003:00000040       _gEfiGenericVariableGuid   0001b040     DnsDxe:AutoGen.obj
 0003:00000050       _gEfiDns4ServiceBindingProtocolGuid 0001b050     DnsDxe:AutoGen.obj
 0003:00000060       _gEfiDns4ProtocolGuid      0001b060     DnsDxe:AutoGen.obj
 0003:00000070       _gEfiUdp4ServiceBindingProtocolGuid 0001b070     DnsDxe:AutoGen.obj
 0003:00000080       _gEfiUdp4ProtocolGuid      0001b080     DnsDxe:AutoGen.obj
 0003:00000090       _gEfiDhcp4ServiceBindingProtocolGuid 0001b090     DnsDxe:AutoGen.obj
 0003:000000a0       _gEfiDhcp4ProtocolGuid     0001b0a0     DnsDxe:AutoGen.obj
 0003:000000b0       _gEfiIp4Config2ProtocolGuid 0001b0b0     DnsDxe:AutoGen.obj
 0003:000000c0       _gEfiIp4ServiceBindingProtocolGuid 0001b0c0     DnsDxe:AutoGen.obj
 0003:000000d0       _gEfiIp4ProtocolGuid       0001b0d0     DnsDxe:AutoGen.obj
 0003:000000e0       _gEfiManagedNetworkServiceBindingProtocolGuid 0001b0e0     DnsDxe:AutoGen.obj
 0003:000000f0       _gEfiManagedNetworkProtocolGuid 0001b0f0     DnsDxe:AutoGen.obj
 0003:00000100       _gEfiDns6ServiceBindingProtocolGuid 0001b100     DnsDxe:AutoGen.obj
 0003:00000110       _gEfiDns6ProtocolGuid      0001b110     DnsDxe:AutoGen.obj
 0003:00000120       _gEfiUdp6ServiceBindingProtocolGuid 0001b120     DnsDxe:AutoGen.obj
 0003:00000130       _gEfiUdp6ProtocolGuid      0001b130     DnsDxe:AutoGen.obj
 0003:00000140       _gEfiDhcp6ServiceBindingProtocolGuid 0001b140     DnsDxe:AutoGen.obj
 0003:00000150       _gEfiDhcp6ProtocolGuid     0001b150     DnsDxe:AutoGen.obj
 0003:00000160       _gEfiStatusCodeRuntimeProtocolGuid 0001b160     DnsDxe:AutoGen.obj
 0003:00000170       _gEfiDevicePathProtocolGuid 0001b170     DnsDxe:AutoGen.obj
 0003:00000180       _gEfiDevicePathUtilitiesProtocolGuid 0001b180     DnsDxe:AutoGen.obj
 0003:00000190       _gEfiDriverBindingProtocolGuid 0001b190     DnsDxe:AutoGen.obj
 0003:000001a0       _gEfiComponentNameProtocolGuid 0001b1a0     DnsDxe:AutoGen.obj
 0003:000001b0       _gEfiComponentName2ProtocolGuid 0001b1b0     DnsDxe:AutoGen.obj
 0003:000001c0       _gEfiDebugMaskProtocolGuid 0001b1c0     DnsDxe:AutoGen.obj
 0003:000001d0       _gEfiDpcProtocolGuid       0001b1d0     DnsDxe:AutoGen.obj
 0003:000001e0       _gEfiLoadedImageProtocolGuid 0001b1e0     DnsDxe:AutoGen.obj
 0003:000001f0       _gEfiSimpleNetworkProtocolGuid 0001b1f0     DnsDxe:AutoGen.obj
 0003:00000200       _mDebugMaskProtocol        0001b200     DxeDebugPrintErrorLevelLib:DxeDebugPrintErrorLevelLib.obj
 0003:00000210       _mDns4Protocol             0001b210     DnsDxe:DnsProtocol.obj
 0003:00000230       _mDns6Protocol             0001b230     DnsDxe:DnsProtocol.obj
 0003:00000250       _gDns4DriverBinding        0001b250     DnsDxe:DnsDriver.obj
 0003:00000268       _gDns6DriverBinding        0001b268     DnsDxe:DnsDriver.obj
 0003:00000280       _mDns4ServiceBinding       0001b280     DnsDxe:DnsDriver.obj
 0003:00000288       _mDns6ServiceBinding       0001b288     DnsDxe:DnsDriver.obj
 0003:00000290       _gDnsComponentName         0001b290     DnsDxe:ComponentName.obj
 0003:0000029c       _gDnsComponentName2        0001b29c     DnsDxe:ComponentName.obj
 0003:000002a8       _mDnsDriverNameTable       0001b2a8     DnsDxe:ComponentName.obj
 0003:000002b8       _gIp4AllMasks              0001b2b8     DxeNetLib:DxeNetLib.obj
 0003:0000033c       _mDriverData               0001b33c     DnsDxe:DnsDriver.obj
 0003:00000340       _gImageHandle              0001b340     UefiBootServicesTableLib:UefiBootServicesTableLib.obj
 0003:00000344       _gST                       0001b344     UefiBootServicesTableLib:UefiBootServicesTableLib.obj
 0003:00000348       _gBS                       0001b348     UefiBootServicesTableLib:UefiBootServicesTableLib.obj
 0003:0000034c       _gRT                       0001b34c     UefiRuntimeServicesTableLib:UefiRuntimeServicesTableLib.obj
 0003:00000350       _mHobList                  0001b350     DxeHobLib:HobLib.obj
 0003:00000354       _mGlobalErrorLevelInitialized 0001b354     DxeDebugPrintErrorLevelLib:DxeDebugPrintErrorLevelLib.obj
 0003:00000358       _mDebugPrintErrorLevel     0001b358     DxeDebugPrintErrorLevelLib:DxeDebugPrintErrorLevelLib.obj
 0003:0000035c       _mSystemTable              0001b35c     DxeDebugPrintErrorLevelLib:DxeDebugPrintErrorLevelLib.obj
 0003:00000360       _mReportStatusCodeLibStatusCodeProtocol 0001b360     DxeReportStatusCodeLib:ReportStatusCodeLib.obj
 0003:00000364       _gDnsControllerNameTable   0001b364     DnsDxe:ComponentName.obj
 0003:00000368       _mDevicePathLibDevicePathUtilities 0001b368     UefiDevicePathLibDevicePathProtocol:UefiDevicePathLib.obj
 0003:0000036c       _mDpc                      0001b36c     <common>

 entry point at        0001:00000024

 Static symbols

