 Mtftp4Dxe

 Timestamp is 620cbe09 (Wed Feb 16 17:04:09 2022)

 Preferred load address is 00010000

 Start         Length     Name                   Class
 0001:00000000 00006063H .text                   CODE
 0002:00000000 00001bbfH .rdata                  DATA
 0002:00001bc0 00000083H .rdata$debug            DATA
 0003:00000000 0000023cH .data                   DATA
 0003:0000023c 00000034H .bss                    DATA
 0004:00000000 00000051H .edata                  DATA

  Address         Publics by Value              Rva+Base       Lib:Object

 0001:00000000       __DriverUnloadHandler      00011000 f   UefiDriverEntryPoint:DriverEntryPoint.obj
 0001:00000024       __ModuleEntryPoint         00011024 f   UefiDriverEntryPoint:DriverEntryPoint.obj
 0001:0000009c       _ProcessLibraryConstructorList 0001109c f   Mtftp4Dxe:AutoGen.obj
 0001:000002b3       _ProcessLibraryDestructorList 000112b3 f   Mtftp4Dxe:AutoGen.obj
 0001:000002fb       _Mtftp4DriverBindingSupported 000112fb f   Mtftp4Dxe:Mtftp4Driver.obj
 0001:00000322       _Mtftp4ConfigNullUdp       00011322 f   Mtftp4Dxe:Mtftp4Driver.obj
 0001:00000325       _Mtftp4CreateService       00011325 f   Mtftp4Dxe:Mtftp4Driver.obj
 0001:00000423       _Mtftp4CleanService        00011423 f   Mtftp4Dxe:Mtftp4Driver.obj
 0001:00000446       _Mtftp4DriverBindingStart  00011446 f   Mtftp4Dxe:Mtftp4Driver.obj
 0001:0000050d       _Mtftp4DestroyChildEntryInHandleBuffer 0001150d f   Mtftp4Dxe:Mtftp4Driver.obj
 0001:0000057e       _Mtftp4DriverBindingStop   0001157e f   Mtftp4Dxe:Mtftp4Driver.obj
 0001:000006c7       _Mtftp4InitProtocol        000116c7 f   Mtftp4Dxe:Mtftp4Driver.obj
 0001:00000715       _Mtftp4ServiceBindingCreateChild 00011715 f   Mtftp4Dxe:Mtftp4Driver.obj
 0001:000008c9       _Mtftp4ServiceBindingDestroyChild 000118c9 f   Mtftp4Dxe:Mtftp4Driver.obj
 0001:00000a59       _Mtftp4ComponentNameGetDriverName 00011a59 f   Mtftp4Dxe:ComponentName.obj
 0001:00000a83       _UpdateName                00011a83 f   Mtftp4Dxe:ComponentName.obj
 0001:00000de9       _Mtftp4ComponentNameGetControllerName 00011de9 f   Mtftp4Dxe:ComponentName.obj
 0001:00000e63       _Mtftp4CleanOperation      00011e63 f   Mtftp4Dxe:Mtftp4Impl.obj
 0001:00000f8b       _Mtftp4GetInfoCheckPacket  00011f8b f   Mtftp4Dxe:Mtftp4Impl.obj
 0001:0000102c       _Mtftp4OverrideValid       0001202c f   Mtftp4Dxe:Mtftp4Impl.obj
 0001:000010d3       _Mtftp4GetMapping          000120d3 f   Mtftp4Dxe:Mtftp4Impl.obj
 0001:00001173       _Mtftp4ConfigUnicastPort   00012173 f   Mtftp4Dxe:Mtftp4Impl.obj
 0001:00001258       _Mtftp4Start               00012258 f   Mtftp4Dxe:Mtftp4Impl.obj
 0001:0000154d       _EfiMtftp4GetModeData      0001254d f   Mtftp4Dxe:Mtftp4Impl.obj
 0001:000015c8       _EfiMtftp4Configure        000125c8 f   Mtftp4Dxe:Mtftp4Impl.obj
 0001:00001767       _EfiMtftp4ParseOptions     00012767 f   Mtftp4Dxe:Mtftp4Impl.obj
 0001:000017b6       _EfiMtftp4ReadFile         000127b6 f   Mtftp4Dxe:Mtftp4Impl.obj
 0001:000017cb       _EfiMtftp4WriteFile        000127cb f   Mtftp4Dxe:Mtftp4Impl.obj
 0001:000017de       _EfiMtftp4ReadDirectory    000127de f   Mtftp4Dxe:Mtftp4Impl.obj
 0001:000017f1       _EfiMtftp4GetInfo          000127f1 f   Mtftp4Dxe:Mtftp4Impl.obj
 0001:000018b1       _EfiMtftp4Poll             000128b1 f   Mtftp4Dxe:Mtftp4Impl.obj
 0001:00001912       _Mtftp4AllocateRange       00012912 f   Mtftp4Dxe:Mtftp4Support.obj
 0001:0000193f       _Mtftp4InitBlockRange      0001293f f   Mtftp4Dxe:Mtftp4Support.obj
 0001:0000196a       _Mtftp4GetNextBlockNum     0001296a f   Mtftp4Dxe:Mtftp4Support.obj
 0001:00001982       _Mtftp4SetLastBlockNum     00012982 f   Mtftp4Dxe:Mtftp4Support.obj
 0001:000019bc       _Mtftp4SendRequest         000129bc f   Mtftp4Dxe:Mtftp4Support.obj
 0001:00001c08       _Mtftp4SendError           00012c08 f   Mtftp4Dxe:Mtftp4Support.obj
 0001:00001c83       _Mtftp4OnPacketSent        00012c83 f   Mtftp4Dxe:Mtftp4Support.obj
 0001:00001c8f       _Mtftp4SetTimeout          00012c8f f   Mtftp4Dxe:Mtftp4Support.obj
 0001:00001ca7       _Mtftp4SendPacket          00012ca7 f   Mtftp4Dxe:Mtftp4Support.obj
 0001:00001d69       _Mtftp4Retransmit          00012d69 f   Mtftp4Dxe:Mtftp4Support.obj
 0001:00001e34       _Mtftp4OnTimerTick         00012e34 f   Mtftp4Dxe:Mtftp4Support.obj
 0001:00001ecb       _NetStringEqualNoCase      00012ecb f   Mtftp4Dxe:Mtftp4Option.obj
 0001:00001f24       _NetStringToU32            00012f24 f   Mtftp4Dxe:Mtftp4Option.obj
 0001:00001f5c       _NetStringToIp             00012f5c f   Mtftp4Dxe:Mtftp4Option.obj
 0001:00001fba       _Mtftp4FillOptions         00012fba f   Mtftp4Dxe:Mtftp4Option.obj
 0001:00002031       _Mtftp4ExtractOptions      00013031 f   Mtftp4Dxe:Mtftp4Option.obj
 0001:000020a9       _Mtftp4ExtractMcast        000130a9 f   Mtftp4Dxe:Mtftp4Option.obj
 0001:0000214f       _Mtftp4ParseOption         0001314f f   Mtftp4Dxe:Mtftp4Option.obj
 0001:0000224b       _Mtftp4ParseOptionOack     0001324b f   Mtftp4Dxe:Mtftp4Option.obj
 0001:000022b1       _Mtftp4WrqSendBlock        000132b1 f   Mtftp4Dxe:Mtftp4Wrq.obj
 0001:0000244e       _Mtftp4WrqHandleAck        0001344e f   Mtftp4Dxe:Mtftp4Wrq.obj
 0001:000025b7       _Mtftp4WrqHandleOack       000135b7 f   Mtftp4Dxe:Mtftp4Wrq.obj
 0001:00002677       _Mtftp4WrqInput            00013677 f   Mtftp4Dxe:Mtftp4Wrq.obj
 0001:00002865       _Mtftp4RrqSendAck          00013865 f   Mtftp4Dxe:Mtftp4Rrq.obj
 0001:000028c5       _Mtftp4RrqHandleData       000138c5 f   Mtftp4Dxe:Mtftp4Rrq.obj
 0001:00002b8a       _Mtftp4RrqOackValid        00013b8a f   Mtftp4Dxe:Mtftp4Rrq.obj
 0001:00002be2       _Mtftp4RrqConfigMcastPort  00013be2 f   Mtftp4Dxe:Mtftp4Rrq.obj
 0001:00002ce4       _Mtftp4RrqHandleOack       00013ce4 f   Mtftp4Dxe:Mtftp4Rrq.obj
 0001:00002eae       _Mtftp4RrqInput            00013eae f   Mtftp4Dxe:Mtftp4Rrq.obj
 0001:000030dc       _InternalBaseLibIsNodeInList 000140dc f   BaseLib:LinkedList.obj
 0001:00003164       _InitializeListHead        00014164 f   BaseLib:LinkedList.obj
 0001:00003187       _InsertHeadList            00014187 f   BaseLib:LinkedList.obj
 0001:000031bc       _InsertTailList            000141bc f   BaseLib:LinkedList.obj
 0001:000031f2       _GetFirstNode              000141f2 f   BaseLib:LinkedList.obj
 0001:0000321b       _IsListEmpty               0001421b f   BaseLib:LinkedList.obj
 0001:00003247       _IsNull                    00014247 f   BaseLib:LinkedList.obj
 0001:00003278       _RemoveEntryList           00014278 f   BaseLib:LinkedList.obj
 0001:000032ae       _SwapBytes32               000142ae f   BaseLib:SwapBytes32.obj
 0001:000032c7       _InternalSafeStringNoAsciiStrOverlap 000142c7 f   BaseLib:SafeString.obj
 0001:000032eb       _AsciiStrnLenS             000142eb f   BaseLib:SafeString.obj
 0001:00003305       _AsciiStrCpyS              00014305 f   BaseLib:SafeString.obj
 0001:000033e1       _StrLen                    000143e1 f   BaseLib:String.obj
 0001:0000344c       _AsciiStrLen               0001444c f   BaseLib:String.obj
 0001:00003499       _AsciiStrnCmp              00014499 f   BaseLib:String.obj
 0001:0000352c       _CopyMem                   0001452c f   BaseMemoryLibOptDxe:CopyMemWrapper.obj
 0001:00003585       _ZeroMem                   00014585 f   BaseMemoryLibOptDxe:ZeroMemWrapper.obj
 0001:000035cb       _CompareMem                000145cb f   BaseMemoryLibOptDxe:CompareMemWrapper.obj
 0001:00003643       _InternalAllocatePool      00014643 f   UefiMemoryAllocationLib:MemoryAllocationLib.obj
 0001:00003668       _InternalAllocateZeroPool  00014668 f   UefiMemoryAllocationLib:MemoryAllocationLib.obj
 0001:00003683       _InternalAllocateCopyPool  00014683 f   UefiMemoryAllocationLib:MemoryAllocationLib.obj
 0001:000036e3       _FreePool                  000146e3 f   UefiMemoryAllocationLib:MemoryAllocationLib.obj
 0001:0000371c       _UdpIoFreeTxToken          0001471c f   DxeUpdIoLib:DxeUdpIoLib.obj
 0001:00003756       _UdpIoFreeRxToken          00014756 f   DxeUpdIoLib:DxeUdpIoLib.obj
 0001:00003790       _UdpIoOnDgramSentDpc       00014790 f   DxeUpdIoLib:DxeUdpIoLib.obj
 0001:000037f7       _UdpIoOnDgramSent          000147f7 f   DxeUpdIoLib:DxeUdpIoLib.obj
 0001:0000380e       _UdpIoRecycleDgram         0001480e f   DxeUpdIoLib:DxeUdpIoLib.obj
 0001:00003852       _UdpIoOnDgramRcvdDpc       00014852 f   DxeUpdIoLib:DxeUdpIoLib.obj
 0001:000039ff       _UdpIoOnDgramRcvd          000149ff f   DxeUpdIoLib:DxeUdpIoLib.obj
 0001:00003a16       _UdpIoCreateRxToken        00014a16 f   DxeUpdIoLib:DxeUdpIoLib.obj
 0001:00003aa2       _UdpIoCreateTxToken        00014aa2 f   DxeUpdIoLib:DxeUdpIoLib.obj
 0001:00003c75       _UdpIoCreateIo             00014c75 f   DxeUpdIoLib:DxeUdpIoLib.obj
 0001:00003d92       _UdpIoCancelDgrams         00014d92 f   DxeUpdIoLib:DxeUdpIoLib.obj
 0001:00003de8       _UdpIoFreeIo               00014de8 f   DxeUpdIoLib:DxeUdpIoLib.obj
 0001:00003eb6       _UdpIoCleanIo              00014eb6 f   DxeUpdIoLib:DxeUdpIoLib.obj
 0001:00003f24       _UdpIoSendDatagram         00014f24 f   DxeUpdIoLib:DxeUdpIoLib.obj
 0001:00003fb8       _UdpIoRecvDatagram         00014fb8 f   DxeUpdIoLib:DxeUdpIoLib.obj
 0001:00004044       _DebugPrint                00015044 f   PeiDxeDebugLibReportStatusCode:DebugLib.obj
 0001:000041bd       _DebugAssert               000151bd f   PeiDxeDebugLibReportStatusCode:DebugLib.obj
 0001:0000427d       _UnicodeSPrint             0001527d f   BasePrintLib:PrintLib.obj
 0001:000042d4       _BasePrintLibFillBuffer    000152d4 f   BasePrintLib:PrintLibInternal.obj
 0001:00004300       _BasePrintLibValueToString 00015300 f   BasePrintLib:PrintLibInternal.obj
 0001:0000435e       _BasePrintLibSPrintMarker  0001535e f   BasePrintLib:PrintLibInternal.obj
 0001:00004de8       _BasePrintLibSPrint        00015de8 f   BasePrintLib:PrintLibInternal.obj
 0001:00004e07       _CompareIso639LanguageCode 00015e07 f   UefiLib:UefiLib.obj
 0001:00004e23       _EfiGetSystemConfigurationTable 00015e23 f   UefiLib:UefiLib.obj
 0001:00004e7e       _EfiTestChildHandle        00015e7e f   UefiLib:UefiLib.obj
 0001:00004ee7       _LookupUnicodeString2      00015ee7 f   UefiLib:UefiLib.obj
 0001:00004fdc       _FreeUnicodeStringTable    00015fdc f   UefiLib:UefiLib.obj
 0001:0000501d       _EfiLibInstallDriverBindingComponentName2 0001601d f   UefiLib:UefiDriverModel.obj
 0001:00005090       _GetHobList                00016090 f   DxeHobLib:HobLib.obj
 0001:000050b3       _GetNextHob                000160b3 f   DxeHobLib:HobLib.obj
 0001:000050f2       _GetDebugPrintErrorLevel   000160f2 f   DxeDebugPrintErrorLevelLib:DxeDebugPrintErrorLevelLib.obj
 0001:000051e0       _GetDebugMask              000161e0 f   DxeDebugPrintErrorLevelLib:DxeDebugPrintErrorLevelLib.obj
 0001:000051f9       _SetDebugMask              000161f9 f   DxeDebugPrintErrorLevelLib:DxeDebugPrintErrorLevelLib.obj
 0001:00005205       _NetIp4IsUnicast           00016205 f   DxeNetLib:DxeNetLib.obj
 0001:0000526f       _Ip6Swap128                0001626f f   DxeNetLib:DxeNetLib.obj
 0001:000052cf       _NetDestroyLinkList        000162cf f   DxeNetLib:DxeNetLib.obj
 0001:00005365       _NetLibDefaultUnload       00016365 f   DxeNetLib:DxeNetLib.obj
 0001:0000549e       _NetLibCreateServiceChild  0001649e f   DxeNetLib:DxeNetLib.obj
 0001:000054f6       _NetLibDestroyServiceChild 000164f6 f   DxeNetLib:DxeNetLib.obj
 0001:00005549       _NetbufAllocStruct         00016549 f   DxeNetLib:NetBuffer.obj
 0001:000055d1       _NetbufAlloc               000165d1 f   DxeNetLib:NetBuffer.obj
 0001:00005635       _NetbufFreeVector          00016635 f   DxeNetLib:NetBuffer.obj
 0001:000056da       _NetbufFree                000166da f   DxeNetLib:NetBuffer.obj
 0001:00005743       _NetbufGetByte             00016743 f   DxeNetLib:NetBuffer.obj
 0001:000057b1       _NetbufSetBlock            000167b1 f   DxeNetLib:NetBuffer.obj
 0001:00005843       _NetbufFromExt             00016843 f   DxeNetLib:NetBuffer.obj
 0001:00005a2e       _NetbufBuildExt            00016a2e f   DxeNetLib:NetBuffer.obj
 0001:00005a71       _NetbufAllocSpace          00016a71 f   DxeNetLib:NetBuffer.obj
 0001:00005b33       _NetbufCopy                00016b33 f   DxeNetLib:NetBuffer.obj
 0001:00005c81       _InternalGetReportStatusCode 00016c81 f   DxeReportStatusCodeLib:ReportStatusCodeLib.obj
 0001:00005cba       _InternalReportStatusCode  00016cba f   DxeReportStatusCodeLib:ReportStatusCodeLib.obj
 0001:00005cec       _ReportStatusCodeEx        00016cec f   DxeReportStatusCodeLib:ReportStatusCodeLib.obj
 0001:00005e63       _ReadUnaligned16           00016e63 f   BaseLib:Unaligned.obj
 0001:00005e7f       _ReadUnaligned24           00016e7f f   BaseLib:Unaligned.obj
 0001:00005e9f       _ReadUnaligned64           00016e9f f   BaseLib:Unaligned.obj
 0001:00005ec0       _WriteUnaligned64          00016ec0 f   BaseLib:Unaligned.obj
 0001:00005ee9       _CompareGuid               00016ee9 f   BaseMemoryLibOptDxe:MemLibGuid.obj
 0001:00005f50       _InternalMemCopyMem        00016f50 f   BaseMemoryLibOptDxe:CopyMem.obj
 0001:00005fc0       _InternalMemZeroMem        00016fc0 f   BaseMemoryLibOptDxe:ZeroMem.obj
 0001:00005fe0       _InternalMemCompareMem     00016fe0 f   BaseMemoryLibOptDxe:CompareMem.obj
 0001:00006000       _InternalMemSetMem         00017000 f   BaseMemoryLibOptDxe:SetMem.obj
 0001:0000602c       _InternalMemSetMem32       0001702c f   BaseMemoryLibOptDxe:SetMem32.obj
 0001:00006044       _InternalMemSetMem64       00017044 f   BaseMemoryLibOptDxe:SetMem64.obj
 0002:0000001c       ??_C@_0CB@DMEJJJHA@?6ASSERT_EFI_ERROR?5?$CIStatus?5?$DN?5?$CFr?$CJ?6@ 0001801c     UefiDriverEntryPoint:DriverEntryPoint.obj
 0002:00000040       ??_C@_0BE@DCHLEIGN@?$CBEFI_ERROR?5?$CIStatus?$CJ?$AA@ 00018040     UefiDriverEntryPoint:DriverEntryPoint.obj
 0002:00000054       ??_C@_0DK@LAIDJKKD@q?3?2MdePkg?2Library?2UefiDriverEntr@ 00018054     UefiDriverEntryPoint:DriverEntryPoint.obj
 0002:00000090       ??_C@_0GH@IFAOCDI@q?3?2Build?2NT32IA32?2DEBUG_DEVTLS?2I@ 00018090     Mtftp4Dxe:AutoGen.obj
 0002:000000f8       __gUefiDriverRevision      000180f8     Mtftp4Dxe:AutoGen.obj
 0002:000000fc       ??_C@_0BI@PGDPJJMD@MtftpSb?5?$CB?$DN?5?$CI?$CIvoid?5?$CK?$CJ?50?$CJ?$AA@ 000180fc     Mtftp4Dxe:Mtftp4Driver.obj
 0002:00000114       ??_C@_0DL@DGDOFFBF@q?3?2MdeModulePkg?2Universal?2Networ@ 00018114     Mtftp4Dxe:Mtftp4Driver.obj
 0002:00000150       ??_C@_0BF@NDBIKIKC@CR?5has?5Bad?5Signature?$AA@ 00018150     Mtftp4Dxe:Mtftp4Driver.obj
 0002:00000168       ??_C@_1CO@GPCJBEAK@?$AAM?$AAT?$AAF?$AAT?$AAP?$AA4?$AA?5?$AAN?$AAe?$AAt?$AAw?$AAo?$AAr?$AAk?$AA?5?$AAS?$AAe?$AAr?$AAv?$AAi?$AAc?$AAe?$AA?$AA@ 00018168     Mtftp4Dxe:ComponentName.obj
 0002:00000198       ??_C@_06DALJLGPG@eng?$DLen?$AA@ 00018198     Mtftp4Dxe:ComponentName.obj
 0002:000001a0       ??_C@_02LFNMGJAP@en?$AA@   000181a0     Mtftp4Dxe:ComponentName.obj
 0002:000001a4       ??_C@_03LKLGDMJI@eng?$AA@  000181a4     Mtftp4Dxe:ComponentName.obj
 0002:000001a8       ??_C@_1FM@CAKBCEDC@?$AAM?$AAT?$AAF?$AAT?$AAP?$AAv?$AA4?$AA?5?$AA?$CI?$AAS?$AAe?$AAr?$AAv?$AAe?$AAr?$AAI?$AAp?$AA?$DN?$AA?$CF?$AAd?$AA?4?$AA?$CF?$AAd?$AA?4?$AA?$CF?$AAd?$AA?4?$AA?$CF?$AAd?$AA?0?$AA?5?$AAS@ 000181a8     Mtftp4Dxe:ComponentName.obj
 0002:00000204       ??_C@_0CG@FAKONFNI@Instance?9?$DOUnicastPort?5?$CB?$DN?5?$CI?$CIvoid?5@ 00018204     Mtftp4Dxe:Mtftp4Impl.obj
 0002:0000022c       ??_C@_0DJ@PFLFKCHO@q?3?2MdeModulePkg?2Universal?2Networ@ 0001822c     Mtftp4Dxe:Mtftp4Impl.obj
 0002:00000268       ??_C@_0CE@BEFPKLDG@TFTP?5error?5code?51?5?$CIFile?5Not?5Foun@ 00018268     Mtftp4Dxe:Mtftp4Impl.obj
 0002:0000028c       ??_C@_0BE@MCLPEDGK@TFTP?5error?5code?5?$CFd?6?$AA@ 0001828c     Mtftp4Dxe:Mtftp4Impl.obj
 0002:000002a0       ??_C@_0CD@BNABBBLB@Instance?9?$DOConfig?4UseDefaultSetti@ 000182a0     Mtftp4Dxe:Mtftp4Impl.obj
 0002:000002c4       ??_C@_05IIBPGMLM@octet?$AA@ 000182c4     Mtftp4Dxe:Mtftp4Support.obj
 0002:000002cc       ??_C@_0BH@CELONLOG@Packet?5?$CB?$DN?5?$CI?$CIvoid?5?$CK?$CJ?50?$CJ?$AA@ 000182cc     Mtftp4Dxe:Mtftp4Support.obj
 0002:000002e4       ??_C@_0DM@PPGFNIIL@q?3?2MdeModulePkg?2Universal?2Networ@ 000182e4     Mtftp4Dxe:Mtftp4Support.obj
 0002:00000320       ??_C@_0BK@HKKHMKDC@TftpError?5?$CB?$DN?5?$CI?$CIvoid?5?$CK?$CJ?50?$CJ?$AA@ 00018320     Mtftp4Dxe:Mtftp4Support.obj
 0002:0000033c       ??_C@_0BH@IACGKAP@Buffer?5?$CB?$DN?5?$CI?$CIvoid?5?$CK?$CJ?50?$CJ?$AA@ 0001833c     Mtftp4Dxe:Mtftp4Support.obj
 0002:00000354       ??_C@_0CF@BCHILIEH@Instance?9?$DOLastPacket?5?$CB?$DN?5?$CI?$CIvoid?5?$CK@ 00018354     Mtftp4Dxe:Mtftp4Support.obj
 0002:0000037c       ??_C@_0CG@ODHLEDGE@User?5aborted?5the?5transfer?5in?5tim@ 0001837c     Mtftp4Dxe:Mtftp4Support.obj
 0002:000003a4       ??_C@_09HCCMHGIN@multicast?$AA@ 000183a4     Mtftp4Dxe:Mtftp4Option.obj
 0002:000003b0       ??_C@_05GHDOEBHJ@tsize?$AA@ 000183b0     Mtftp4Dxe:Mtftp4Option.obj
 0002:000003b8       ??_C@_07DDHNKDGP@timeout?$AA@ 000183b8     Mtftp4Dxe:Mtftp4Option.obj
 0002:000003c0       ??_C@_07JPIGAOKK@blksize?$AA@ 000183c0     Mtftp4Dxe:Mtftp4Option.obj
 0002:000003c8       ??_C@_0DB@IHFIEEBE@?$CIStr1?5?$CB?$DN?5?$CI?$CIvoid?5?$CK?$CJ?50?$CJ?$CJ?5?$CG?$CG?5?$CIStr2?5@ 000183c8     Mtftp4Dxe:Mtftp4Option.obj
 0002:000003fc       ??_C@_0DL@FCLIHBHD@q?3?2MdeModulePkg?2Universal?2Networ@ 000183fc     Mtftp4Dxe:Mtftp4Option.obj
 0002:00000438       ??_C@_0BE@LNIAOOBG@Str?5?$CB?$DN?5?$CI?$CIvoid?5?$CK?$CJ?50?$CJ?$AA@ 00018438     Mtftp4Dxe:Mtftp4Option.obj
 0002:0000044c       ??_C@_0BL@KMGFKHL@OptionList?5?$CB?$DN?5?$CI?$CIvoid?5?$CK?$CJ?50?$CJ?$AA@ 0001844c     Mtftp4Dxe:Mtftp4Option.obj
 0002:00000468       ??_C@_0DI@DLMEHFIO@q?3?2MdeModulePkg?2Universal?2Networ@ 00018468     Mtftp4Dxe:Mtftp4Wrq.obj
 0002:000004a0       ??_C@_0BK@PPGAGDKK@User?5aborted?5the?5transfer?$AA@ 000184a0     Mtftp4Dxe:Mtftp4Wrq.obj
 0002:000004bc       ??_C@_0O@ICPKLDPO@Expected?5?$DO?$DN?50?$AA@ 000184bc     Mtftp4Dxe:Mtftp4Wrq.obj
 0002:000004cc       ??_C@_0BJ@PPEJMHNI@Instance?9?$DOLastBlock?5?$DO?$DN?51?$AA@ 000184cc     Mtftp4Dxe:Mtftp4Wrq.obj
 0002:000004e8       ??_C@_0DL@MGLNHLJJ@Block?5number?5rolls?5back?0?5not?5sup@ 000184e8     Mtftp4Dxe:Mtftp4Wrq.obj
 0002:00000524       ??_C@_0BJ@BAJAABBN@Mal?9formated?5OACK?5packet?$AA@ 00018524     Mtftp4Dxe:Mtftp4Wrq.obj
 0002:00000540       ??_C@_0HD@LADLNNEF@?$CI?$CIInstance?$CJ?5?$CB?$DN?5?$CI?$CIvoid?5?$CK?$CJ?50?$CJ?$CJ?5?$CG?$CG?5@ 00018540     Mtftp4Dxe:Mtftp4Wrq.obj
 0002:000005b4       ??_C@_0BK@NCMKJKO@UdpPacket?5?$CB?$DN?5?$CI?$CIvoid?5?$CK?$CJ?50?$CJ?$AA@ 000185b4     Mtftp4Dxe:Mtftp4Wrq.obj
 0002:000005d0       ??_C@_0BE@BIFEMHAL@Ack?5?$CB?$DN?5?$CI?$CIvoid?5?$CK?$CJ?50?$CJ?$AA@ 000185d0     Mtftp4Dxe:Mtftp4Rrq.obj
 0002:000005e4       ??_C@_0DI@GLAJOEDN@q?3?2MdeModulePkg?2Universal?2Networ@ 000185e4     Mtftp4Dxe:Mtftp4Rrq.obj
 0002:0000061c       ??_C@_0BG@CPAIKJEI@User?5aborted?5download?$AA@ 0001861c     Mtftp4Dxe:Mtftp4Rrq.obj
 0002:00000634       ??_C@_0CI@NEMIAECC@User?5provided?5memory?5block?5is?5to@ 00018634     Mtftp4Dxe:Mtftp4Rrq.obj
 0002:0000065c       ??_C@_0P@HKKEKCHH@Expected?5?$CB?$DN?5?91?$AA@ 0001865c     Mtftp4Dxe:Mtftp4Rrq.obj
 0002:0000066c       ??_C@_0BK@ODIAGILP@Illegal?5multicast?5setting?$AA@ 0001866c     Mtftp4Dxe:Mtftp4Rrq.obj
 0002:00000688       ??_C@_0DE@KILPILGA@Failed?5to?5create?5socket?5to?5recei@ 00018688     Mtftp4Dxe:Mtftp4Rrq.obj
 0002:000006bc       ??_C@_0BF@NJNGJMPC@List?5?$CB?$DN?5?$CI?$CIvoid?5?$CK?$CJ?50?$CJ?$AA@ 000186bc     BaseLib:LinkedList.obj
 0002:000006d4       ??_C@_0CH@NMOILDJB@q?3?2MdePkg?2Library?2BaseLib?2Linked@ 000186d4     BaseLib:LinkedList.obj
 0002:000006fc       ??_C@_0CC@KDLPLAED@List?9?$DOForwardLink?5?$CB?$DN?5?$CI?$CIvoid?5?$CK?$CJ?50@ 000186fc     BaseLib:LinkedList.obj
 0002:00000720       ??_C@_0BP@IJJCCMAK@List?9?$DOBackLink?5?$CB?$DN?5?$CI?$CIvoid?5?$CK?$CJ?50?$CJ?$AA@ 00018720     BaseLib:LinkedList.obj
 0002:00000740       ??_C@_0BF@CBLMFKOC@Node?5?$CB?$DN?5?$CI?$CIvoid?5?$CK?$CJ?50?$CJ?$AA@ 00018740     BaseLib:LinkedList.obj
 0002:00000758       ??_C@_0DG@IMEFJFAE@Count?5?$DM?5_gPcd_FixedAtBuild_PcdMa@ 00018758     BaseLib:LinkedList.obj
 0002:00000790       ??_C@_0BJ@NJABNCDK@ListHead?5?$CB?$DN?5?$CI?$CIvoid?5?$CK?$CJ?50?$CJ?$AA@ 00018790     BaseLib:LinkedList.obj
 0002:000007b0       ??_C@_0EB@JGCKPMLP@InternalBaseLibIsNodeInList?5?$CILis@ 000187b0     BaseLib:LinkedList.obj
 0002:000007f4       ??_C@_0DM@PHLIJEML@InternalBaseLibIsNodeInList?5?$CILis@ 000187f4     BaseLib:LinkedList.obj
 0002:00000830       ??_C@_0DM@NCFNNADL@InternalBaseLibIsNodeInList?5?$CILis@ 00018830     BaseLib:LinkedList.obj
 0002:00000870       ??_C@_0EE@BFCMBGFO@InternalBaseLibIsNodeInList?5?$CILis@ 00018870     BaseLib:LinkedList.obj
 0002:000008b4       ??_C@_0BF@NMBJJECB@?$CBIsListEmpty?5?$CIEntry?$CJ?$AA@ 000188b4     BaseLib:LinkedList.obj
 0002:000008cc       ??_C@_0CD@BDCLIGHD@?$CI?$CIUINTN?$CJ?5String?5?$CG?50x00000001?$CJ?5?$DN?$DN@ 000188cc     BaseLib:SafeString.obj
 0002:000008f0       ??_C@_0CH@OOIJJKEI@q?3?2MdePkg?2Library?2BaseLib?2SafeSt@ 000188f0     BaseLib:SafeString.obj
 0002:00000918       ??_C@_0BO@ECNIOIHG@?$CIDestination?5?$CB?$DN?5?$CI?$CIvoid?5?$CK?$CJ?50?$CJ?$CJ?$AA@ 00018918     BaseLib:SafeString.obj
 0002:00000938       ??_C@_0BJ@EAEEJIP@?$CISource?5?$CB?$DN?5?$CI?$CIvoid?5?$CK?$CJ?50?$CJ?$CJ?$AA@ 00018938     BaseLib:SafeString.obj
 0002:00000954       ??_C@_0P@PMIMLIHM@?$CIDestMax?5?$CB?$DN?50?$CJ?$AA@ 00018954     BaseLib:SafeString.obj
 0002:00000964       ??_C@_0BG@EEGIIOKH@?$CIDestMax?5?$DO?5SourceLen?$CJ?$AA@ 00018964     BaseLib:SafeString.obj
 0002:0000097c       ??_C@_0DO@LJFOOPII@?$CIDestMax?5?$DM?$DN?5?$CI_gPcd_FixedAtBuild_@ 0001897c     BaseLib:SafeString.obj
 0002:000009c0       ??_C@_0FL@CDANCHFO@InternalSafeStringNoAsciiStrOver@ 000189c0     BaseLib:SafeString.obj
 0002:00000a1c       ??_C@_0CD@OOJADBME@q?3?2MdePkg?2Library?2BaseLib?2String@ 00018a1c     BaseLib:String.obj
 0002:00000a40       ??_C@_0BH@MAAHKCPC@String?5?$CB?$DN?5?$CI?$CIvoid?5?$CK?$CJ?50?$CJ?$AA@ 00018a40     BaseLib:String.obj
 0002:00000a58       ??_C@_0DK@EOJCOAME@Length?5?$DM?5_gPcd_FixedAtBuild_PcdM@ 00018a58     BaseLib:String.obj
 0002:00000a94       ??_C@_0DJ@JJHGIFMP@Length?5?$DM?$DN?5_gPcd_FixedAtBuild_Pcd@ 00018a94     BaseLib:String.obj
 0002:00000ad0       ??_C@_0DI@MDIKFADO@Length?5?$DM?5_gPcd_FixedAtBuild_PcdM@ 00018ad0     BaseLib:String.obj
 0002:00000b08       ??_C@_0BL@IKFBNFIL@AsciiStrSize?5?$CIFirstString?$CJ?$AA@ 00018b08     BaseLib:String.obj
 0002:00000b24       ??_C@_0BM@EDNOKLLE@AsciiStrSize?5?$CISecondString?$CJ?$AA@ 00018b24     BaseLib:String.obj
 0002:00000b40       ??_C@_0N@KGHEHMDL@Divisor?5?$CB?$DN?50?$AA@ 00018b40     BaseLib:DivU64x32.obj
 0002:00000b50       ??_C@_0DI@PHOMHDKH@?$CILength?5?9?51?$CJ?5?$DM?$DN?5?$CI0xFFFFFFFF?5?9?5?$CIU@ 00018b50     BaseMemoryLibOptDxe:CopyMemWrapper.obj
 0002:00000b88       ??_C@_0DH@PIHDLFLO@q?3?2MdePkg?2Library?2BaseMemoryLibO@ 00018b88     BaseMemoryLibOptDxe:CopyMemWrapper.obj
 0002:00000bc0       ??_C@_0DD@DCDOHCDJ@?$CILength?5?9?51?$CJ?5?$DM?$DN?5?$CI0xFFFFFFFF?5?9?5?$CIU@ 00018bc0     BaseMemoryLibOptDxe:CopyMemWrapper.obj
 0002:00000bf4       ??_C@_0CI@MNELLLEK@?$CB?$CIBuffer?5?$DN?$DN?5?$CI?$CIvoid?5?$CK?$CJ?50?$CJ?5?$CG?$CG?5Leng@ 00018bf4     BaseMemoryLibOptDxe:ZeroMemWrapper.obj
 0002:00000c1c       ??_C@_0DH@EMNBNEHJ@q?3?2MdePkg?2Library?2BaseMemoryLibO@ 00018c1c     BaseMemoryLibOptDxe:ZeroMemWrapper.obj
 0002:00000c54       ??_C@_0CL@OBMFBPED@Length?5?$DM?$DN?5?$CI0xFFFFFFFF?5?9?5?$CIUINTN?$CJB@ 00018c54     BaseMemoryLibOptDxe:ZeroMemWrapper.obj
 0002:00000c80       ??_C@_0DK@BHHGEGGL@q?3?2MdePkg?2Library?2BaseMemoryLibO@ 00018c80     BaseMemoryLibOptDxe:CompareMemWrapper.obj
 0002:00000cbc       ??_C@_0BN@MDMCNBCC@SourceBuffer?5?$CB?$DN?5?$CI?$CIvoid?5?$CK?$CJ?50?$CJ?$AA@ 00018cbc     BaseMemoryLibOptDxe:CompareMemWrapper.obj
 0002:00000ce0       ??_C@_0EA@JCDEKIGH@q?3?2MdePkg?2Library?2UefiMemoryAllo@ 00018ce0     UefiMemoryAllocationLib:MemoryAllocationLib.obj
 0002:00000d20       ??_C@_0DE@FCAJAHCJ@AllocationSize?5?$DM?$DN?5?$CI0xFFFFFFFF?5?9?5@ 00018d20     UefiMemoryAllocationLib:MemoryAllocationLib.obj
 0002:00000d54       ??_C@_0BC@FEDIJHFF@?$CI?$CIBOOLEAN?$CJ?$CI0?$DN?$DN1?$CJ?$CJ?$AA@ 00018d54     DxeUpdIoLib:DxeUdpIoLib.obj
 0002:00000d68       ??_C@_0DC@BBPFFFCE@q?3?2MdeModulePkg?2Library?2DxeUdpIo@ 00018d68     DxeUpdIoLib:DxeUdpIoLib.obj
 0002:00000da0       ??_C@_0EM@EAGAKEAM@TxToken?9?$DOSignature?5?$DN?$DN?5?$CI?$CI?$CI?8U?8?$CJ?5?$HM?5@ 00018da0     DxeUpdIoLib:DxeUdpIoLib.obj
 0002:00000df0       ??_C@_0EH@KJFEHACH@?$CITxToken?9?$DOUdpIo?9?$DOUdpVersion?5?$DN?$DN?54@ 00018df0     DxeUpdIoLib:DxeUdpIoLib.obj
 0002:00000e38       ??_C@_0HK@DPEALHJD@?$CIRxToken?9?$DOSignature?5?$DN?$DN?5?$CI?$CI?$CI?8U?8?$CJ?5?$HM@ 00018e38     DxeUpdIoLib:DxeUdpIoLib.obj
 0002:00000eb8       ??_C@_0EH@BDFOIFDG@?$CIRxToken?9?$DOUdpIo?9?$DOUdpVersion?5?$DN?$DN?54@ 00018eb8     DxeUpdIoLib:DxeUdpIoLib.obj
 0002:00000f00       ??_C@_0DF@JLEKKBEN@?$CIUdpIo?9?$DOUdpVersion?5?$DN?$DN?54?$CJ?5?$HM?$HM?5?$CIUdp@ 00018f00     DxeUpdIoLib:DxeUdpIoLib.obj
 0002:00000f38       ??_C@_0BK@LIEJHLLP@Configure?5?$CB?$DN?5?$CI?$CIvoid?5?$CK?$CJ?50?$CJ?$AA@ 00018f38     DxeUpdIoLib:DxeUdpIoLib.obj
 0002:00000f54       ??_C@_0BH@LKMBFCBF@Format?5?$CB?$DN?5?$CI?$CIvoid?5?$CK?$CJ?50?$CJ?$AA@ 00018f54     PeiDxeDebugLibReportStatusCode:DebugLib.obj
 0002:00000f70       ??_C@_0EN@CNOKPIHJ@q?3?2IntelFrameworkModulePkg?2Libra@ 00018f70     PeiDxeDebugLibReportStatusCode:DebugLib.obj
 0002:00000fc0       ??_C@_0CI@HIINONDG@?$CICHAR8?5?$CK?$CJBaseListMarker?5?$DM?$DN?5Forma@ 00018fc0     PeiDxeDebugLibReportStatusCode:DebugLib.obj
 0002:00000fe8       ??_C@_0BN@COECPDCC@gImageHandle?5?$CB?$DN?5?$CI?$CIvoid?5?$CK?$CJ?50?$CJ?$AA@ 00018fe8     UefiBootServicesTableLib:UefiBootServicesTableLib.obj
 0002:00001008       ??_C@_0EG@IHBEIGJL@q?3?2MdePkg?2Library?2UefiBootServic@ 00019008     UefiBootServicesTableLib:UefiBootServicesTableLib.obj
 0002:00001050       ??_C@_0BE@DGNHAHIL@gST?5?$CB?$DN?5?$CI?$CIvoid?5?$CK?$CJ?50?$CJ?$AA@ 00019050     UefiBootServicesTableLib:UefiBootServicesTableLib.obj
 0002:00001064       ??_C@_0BE@BDFJLGLN@gBS?5?$CB?$DN?5?$CI?$CIvoid?5?$CK?$CJ?50?$CJ?$AA@ 00019064     UefiBootServicesTableLib:UefiBootServicesTableLib.obj
 0002:00001078       ??_C@_0CI@BGLNHBLM@?$CI?$CI?$CIUINTN?$CJ?5?$CIStartOfBuffer?$CJ?$CJ?5?$CG?50x0@ 00019078     BasePrintLib:PrintLib.obj
 0002:000010a0       ??_C@_0CK@LOLCLJPB@q?3?2MdePkg?2Library?2BasePrintLib?2P@ 000190a0     BasePrintLib:PrintLib.obj
 0002:000010cc       ??_C@_0CH@KJLBGOBB@?$CI?$CI?$CIUINTN?$CJ?5?$CIFormatString?$CJ?$CJ?5?$CG?50x01@ 000190cc     BasePrintLib:PrintLib.obj
 0002:000010f4       ??_C@_0BB@MFGDFIJM@Compromised?5Data?$AA@ 000190f4     BasePrintLib:PrintLibInternal.obj
 0002:00001108       ??_C@_0BB@KFJAMCOC@Invalid?5Language?$AA@ 00019108     BasePrintLib:PrintLibInternal.obj
 0002:0000111c       ??_C@_0M@FKGOBENP@End?5of?5File?$AA@ 0001911c     BasePrintLib:PrintLibInternal.obj
 0002:00001128       ??_C@_0O@GLPDOMCP@Reserved?5?$CI30?$CJ?$AA@ 00019128     BasePrintLib:PrintLibInternal.obj
 0002:00001138       ??_C@_0O@NMJOLAMF@Reserved?5?$CI29?$CJ?$AA@ 00019138     BasePrintLib:PrintLibInternal.obj
 0002:00001148       ??_C@_0N@JEJDHPO@End?5of?5Media?$AA@ 00019148     BasePrintLib:PrintLibInternal.obj
 0002:00001158       ??_C@_09BOMAGJEG@CRC?5Error?$AA@ 00019158     BasePrintLib:PrintLibInternal.obj
 0002:00001164       ??_C@_0BD@KHMPCIOG@Security?5Violation?$AA@ 00019164     BasePrintLib:PrintLibInternal.obj
 0002:00001178       ??_C@_0BF@EHOBGFMI@Incompatible?5Version?$AA@ 00019178     BasePrintLib:PrintLibInternal.obj
 0002:00001190       ??_C@_0P@NCJHBCLM@Protocol?5Error?$AA@ 00019190     BasePrintLib:PrintLibInternal.obj
 0002:000011a0       ??_C@_0L@DJKNJKHM@TFTP?5Error?$AA@ 000191a0     BasePrintLib:PrintLibInternal.obj
 0002:000011ac       ??_C@_0L@LKIFCMNO@ICMP?5Error?$AA@ 000191ac     BasePrintLib:PrintLibInternal.obj
 0002:000011b8       ??_C@_07LCKDCBKK@Aborted?$AA@ 000191b8     BasePrintLib:PrintLibInternal.obj
 0002:000011c0       ??_C@_0BA@IGIBFFPH@Already?5started?$AA@ 000191c0     BasePrintLib:PrintLibInternal.obj
 0002:000011d0       ??_C@_0M@DCJFAFHJ@Not?5started?$AA@ 000191d0     BasePrintLib:PrintLibInternal.obj
 0002:000011dc       ??_C@_08PAFJCNGP@Time?5out?$AA@ 000191dc     BasePrintLib:PrintLibInternal.obj
 0002:000011e8       ??_C@_0L@IFPBNFC@No?5mapping?$AA@ 000191e8     BasePrintLib:PrintLibInternal.obj
 0002:000011f4       ??_C@_0M@ENKCBFEP@No?5Response?$AA@ 000191f4     BasePrintLib:PrintLibInternal.obj
 0002:00001200       ??_C@_0O@NFHOBIDO@Access?5Denied?$AA@ 00019200     BasePrintLib:PrintLibInternal.obj
 0002:00001210       ??_C@_09CFCBFJND@Not?5Found?$AA@ 00019210     BasePrintLib:PrintLibInternal.obj
 0002:0000121c       ??_C@_0O@JNCJKCCD@Media?5changed?$AA@ 0001921c     BasePrintLib:PrintLibInternal.obj
 0002:0000122c       ??_C@_08KEGAJDNN@No?5Media?$AA@ 0001922c     BasePrintLib:PrintLibInternal.obj
 0002:00001238       ??_C@_0M@HDLEPOFA@Volume?5Full?$AA@ 00019238     BasePrintLib:PrintLibInternal.obj
 0002:00001244       ??_C@_0P@EIOJGIF@Volume?5Corrupt?$AA@ 00019244     BasePrintLib:PrintLibInternal.obj
 0002:00001254       ??_C@_0BB@GOILNEAA@Out?5of?5Resources?$AA@ 00019254     BasePrintLib:PrintLibInternal.obj
 0002:00001268       ??_C@_0BA@LNEDDFNB@Write?5Protected?$AA@ 00019268     BasePrintLib:PrintLibInternal.obj
 0002:00001278       ??_C@_0N@HHEABDHO@Device?5Error?$AA@ 00019278     BasePrintLib:PrintLibInternal.obj
 0002:00001288       ??_C@_09NKFGCIPN@Not?5Ready?$AA@ 00019288     BasePrintLib:PrintLibInternal.obj
 0002:00001294       ??_C@_0BB@EGELJFOB@Buffer?5Too?5Small?$AA@ 00019294     BasePrintLib:PrintLibInternal.obj
 0002:000012a8       ??_C@_0BA@FLNMPMCF@Bad?5Buffer?5Size?$AA@ 000192a8     BasePrintLib:PrintLibInternal.obj
 0002:000012b8       ??_C@_0M@BEECMOIL@Unsupported?$AA@ 000192b8     BasePrintLib:PrintLibInternal.obj
 0002:000012c4       ??_C@_0BC@HOFHKGJN@Invalid?5Parameter?$AA@ 000192c4     BasePrintLib:PrintLibInternal.obj
 0002:000012d8       ??_C@_0L@PLPBEPPC@Load?5Error?$AA@ 000192d8     BasePrintLib:PrintLibInternal.obj
 0002:000012e4       ??_C@_0BD@IFJNJCCO@Warning?5Stale?5Data?$AA@ 000192e4     BasePrintLib:PrintLibInternal.obj
 0002:000012f8       ??_C@_0BJ@ODIPDGHB@Warning?5Buffer?5Too?5Small?$AA@ 000192f8     BasePrintLib:PrintLibInternal.obj
 0002:00001314       ??_C@_0BG@ECIJMOED@Warning?5Write?5Failure?$AA@ 00019314     BasePrintLib:PrintLibInternal.obj
 0002:0000132c       ??_C@_0BH@GKKCJEPJ@Warning?5Delete?5Failure?$AA@ 0001932c     BasePrintLib:PrintLibInternal.obj
 0002:00001344       ??_C@_0BG@CFJMNNJK@Warning?5Unknown?5Glyph?$AA@ 00019344     BasePrintLib:PrintLibInternal.obj
 0002:0000135c       ??_C@_07PBILKAFL@Success?$AA@ 0001935c     BasePrintLib:PrintLibInternal.obj
 0002:00001364       _mHexStr                   00019364     BasePrintLib:PrintLibInternal.obj
 0002:00001378       _mStatusString             00019378     BasePrintLib:PrintLibInternal.obj
 0002:00001414       ??_C@_0DC@CHCEMEEB@q?3?2MdePkg?2Library?2BasePrintLib?2P@ 00019414     BasePrintLib:PrintLibInternal.obj
 0002:00001448       ??_C@_0CB@NIHAJGJE@StrSize?5?$CI?$CICHAR16?5?$CK?$CJ?5Format?$CJ?5?$CB?$DN?50@ 00019448     BasePrintLib:PrintLibInternal.obj
 0002:0000146c       ??_C@_0BL@BFEFANFD@AsciiStrSize?5?$CIFormat?$CJ?5?$CB?$DN?50?$AA@ 0001946c     BasePrintLib:PrintLibInternal.obj
 0002:00001488       ??_C@_0O@MLOLIMFM@?$DMnull?5string?$DO?$AA@ 00019488     BasePrintLib:PrintLibInternal.obj
 0002:00001498       ??_C@_0M@BJJDNPHK@?$DMnull?5guid?$DO?$AA@ 00019498     BasePrintLib:PrintLibInternal.obj
 0002:000014a4       ??_C@_0DB@PMLHLBMO@?$CF08x?9?$CF04x?9?$CF04x?9?$CF02x?$CF02x?9?$CF02x?$CF02x@ 000194a4     BasePrintLib:PrintLibInternal.obj
 0002:000014d8       ??_C@_0M@LHGBCIKM@?$DMnull?5time?$DO?$AA@ 000194d8     BasePrintLib:PrintLibInternal.obj
 0002:000014e4       ??_C@_0BK@FCPKCIDD@?$CF02d?1?$CF02d?1?$CF04d?5?5?$CF02d?3?$CF02d?$AA@ 000194e4     BasePrintLib:PrintLibInternal.obj
 0002:00001500       ??_C@_04JIMNDDED@?$CF08X?$AA@ 00019500     BasePrintLib:PrintLibInternal.obj
 0002:00001508       ??_C@_02PCIJFNDE@?$AN?6?$AA@ 00019508     BasePrintLib:PrintLibInternal.obj
 0002:0000150c       ??_C@_01LIIJDEN@?$AN?$AA@  0001950c     BasePrintLib:PrintLibInternal.obj
 0002:00001510       ??_C@_0EM@FPGGOFNC@?$CI?$CI?$CIFlags?5?$CG?50x00000040?$CJ?5?$DN?$DN?50?$CJ?$CJ?5?$HM?$HM@ 00019510     BasePrintLib:PrintLibInternal.obj
 0002:00001560       ??_C@_0EG@NFDMKACK@?$CI?$CI?$CIFlags?5?$CG?50x00000040?$CJ?5?$CB?$DN?50?$CJ?$CJ?5?$HM?$HM@ 00019560     BasePrintLib:PrintLibInternal.obj
 0002:000015a8       ??_C@_0EK@PAKOFLDC@q?3?2MdePkg?2Library?2UefiDevicePath@ 000195a8     UefiDevicePathLibDevicePathProtocol:UefiDevicePathLib.obj
 0002:000015f4       ??_C@_0DC@CNNBPJA@mDevicePathLibDevicePathUtilitie@ 000195f4     UefiDevicePathLibDevicePathProtocol:UefiDevicePathLib.obj
 0002:00001628       ??_C@_0BE@OBDFIHND@gRT?5?$CB?$DN?5?$CI?$CIvoid?5?$CK?$CJ?50?$CJ?$AA@ 00019628     UefiRuntimeServicesTableLib:UefiRuntimeServicesTableLib.obj
 0002:00001640       ??_C@_0EM@DLKNJEFG@q?3?2MdePkg?2Library?2UefiRuntimeSer@ 00019640     UefiRuntimeServicesTableLib:UefiRuntimeServicesTableLib.obj
 0002:0000168c       ??_C@_0CM@BJEOHNPB@q?3?2MdePkg?2Library?2UefiLib?2UefiDr@ 0001968c     UefiLib:UefiDriverModel.obj
 0002:000016b8       ??_C@_0CF@EEAPHGAM@q?3?2MdePkg?2Library?2DxeHobLib?2HobL@ 000196b8     DxeHobLib:HobLib.obj
 0002:000016e0       ??_C@_0BJ@OBFMLLDO@mHobList?5?$CB?$DN?5?$CI?$CIvoid?5?$CK?$CJ?50?$CJ?$AA@ 000196e0     DxeHobLib:HobLib.obj
 0002:000016fc       ??_C@_0BJ@NOLLDKJB@HobStart?5?$CB?$DN?5?$CI?$CIvoid?5?$CK?$CJ?50?$CJ?$AA@ 000196fc     DxeHobLib:HobLib.obj
 0002:00001718       ??_C@_1BC@DPOIABCP@?$AAE?$AAF?$AAI?$AAD?$AAe?$AAb?$AAu?$AAg?$AA?$AA@ 00019718     DxeDebugPrintErrorLevelLib:DxeDebugPrintErrorLevelLib.obj
 0002:0000172c       ??_C@_0CL@PNMKIFDE@q?3?2MdeModulePkg?2Library?2DxeDpcLi@ 0001972c     DxeDpcLib:DpcLib.obj
 0002:00001758       ??_C@_0CO@LGICBGGF@q?3?2MdeModulePkg?2Library?2DxeNetLi@ 00019758     DxeNetLib:DxeNetLib.obj
 0002:00001788       ??_C@_0EG@FMMHPKDI@?$CIServiceBindingGuid?5?$CB?$DN?5?$CI?$CIvoid?5?$CK?$CJ@ 00019788     DxeNetLib:DxeNetLib.obj
 0002:000017d0       ??_C@_0CD@PCCGAHJM@ServiceBindingGuid?5?$CB?$DN?5?$CI?$CIvoid?5?$CK?$CJ?5@ 000197d0     DxeNetLib:DxeNetLib.obj
 0002:000017f4       ??_C@_0BA@MDHFKOHH@BlockOpNum?5?$DO?$DN?51?$AA@ 000197f4     DxeNetLib:NetBuffer.obj
 0002:00001804       ??_C@_0CO@KIKLEOAI@q?3?2MdeModulePkg?2Library?2DxeNetLi@ 00019804     DxeNetLib:NetBuffer.obj
 0002:00001834       ??_C@_07DJKBCKNJ@Len?5?$DO?50?$AA@ 00019834     DxeNetLib:NetBuffer.obj
 0002:0000183c       ??_C@_0BH@HKOFEGGJ@Vector?5?$CB?$DN?5?$CI?$CIvoid?5?$CK?$CJ?50?$CJ?$AA@ 0001983c     DxeNetLib:NetBuffer.obj
 0002:00001858       ??_C@_0GP@BJHFFKHJ@?$CI?$CIVector?$CJ?5?$CB?$DN?5?$CI?$CIvoid?5?$CK?$CJ?50?$CJ?$CJ?5?$CG?$CG?5?$CI?$CI@ 00019858     DxeNetLib:NetBuffer.obj
 0002:000018c8       ??_C@_0BD@DIPGLBBO@Vector?9?$DORefCnt?5?$DO?50?$AA@ 000198c8     DxeNetLib:NetBuffer.obj
 0002:000018dc       ??_C@_0BF@LJMLDKHP@Nbuf?5?$CB?$DN?5?$CI?$CIvoid?5?$CK?$CJ?50?$CJ?$AA@ 000198dc     DxeNetLib:NetBuffer.obj
 0002:000018f8       ??_C@_0GL@IFMHLCLE@?$CI?$CINbuf?$CJ?5?$CB?$DN?5?$CI?$CIvoid?5?$CK?$CJ?50?$CJ?$CJ?5?$CG?$CG?5?$CI?$CINb@ 000198f8     DxeNetLib:NetBuffer.obj
 0002:00001964       ??_C@_0BB@DOGOGLPG@Nbuf?9?$DORefCnt?5?$DO?50?$AA@ 00019964     DxeNetLib:NetBuffer.obj
 0002:00001978       ??_C@_0HL@FGMBHKJG@?$CI?$CINbuf?9?$DOVector?$CJ?5?$CB?$DN?5?$CI?$CIvoid?5?$CK?$CJ?50?$CJ?$CJ@ 00019978     DxeNetLib:NetBuffer.obj
 0002:000019f4       ??_C@_0BJ@KIFBBHL@Index?5?$DM?5Nbuf?9?$DOBlockOpNum?$AA@ 000199f4     DxeNetLib:NetBuffer.obj
 0002:00001a10       ??_C@_0EL@JHACLFKC@?$CIExtFragment?5?$CB?$DN?5?$CI?$CIvoid?5?$CK?$CJ?50?$CJ?$CJ?5?$CG?$CG@ 00019a10     DxeNetLib:NetBuffer.obj
 0002:00001a5c       ??_C@_04IFLCJLKB@Dest?$AA@ 00019a5c     DxeNetLib:NetBuffer.obj
 0002:00001a68       ??_C@_0EF@PCDGLKLI@q?3?2MdeModulePkg?2Library?2DxeRepor@ 00019a68     DxeReportStatusCodeLib:ReportStatusCodeLib.obj
 0002:00001ab0       ??_C@_0DN@HHIHPHHB@?$CB?$CI?$CIExtendedData?5?$DN?$DN?5?$CI?$CIvoid?5?$CK?$CJ?50?$CJ?$CJ@ 00019ab0     DxeReportStatusCodeLib:ReportStatusCodeLib.obj
 0002:00001af0       ??_C@_0DN@BBBIFINB@?$CB?$CI?$CIExtendedData?5?$CB?$DN?5?$CI?$CIvoid?5?$CK?$CJ?50?$CJ?$CJ@ 00019af0     DxeReportStatusCodeLib:ReportStatusCodeLib.obj
 0002:00001b30       ??_C@_0DI@MIEIGAOH@Status?5code?5extended?5data?5is?5too@ 00019b30     DxeReportStatusCodeLib:ReportStatusCodeLib.obj
 0002:00001b68       ??_C@_0CG@MHAECJIA@q?3?2MdePkg?2Library?2BaseLib?2Unalig@ 00019b68     BaseLib:Unaligned.obj
 0002:00001b90       ??_C@_0CP@CPEPIGGJ@q?3?2MdePkg?2Library?2BaseLib?2DivU64@ 00019b90     BaseLib:DivU64x32Remainder.obj
 0003:00000000       _gEfiCallerIdGuid          0001a000     Mtftp4Dxe:AutoGen.obj
 0003:00000010       _gEfiStatusCodeSpecificDataGuid 0001a010     Mtftp4Dxe:AutoGen.obj
 0003:00000020       _gEfiStatusCodeDataTypeDebugGuid 0001a020     Mtftp4Dxe:AutoGen.obj
 0003:00000030       _gEfiHobListGuid           0001a030     Mtftp4Dxe:AutoGen.obj
 0003:00000040       _gEfiGenericVariableGuid   0001a040     Mtftp4Dxe:AutoGen.obj
 0003:00000050       _gEfiMtftp4ServiceBindingProtocolGuid 0001a050     Mtftp4Dxe:AutoGen.obj
 0003:00000060       _gEfiUdp4ServiceBindingProtocolGuid 0001a060     Mtftp4Dxe:AutoGen.obj
 0003:00000070       _gEfiMtftp4ProtocolGuid    0001a070     Mtftp4Dxe:AutoGen.obj
 0003:00000080       _gEfiUdp4ProtocolGuid      0001a080     Mtftp4Dxe:AutoGen.obj
 0003:00000090       _gEfiStatusCodeRuntimeProtocolGuid 0001a090     Mtftp4Dxe:AutoGen.obj
 0003:000000a0       _gEfiUdp6ServiceBindingProtocolGuid 0001a0a0     Mtftp4Dxe:AutoGen.obj
 0003:000000b0       _gEfiUdp6ProtocolGuid      0001a0b0     Mtftp4Dxe:AutoGen.obj
 0003:000000c0       _gEfiDevicePathUtilitiesProtocolGuid 0001a0c0     Mtftp4Dxe:AutoGen.obj
 0003:000000d0       _gEfiDriverBindingProtocolGuid 0001a0d0     Mtftp4Dxe:AutoGen.obj
 0003:000000e0       _gEfiComponentNameProtocolGuid 0001a0e0     Mtftp4Dxe:AutoGen.obj
 0003:000000f0       _gEfiComponentName2ProtocolGuid 0001a0f0     Mtftp4Dxe:AutoGen.obj
 0003:00000100       _gEfiDebugMaskProtocolGuid 0001a100     Mtftp4Dxe:AutoGen.obj
 0003:00000110       _gEfiDpcProtocolGuid       0001a110     Mtftp4Dxe:AutoGen.obj
 0003:00000120       _gEfiLoadedImageProtocolGuid 0001a120     Mtftp4Dxe:AutoGen.obj
 0003:00000130       _mDebugMaskProtocol        0001a130     DxeDebugPrintErrorLevelLib:DxeDebugPrintErrorLevelLib.obj
 0003:00000140       _mMtftp4SupportedOptions   0001a140     Mtftp4Dxe:Mtftp4Option.obj
 0003:00000150       _gMtftp4ProtocolTemplate   0001a150     Mtftp4Dxe:Mtftp4Impl.obj
 0003:00000170       _gMtftp4DriverBinding      0001a170     Mtftp4Dxe:Mtftp4Driver.obj
 0003:00000188       _gMtftp4ServiceBindingTemplete 0001a188     Mtftp4Dxe:Mtftp4Driver.obj
 0003:00000190       _gMtftp4ComponentName      0001a190     Mtftp4Dxe:ComponentName.obj
 0003:0000019c       _gMtftp4ComponentName2     0001a19c     Mtftp4Dxe:ComponentName.obj
 0003:000001a8       _mMtftp4DriverNameTable    0001a1a8     Mtftp4Dxe:ComponentName.obj
 0003:000001b8       _gIp4AllMasks              0001a1b8     DxeNetLib:DxeNetLib.obj
 0003:0000023c       _gMtftp4ControllerNameTable 0001a23c     Mtftp4Dxe:ComponentName.obj
 0003:00000240       _gImageHandle              0001a240     UefiBootServicesTableLib:UefiBootServicesTableLib.obj
 0003:00000244       _gST                       0001a244     UefiBootServicesTableLib:UefiBootServicesTableLib.obj
 0003:00000248       _gBS                       0001a248     UefiBootServicesTableLib:UefiBootServicesTableLib.obj
 0003:0000024c       _gRT                       0001a24c     UefiRuntimeServicesTableLib:UefiRuntimeServicesTableLib.obj
 0003:00000250       _mHobList                  0001a250     DxeHobLib:HobLib.obj
 0003:00000254       _mGlobalErrorLevelInitialized 0001a254     DxeDebugPrintErrorLevelLib:DxeDebugPrintErrorLevelLib.obj
 0003:00000258       _mDebugPrintErrorLevel     0001a258     DxeDebugPrintErrorLevelLib:DxeDebugPrintErrorLevelLib.obj
 0003:0000025c       _mSystemTable              0001a25c     DxeDebugPrintErrorLevelLib:DxeDebugPrintErrorLevelLib.obj
 0003:00000260       _mReportStatusCodeLibStatusCodeProtocol 0001a260     DxeReportStatusCodeLib:ReportStatusCodeLib.obj
 0003:00000264       _mDevicePathLibDevicePathUtilities 0001a264     UefiDevicePathLibDevicePathProtocol:UefiDevicePathLib.obj
 0003:00000268       _mZeroIp4Addr              0001a268     DxeNetLib:DxeNetLib.obj
 0003:0000026c       _mDpc                      0001a26c     <common>

 entry point at        0001:00000024

 Static symbols

