 MSRRead

 Timestamp is 621f3f4c (Wed Mar 02 17:56:28 2022)

 Preferred load address is 0000000000000000

 Start         Length     Name                   Class
 0001:00000000 000019c6H .text                   CODE
 0002:00000000 00000000H .data                   DATA
 0002:00000000 00000c37H .rdata                  DATA
 0002:00000c38 00000020H .bss                    DATA
 0003:00000000 00000120H .pdata                  DATA
 0004:00000000 000000b4H .xdata                  DATA

  Address         Publics by Value              Rva+Base               Lib:Object

 0001:00000000       _ModuleEntryPoint          00000000000002a0 f   UefiApplicationEntryPoint:ApplicationEntryPoint.obj
 0001:00000064       ProcessLibraryConstructorList 0000000000000304 f   MSRRead:AutoGen.obj
 0001:000001a4       ProcessModuleEntryPointList 0000000000000444 f   MSRRead:AutoGen.obj
 0001:000001ac       UefiMain                   000000000000044c f   MSRRead:MSRRead.obj
 0001:000002a0       DebugPrint                 0000000000000540 f   BaseDebugLibNull:DebugLib.obj
 0001:000002ac       ProcessLibraryDestructorList 000000000000054c f   MSRRead:AutoGen.obj
 0001:000002ac       DebugAssert                000000000000054c f   BaseDebugLibNull:DebugLib.obj
 0001:000002b0       DebugAssertEnabled         0000000000000550 f   BaseDebugLibNull:DebugLib.obj
 0001:000002b0       DebugPrintLevelEnabled     0000000000000550 f   BaseDebugLibNull:DebugLib.obj
 0001:000002b0       DebugPrintEnabled          0000000000000550 f   BaseDebugLibNull:DebugLib.obj
 0001:000002b4       BitFieldRead64             0000000000000554 f   BaseLib:BitField.obj
 0001:00000348       AsmReadMsr64               00000000000005e8 f   BaseLib:ReadMsr64.obj
 0001:00000354       StrLen                     00000000000005f4 f   BaseLib:String.obj
 0001:0000040c       StrSize                    00000000000006ac f   BaseLib:String.obj
 0001:00000420       InternalHexCharToUintn     00000000000006c0 f   BaseLib:String.obj
 0001:00000450       InternalIsHexaDecimalDigitCharacter 00000000000006f0 f   BaseLib:String.obj
 0001:00000478       StrHexToUintn              0000000000000718 f   BaseLib:String.obj
 0001:00000564       AsciiStrLen                0000000000000804 f   BaseLib:String.obj
 0001:000005ec       AsciiStrSize               000000000000088c f   BaseLib:String.obj
 0001:00000600       RShiftU64                  00000000000008a0 f   BaseLib:RShiftU64.obj
 0001:0000064c       LShiftU64                  00000000000008ec f   BaseLib:LShiftU64.obj
 0001:00000698       InternalMathLShiftU64      0000000000000938 f   BaseLib:Math64.obj
 0001:000006a4       InternalMathRShiftU64      0000000000000944 f   BaseLib:Math64.obj
 0001:000006b0       InternalMathDivRemU64x32   0000000000000950 f   BaseLib:Math64.obj
 0001:000006cc       UefiBootServicesTableLibConstructor 000000000000096c f   UefiBootServicesTableLib:UefiBootServicesTableLib.obj
 0001:00000778       UefiRuntimeServicesTableLibConstructor 0000000000000a18 f   UefiRuntimeServicesTableLib:UefiRuntimeServicesTableLib.obj
 0001:000007bc       UefiLibConstructor         0000000000000a5c f   UefiLib:UefiLib.obj
 0001:000007c0       InternalPrint              0000000000000a60 f   UefiLib:UefiLibPrint.obj
 0001:000008e0       Print                      0000000000000b80 f   UefiLib:UefiLibPrint.obj
 0001:00000910       ReadUnaligned16            0000000000000bb0 f   BaseLib:Unaligned.obj
 0001:00000948       ReadUnaligned32            0000000000000be8 f   BaseLib:Unaligned.obj
 0001:00000980       InternalAllocatePool       0000000000000c20 f   UefiMemoryAllocationLib:MemoryAllocationLib.obj
 0001:000009ac       AllocatePool               0000000000000c4c f   UefiMemoryAllocationLib:MemoryAllocationLib.obj
 0001:000009bc       FreePool                   0000000000000c5c f   UefiMemoryAllocationLib:MemoryAllocationLib.obj
 0001:00000a30       UnicodeVSPrint             0000000000000cd0 f   BasePrintLib:PrintLib.obj
 0001:00000ad4       BasePrintLibFillBuffer     0000000000000d74 f   BasePrintLib:PrintLibInternal.obj
 0001:00000b08       BasePrintLibValueToString  0000000000000da8 f   BasePrintLib:PrintLibInternal.obj
 0001:00000b58       BasePrintLibSPrintMarker   0000000000000df8 f   BasePrintLib:PrintLibInternal.obj
 0001:0000194c       BasePrintLibSPrint         0000000000001bec f   BasePrintLib:PrintLibInternal.obj
 0001:00001970       DivU64x32Remainder         0000000000001c10 f   BaseLib:DivU64x32Remainder.obj
 0002:00000000       _gPcd_FixedAtBuild_PcdMaximumUnicodeStringLength 0000000000001c80     MSRRead:AutoGen.obj
 0002:00000000       _gPcd_FixedAtBuild_PcdMaximumAsciiStringLength 0000000000001c80     MSRRead:AutoGen.obj
 0002:00000004       _gPcd_FixedAtBuild_PcdUefiLibMaxPrintBufferSize 0000000000001c84     MSRRead:AutoGen.obj
 0002:00000008       _gUefiDriverRevision       0000000000001c88     MSRRead:AutoGen.obj
 0002:00000010       ??_C@_0FE@EIDEIKLG@q?3?2Build?2MyPkg?2RELEASE_DEVTLS?2X6@ 0000000000001c90     MSRRead:AutoGen.obj
 0002:00000068       ??_C@_0BE@DCHLEIGN@?$CBEFI_ERROR?5?$CIStatus?$CJ?$AA@ 0000000000001ce8     MSRRead:AutoGen.obj
 0002:00000080       ??_C@_0CB@DMEJJJHA@?6ASSERT_EFI_ERROR?5?$CIStatus?5?$DN?5?$CFr?$CJ?6@ 0000000000001d00     MSRRead:AutoGen.obj
 0002:000000a8       ??_C@_1DK@NPKBKCEP@?$AAP?$AAl?$AAe?$AAa?$AAs?$AAe?$AA?5?$AAe?$AAn?$AAt?$AAe?$AAr?$AA?5?$AAt?$AAh?$AAe?$AA?5?$AAM?$AAS?$AAR?$AA?5?$AAi?$AAn?$AAd?$AAe?$AAx?$AA?$CB?$AA?6?$AA?$AA@ 0000000000001d28     MSRRead:MSRRead.obj
 0002:000000e8       ??_C@_1CK@DJCJOCGJ@?$AAE?$AAD?$AAX?$AA?3?$AA?5?$AA?$CF?$AA0?$AA8?$AAx?$AA?6?$AAE?$AAA?$AAX?$AA?3?$AA?5?$AA?$CF?$AA0?$AA8?$AAx?$AA?6?$AA?$AA@ 0000000000001d68     MSRRead:MSRRead.obj
 0002:00000120       ??_C@_1JA@MNIDAKEF@?$AA?6?$AAS?$AAo?$AAr?$AAr?$AAy?$AA?0?$AA?5?$AAg?$AAe?$AAt?$AAt?$AAi?$AAn?$AAg?$AA?5?$AAs?$AAh?$AAe?$AAl?$AAl?$AA?5?$AAp?$AAa?$AAr?$AAa?$AAm?$AAe?$AAt?$AAe?$AAr?$AAs@ 0000000000001da0     MSRRead:MSRRead.obj
 0002:000001b0       ??_C@_0CF@FLKEBLFI@q?3?2MdePkg?2Library?2BaseLib?2BitFie@ 0000000000001e30     BaseLib:BitField.obj
 0002:000001d8       ??_C@_0BD@JDBPFJOM@StartBit?5?$DM?$DN?5EndBit?$AA@ 0000000000001e58     BaseLib:BitField.obj
 0002:000001f0       ??_C@_0M@IJCABBDH@EndBit?5?$DM?564?$AA@ 0000000000001e70     BaseLib:BitField.obj
 0002:00000200       ??_C@_0DK@EOJCOAME@Length?5?$DM?5_gPcd_FixedAtBuild_PcdM@ 0000000000001e80     BaseLib:String.obj
 0002:00000240       ??_C@_0CD@BDCLIGHD@?$CI?$CIUINTN?$CJ?5String?5?$CG?50x00000001?$CJ?5?$DN?$DN@ 0000000000001ec0     BaseLib:String.obj
 0002:00000268       ??_C@_0CD@OOJADBME@q?3?2MdePkg?2Library?2BaseLib?2String@ 0000000000001ee8     BaseLib:String.obj
 0002:00000290       ??_C@_0BH@MAAHKCPC@String?5?$CB?$DN?5?$CI?$CIvoid?5?$CK?$CJ?50?$CJ?$AA@ 0000000000001f10     BaseLib:String.obj
 0002:000002a8       ??_C@_0BG@KBNOLIGE@StrSize?5?$CIString?$CJ?5?$CB?$DN?50?$AA@ 0000000000001f28     BaseLib:String.obj
 0002:000002c0       ??_C@_0ED@BNMFHFDG@Result?5?$DM?$DN?5?$CI?$CI?$CI?$CIUINTN?$CJ?5?$HO0?$CJ?5?9?5Inter@ 0000000000001f40     BaseLib:String.obj
 0002:00000308       ??_C@_0DI@MDIKFADO@Length?5?$DM?5_gPcd_FixedAtBuild_PcdM@ 0000000000001f88     BaseLib:String.obj
 0002:00000340       ??_C@_0CG@LDPFHBLJ@q?3?2MdePkg?2Library?2BaseLib?2RShift@ 0000000000001fc0     BaseLib:RShiftU64.obj
 0002:00000368       ??_C@_0L@MEMPDLHB@Count?5?$DM?564?$AA@ 0000000000001fe8     BaseLib:RShiftU64.obj
 0002:00000378       ??_C@_0CG@FGNMEPFL@q?3?2MdePkg?2Library?2BaseLib?2LShift@ 0000000000001ff8     BaseLib:LShiftU64.obj
 0002:000003a0       ??_C@_0N@KGHEHMDL@Divisor?5?$CB?$DN?50?$AA@ 0000000000002020     BaseLib:DivU64x32.obj
 0002:000003b0       ??_C@_0BE@BDFJLGLN@gBS?5?$CB?$DN?5?$CI?$CIvoid?5?$CK?$CJ?50?$CJ?$AA@ 0000000000002030     UefiBootServicesTableLib:UefiBootServicesTableLib.obj
 0002:000003c8       ??_C@_0BE@DGNHAHIL@gST?5?$CB?$DN?5?$CI?$CIvoid?5?$CK?$CJ?50?$CJ?$AA@ 0000000000002048     UefiBootServicesTableLib:UefiBootServicesTableLib.obj
 0002:000003e0       ??_C@_0EG@IHBEIGJL@q?3?2MdePkg?2Library?2UefiBootServic@ 0000000000002060     UefiBootServicesTableLib:UefiBootServicesTableLib.obj
 0002:00000428       ??_C@_0BN@COECPDCC@gImageHandle?5?$CB?$DN?5?$CI?$CIvoid?5?$CK?$CJ?50?$CJ?$AA@ 00000000000020a8     UefiBootServicesTableLib:UefiBootServicesTableLib.obj
 0002:00000450       ??_C@_0EM@DLKNJEFG@q?3?2MdePkg?2Library?2UefiRuntimeSer@ 00000000000020d0     UefiRuntimeServicesTableLib:UefiRuntimeServicesTableLib.obj
 0002:000004a0       ??_C@_0BE@OBDFIHND@gRT?5?$CB?$DN?5?$CI?$CIvoid?5?$CK?$CJ?50?$CJ?$AA@ 0000000000002120     UefiRuntimeServicesTableLib:UefiRuntimeServicesTableLib.obj
 0002:000004b8       ??_C@_0BH@IACGKAP@Buffer?5?$CB?$DN?5?$CI?$CIvoid?5?$CK?$CJ?50?$CJ?$AA@ 0000000000002138     UefiLib:UefiLibPrint.obj
 0002:000004d0       ??_C@_0BI@DIKLKBJC@Console?5?$CB?$DN?5?$CI?$CIvoid?5?$CK?$CJ?50?$CJ?$AA@ 0000000000002150     UefiLib:UefiLibPrint.obj
 0002:000004e8       ??_C@_0CD@NJDNMGBE@?$CI?$CIUINTN?$CJ?5Format?5?$CG?50x00000001?$CJ?5?$DN?$DN@ 0000000000002168     UefiLib:UefiLibPrint.obj
 0002:00000510       ??_C@_0CJ@ICOLKBCP@q?3?2MdePkg?2Library?2UefiLib?2UefiLi@ 0000000000002190     UefiLib:UefiLibPrint.obj
 0002:00000540       ??_C@_0BH@LKMBFCBF@Format?5?$CB?$DN?5?$CI?$CIvoid?5?$CK?$CJ?50?$CJ?$AA@ 00000000000021c0     UefiLib:UefiLibPrint.obj
 0002:00000558       ??_C@_0CG@MHAECJIA@q?3?2MdePkg?2Library?2BaseLib?2Unalig@ 00000000000021d8     BaseLib:Unaligned.obj
 0002:00000580       ??_C@_0EA@JCDEKIGH@q?3?2MdePkg?2Library?2UefiMemoryAllo@ 0000000000002200     UefiMemoryAllocationLib:MemoryAllocationLib.obj
 0002:000005c0       ??_C@_0CH@KJLBGOBB@?$CI?$CI?$CIUINTN?$CJ?5?$CIFormatString?$CJ?$CJ?5?$CG?50x01@ 0000000000002240     BasePrintLib:PrintLib.obj
 0002:000005e8       ??_C@_0CK@LOLCLJPB@q?3?2MdePkg?2Library?2BasePrintLib?2P@ 0000000000002268     BasePrintLib:PrintLib.obj
 0002:00000618       ??_C@_0CI@BGLNHBLM@?$CI?$CI?$CIUINTN?$CJ?5?$CIStartOfBuffer?$CJ?$CJ?5?$CG?50x0@ 0000000000002298     BasePrintLib:PrintLib.obj
 0002:00000640       ??_C@_0BB@MFGDFIJM@Compromised?5Data?$AA@ 00000000000022c0     BasePrintLib:PrintLibInternal.obj
 0002:00000658       ??_C@_0BB@KFJAMCOC@Invalid?5Language?$AA@ 00000000000022d8     BasePrintLib:PrintLibInternal.obj
 0002:00000670       ??_C@_0M@FKGOBENP@End?5of?5File?$AA@ 00000000000022f0     BasePrintLib:PrintLibInternal.obj
 0002:00000680       ??_C@_0O@GLPDOMCP@Reserved?5?$CI30?$CJ?$AA@ 0000000000002300     BasePrintLib:PrintLibInternal.obj
 0002:00000690       ??_C@_0O@NMJOLAMF@Reserved?5?$CI29?$CJ?$AA@ 0000000000002310     BasePrintLib:PrintLibInternal.obj
 0002:000006a0       ??_C@_0N@JEJDHPO@End?5of?5Media?$AA@ 0000000000002320     BasePrintLib:PrintLibInternal.obj
 0002:000006b0       ??_C@_09BOMAGJEG@CRC?5Error?$AA@ 0000000000002330     BasePrintLib:PrintLibInternal.obj
 0002:000006c0       ??_C@_0BD@KHMPCIOG@Security?5Violation?$AA@ 0000000000002340     BasePrintLib:PrintLibInternal.obj
 0002:000006d8       ??_C@_0BF@EHOBGFMI@Incompatible?5Version?$AA@ 0000000000002358     BasePrintLib:PrintLibInternal.obj
 0002:000006f0       ??_C@_0P@NCJHBCLM@Protocol?5Error?$AA@ 0000000000002370     BasePrintLib:PrintLibInternal.obj
 0002:00000700       ??_C@_0L@DJKNJKHM@TFTP?5Error?$AA@ 0000000000002380     BasePrintLib:PrintLibInternal.obj
 0002:00000710       ??_C@_0L@LKIFCMNO@ICMP?5Error?$AA@ 0000000000002390     BasePrintLib:PrintLibInternal.obj
 0002:00000720       ??_C@_07LCKDCBKK@Aborted?$AA@ 00000000000023a0     BasePrintLib:PrintLibInternal.obj
 0002:00000728       ??_C@_0BA@IGIBFFPH@Already?5started?$AA@ 00000000000023a8     BasePrintLib:PrintLibInternal.obj
 0002:00000738       ??_C@_0M@DCJFAFHJ@Not?5started?$AA@ 00000000000023b8     BasePrintLib:PrintLibInternal.obj
 0002:00000748       ??_C@_08PAFJCNGP@Time?5out?$AA@ 00000000000023c8     BasePrintLib:PrintLibInternal.obj
 0002:00000758       ??_C@_0L@IFPBNFC@No?5mapping?$AA@ 00000000000023d8     BasePrintLib:PrintLibInternal.obj
 0002:00000768       ??_C@_0M@ENKCBFEP@No?5Response?$AA@ 00000000000023e8     BasePrintLib:PrintLibInternal.obj
 0002:00000778       ??_C@_0O@NFHOBIDO@Access?5Denied?$AA@ 00000000000023f8     BasePrintLib:PrintLibInternal.obj
 0002:00000788       ??_C@_09CFCBFJND@Not?5Found?$AA@ 0000000000002408     BasePrintLib:PrintLibInternal.obj
 0002:00000798       ??_C@_0O@JNCJKCCD@Media?5changed?$AA@ 0000000000002418     BasePrintLib:PrintLibInternal.obj
 0002:000007a8       ??_C@_08KEGAJDNN@No?5Media?$AA@ 0000000000002428     BasePrintLib:PrintLibInternal.obj
 0002:000007b8       ??_C@_0M@HDLEPOFA@Volume?5Full?$AA@ 0000000000002438     BasePrintLib:PrintLibInternal.obj
 0002:000007c8       ??_C@_0P@EIOJGIF@Volume?5Corrupt?$AA@ 0000000000002448     BasePrintLib:PrintLibInternal.obj
 0002:000007d8       ??_C@_0BB@GOILNEAA@Out?5of?5Resources?$AA@ 0000000000002458     BasePrintLib:PrintLibInternal.obj
 0002:000007f0       ??_C@_0BA@LNEDDFNB@Write?5Protected?$AA@ 0000000000002470     BasePrintLib:PrintLibInternal.obj
 0002:00000800       ??_C@_0N@HHEABDHO@Device?5Error?$AA@ 0000000000002480     BasePrintLib:PrintLibInternal.obj
 0002:00000810       ??_C@_09NKFGCIPN@Not?5Ready?$AA@ 0000000000002490     BasePrintLib:PrintLibInternal.obj
 0002:00000820       ??_C@_0BB@EGELJFOB@Buffer?5Too?5Small?$AA@ 00000000000024a0     BasePrintLib:PrintLibInternal.obj
 0002:00000838       ??_C@_0BA@FLNMPMCF@Bad?5Buffer?5Size?$AA@ 00000000000024b8     BasePrintLib:PrintLibInternal.obj
 0002:00000848       ??_C@_0M@BEECMOIL@Unsupported?$AA@ 00000000000024c8     BasePrintLib:PrintLibInternal.obj
 0002:00000858       ??_C@_0BC@HOFHKGJN@Invalid?5Parameter?$AA@ 00000000000024d8     BasePrintLib:PrintLibInternal.obj
 0002:00000870       ??_C@_0L@PLPBEPPC@Load?5Error?$AA@ 00000000000024f0     BasePrintLib:PrintLibInternal.obj
 0002:00000880       ??_C@_0BD@IFJNJCCO@Warning?5Stale?5Data?$AA@ 0000000000002500     BasePrintLib:PrintLibInternal.obj
 0002:00000898       ??_C@_0BJ@ODIPDGHB@Warning?5Buffer?5Too?5Small?$AA@ 0000000000002518     BasePrintLib:PrintLibInternal.obj
 0002:000008b8       ??_C@_0BG@ECIJMOED@Warning?5Write?5Failure?$AA@ 0000000000002538     BasePrintLib:PrintLibInternal.obj
 0002:000008d0       ??_C@_0BH@GKKCJEPJ@Warning?5Delete?5Failure?$AA@ 0000000000002550     BasePrintLib:PrintLibInternal.obj
 0002:000008e8       ??_C@_0BG@CFJMNNJK@Warning?5Unknown?5Glyph?$AA@ 0000000000002568     BasePrintLib:PrintLibInternal.obj
 0002:00000900       ??_C@_07PBILKAFL@Success?$AA@ 0000000000002580     BasePrintLib:PrintLibInternal.obj
 0002:00000908       mHexStr                    0000000000002588     BasePrintLib:PrintLibInternal.obj
 0002:00000920       mStatusString              00000000000025a0     BasePrintLib:PrintLibInternal.obj
 0002:00000a58       ??_C@_0DC@CHCEMEEB@q?3?2MdePkg?2Library?2BasePrintLib?2P@ 00000000000026d8     BasePrintLib:PrintLibInternal.obj
 0002:00000a90       ??_C@_0EG@NFDMKACK@?$CI?$CI?$CIFlags?5?$CG?50x00000040?$CJ?5?$CB?$DN?50?$CJ?$CJ?5?$HM?$HM@ 0000000000002710     BasePrintLib:PrintLibInternal.obj
 0002:00000ae0       ??_C@_0EM@FPGGOFNC@?$CI?$CI?$CIFlags?5?$CG?50x00000040?$CJ?5?$DN?$DN?50?$CJ?$CJ?5?$HM?$HM@ 0000000000002760     BasePrintLib:PrintLibInternal.obj
 0002:00000b2c       ??_C@_01LIIJDEN@?$AN?$AA@  00000000000027ac     BasePrintLib:PrintLibInternal.obj
 0002:00000b30       ??_C@_04JIMNDDED@?$CF08X?$AA@ 00000000000027b0     BasePrintLib:PrintLibInternal.obj
 0002:00000b38       ??_C@_0O@MLOLIMFM@?$DMnull?5string?$DO?$AA@ 00000000000027b8     BasePrintLib:PrintLibInternal.obj
 0002:00000b48       ??_C@_0BK@FCPKCIDD@?$CF02d?1?$CF02d?1?$CF04d?5?5?$CF02d?3?$CF02d?$AA@ 00000000000027c8     BasePrintLib:PrintLibInternal.obj
 0002:00000b68       ??_C@_0M@LHGBCIKM@?$DMnull?5time?$DO?$AA@ 00000000000027e8     BasePrintLib:PrintLibInternal.obj
 0002:00000b78       ??_C@_0DB@PMLHLBMO@?$CF08x?9?$CF04x?9?$CF04x?9?$CF02x?$CF02x?9?$CF02x?$CF02x@ 00000000000027f8     BasePrintLib:PrintLibInternal.obj
 0002:00000bb0       ??_C@_0M@BJJDNPHK@?$DMnull?5guid?$DO?$AA@ 0000000000002830     BasePrintLib:PrintLibInternal.obj
 0002:00000bbc       ??_C@_02PCIJFNDE@?$AN?6?$AA@ 000000000000283c     BasePrintLib:PrintLibInternal.obj
 0002:00000bc0       ??_C@_0BL@BFEFANFD@AsciiStrSize?5?$CIFormat?$CJ?5?$CB?$DN?50?$AA@ 0000000000002840     BasePrintLib:PrintLibInternal.obj
 0002:00000be0       ??_C@_0CB@NIHAJGJE@StrSize?5?$CI?$CICHAR16?5?$CK?$CJ?5Format?$CJ?5?$CB?$DN?50@ 0000000000002860     BasePrintLib:PrintLibInternal.obj
 0002:00000c08       ??_C@_0CP@CPEPIGGJ@q?3?2MdePkg?2Library?2BaseLib?2DivU64@ 0000000000002888     BaseLib:DivU64x32Remainder.obj
 0002:00000c38       gImageHandle               00000000000028b8     UefiBootServicesTableLib:UefiBootServicesTableLib.obj
 0002:00000c40       gST                        00000000000028c0     UefiBootServicesTableLib:UefiBootServicesTableLib.obj
 0002:00000c48       gBS                        00000000000028c8     UefiBootServicesTableLib:UefiBootServicesTableLib.obj
 0002:00000c50       gRT                        00000000000028d0     UefiRuntimeServicesTableLib:UefiRuntimeServicesTableLib.obj

 entry point at        0001:00000000

 Static symbols

