 ECCMD

 Timestamp is 624d24c6 (Wed Apr 06 13:27:34 2022)

 Preferred load address is 0000000000000000

 Start         Length     Name                   Class
 0001:00000000 00001ca6H .text                   CODE
 0002:00000000 00000000H .data                   DATA
 0002:00000000 00000de7H .rdata                  DATA
 0002:00000de8 00000020H .bss                    DATA
 0003:00000000 00000150H .pdata                  DATA
 0004:00000000 000000e4H .xdata                  DATA

  Address         Publics by Value              Rva+Base               Lib:Object

 0001:00000000       _ModuleEntryPoint          00000000000002a0 f   UefiApplicationEntryPoint:ApplicationEntryPoint.obj
 0001:00000064       UefiBootServicesTableLibConstructor 0000000000000304 f   UefiBootServicesTableLib:UefiBootServicesTableLib.obj
 0001:00000110       ProcessLibraryConstructorList 00000000000003b0 f   ECCMD:AutoGen.obj
 0001:00000250       ProcessModuleEntryPointList 00000000000004f0 f   ECCMD:AutoGen.obj
 0001:00000258       UefiMain                   00000000000004f8 f   ECCMD:ECCMD.obj
 0001:000002e8       DebugPrint                 0000000000000588 f   BaseDebugLibNull:DebugLib.obj
 0001:000002f4       ProcessLibraryDestructorList 0000000000000594 f   ECCMD:AutoGen.obj
 0001:000002f4       DebugAssert                0000000000000594 f   BaseDebugLibNull:DebugLib.obj
 0001:000002f8       DebugAssertEnabled         0000000000000598 f   BaseDebugLibNull:DebugLib.obj
 0001:000002f8       DebugPrintEnabled          0000000000000598 f   BaseDebugLibNull:DebugLib.obj
 0001:000002f8       DebugPrintLevelEnabled     0000000000000598 f   BaseDebugLibNull:DebugLib.obj
 0001:000002fc       WaitForIbf                 000000000000059c f   ECCommandLib:ECCommand.obj
 0001:00000340       WaitForObf                 00000000000005e0 f   ECCommandLib:ECCommand.obj
 0001:00000384       EepromAssignBank           0000000000000624 f   ECCommandLib:ECCommand.obj
 0001:000003b8       EepromReadByte             0000000000000658 f   ECCommandLib:ECCommand.obj
 0001:000003fc       EepromWriteByte            000000000000069c f   ECCommandLib:ECCommand.obj
 0001:0000045c       FormatRegisterTable256     00000000000006fc f   ECCommandLib:ECCommand.obj
 0001:00000554       EcCommand                  00000000000007f4 f   ECCommandLib:ECCommand.obj
 0001:00000780       UefiRuntimeServicesTableLibConstructor 0000000000000a20 f   UefiRuntimeServicesTableLib:UefiRuntimeServicesTableLib.obj
 0001:000007c4       UefiLibConstructor         0000000000000a64 f   UefiLib:UefiLib.obj
 0001:000007c8       InternalPrint              0000000000000a68 f   UefiLib:UefiLibPrint.obj
 0001:000008e8       Print                      0000000000000b88 f   UefiLib:UefiLibPrint.obj
 0001:00000918       IoRead8                    0000000000000bb8 f   BaseIoLibIntrinsic:IoLibMsc.obj
 0001:00000920       IoWrite8                   0000000000000bc0 f   BaseIoLibIntrinsic:IoLibMsc.obj
 0001:00000928       StrLen                     0000000000000bc8 f   BaseLib:String.obj
 0001:000009e0       StrSize                    0000000000000c80 f   BaseLib:String.obj
 0001:000009f4       InternalHexCharToUintn     0000000000000c94 f   BaseLib:String.obj
 0001:00000a24       InternalIsHexaDecimalDigitCharacter 0000000000000cc4 f   BaseLib:String.obj
 0001:00000a4c       StrHexToUintn              0000000000000cec f   BaseLib:String.obj
 0001:00000b38       AsciiStrLen                0000000000000dd8 f   BaseLib:String.obj
 0001:00000bc0       AsciiStrSize               0000000000000e60 f   BaseLib:String.obj
 0001:00000bd4       ReadUnaligned16            0000000000000e74 f   BaseLib:Unaligned.obj
 0001:00000c0c       ReadUnaligned32            0000000000000eac f   BaseLib:Unaligned.obj
 0001:00000c44       InternalMathDivRemU64x32   0000000000000ee4 f   BaseLib:Math64.obj
 0001:00000c60       InternalAllocatePool       0000000000000f00 f   UefiMemoryAllocationLib:MemoryAllocationLib.obj
 0001:00000c8c       AllocatePool               0000000000000f2c f   UefiMemoryAllocationLib:MemoryAllocationLib.obj
 0001:00000c9c       FreePool                   0000000000000f3c f   UefiMemoryAllocationLib:MemoryAllocationLib.obj
 0001:00000d10       UnicodeVSPrint             0000000000000fb0 f   BasePrintLib:PrintLib.obj
 0001:00000db4       BasePrintLibFillBuffer     0000000000001054 f   BasePrintLib:PrintLibInternal.obj
 0001:00000de8       BasePrintLibValueToString  0000000000001088 f   BasePrintLib:PrintLibInternal.obj
 0001:00000e38       BasePrintLibSPrintMarker   00000000000010d8 f   BasePrintLib:PrintLibInternal.obj
 0001:00001c2c       BasePrintLibSPrint         0000000000001ecc f   BasePrintLib:PrintLibInternal.obj
 0001:00001c50       DivU64x32Remainder         0000000000001ef0 f   BaseLib:DivU64x32Remainder.obj
 0002:00000000       ??_C@_0BE@BDFJLGLN@gBS?5?$CB?$DN?5?$CI?$CIvoid?5?$CK?$CJ?50?$CJ?$AA@ 0000000000001f60     UefiBootServicesTableLib:UefiBootServicesTableLib.obj
 0002:00000018       ??_C@_0BE@DGNHAHIL@gST?5?$CB?$DN?5?$CI?$CIvoid?5?$CK?$CJ?50?$CJ?$AA@ 0000000000001f78     UefiBootServicesTableLib:UefiBootServicesTableLib.obj
 0002:00000030       ??_C@_0EG@IHBEIGJL@q?3?2MdePkg?2Library?2UefiBootServic@ 0000000000001f90     UefiBootServicesTableLib:UefiBootServicesTableLib.obj
 0002:00000078       ??_C@_0BN@COECPDCC@gImageHandle?5?$CB?$DN?5?$CI?$CIvoid?5?$CK?$CJ?50?$CJ?$AA@ 0000000000001fd8     UefiBootServicesTableLib:UefiBootServicesTableLib.obj
 0002:00000098       _gPcd_FixedAtBuild_PcdMaximumUnicodeStringLength 0000000000001ff8     ECCMD:AutoGen.obj
 0002:00000098       _gPcd_FixedAtBuild_PcdMaximumAsciiStringLength 0000000000001ff8     ECCMD:AutoGen.obj
 0002:0000009c       _gPcd_FixedAtBuild_PcdUefiLibMaxPrintBufferSize 0000000000001ffc     ECCMD:AutoGen.obj
 0002:000000a0       _gUefiDriverRevision       0000000000002000     ECCMD:AutoGen.obj
 0002:000000b0       ??_C@_0FA@PLGEIFOI@q?3?2Build?2MyPkg?2RELEASE_DEVTLS?2X6@ 0000000000002010     ECCMD:AutoGen.obj
 0002:00000100       ??_C@_0BE@DCHLEIGN@?$CBEFI_ERROR?5?$CIStatus?$CJ?$AA@ 0000000000002060     ECCMD:AutoGen.obj
 0002:00000118       ??_C@_0CB@DMEJJJHA@?6ASSERT_EFI_ERROR?5?$CIStatus?5?$DN?5?$CFr?$CJ?6@ 0000000000002078     ECCMD:AutoGen.obj
 0002:00000140       ??_C@_1JC@MGPCCNPF@?$AA?6?$AAS?$AAo?$AAr?$AAr?$AAy?$AA?0?$AA?5?$AAG?$AAe?$AAt?$AAt?$AAi?$AAn?$AAg?$AA?5?$AAS?$AAh?$AAe?$AAl?$AAl?$AA?5?$AAp?$AAa?$AAr?$AAa?$AAm?$AAe?$AAt?$AAe?$AAr?$AAs@ 00000000000020a0     ECCMD:ECCMD.obj
 0002:000001d8       ??_C@_19EALHEIO@?$AA?5?$AA?$CF?$AA1?$AAc?$AA?$AA@ 0000000000002138     ECCommandLib:ECCommand.obj
 0002:000001e4       ??_C@_13LBAGMAIH@?$AA?6?$AA?$AA@ 0000000000002144     ECCommandLib:ECCommand.obj
 0002:000001e8       ??_C@_1M@FHJLFHFE@?$AA?5?$AA?$CF?$AA0?$AA2?$AAx?$AA?$AA@ 0000000000002148     ECCommandLib:ECCommand.obj
 0002:000001f8       ??_C@_17MEDFOIMI@?$AA?5?$AA?5?$AA?5?$AA?$AA@ 0000000000002158     ECCommandLib:ECCommand.obj
 0002:00000200       ??_C@_1IK@FKCBICHK@?$AA?5?$AA?5?$AA?5?$AA?5?$AA?5?$AA?$FL?$AAF?$AAi?$AAl?$AAe?$AA?5?$AAN?$AAa?$AAm?$AAe?$AA?$FN?$AA?5?$AA?$FL?$AAC?$AAo?$AAm?$AAm?$AAa?$AAn?$AAd?$AA?$FN?$AA?5?$AA?$FL?$AAD?$AAa?$AAt?$AAa@ 0000000000002160     ECCommandLib:ECCommand.obj
 0002:00000290       ??_C@_17IHFOHADP@?$AA?$CF?$AAa?$AA?6?$AA?$AA@ 00000000000021f0     ECCommandLib:ECCommand.obj
 0002:00000298       ??_C@_1O@EFBDIILA@?$AA?5?$AA?$CI?$AA?$CF?$AAc?$AA?$CJ?$AA?6?$AA?$AA@ 00000000000021f8     ECCommandLib:ECCommand.obj
 0002:000002b0       ??_C@_1EA@LFNIGIMM@?$AAC?$AAo?$AAm?$AAm?$AAa?$AAn?$AAd?$AA?5?$AAo?$AAr?$AA?5?$AAD?$AAa?$AAt?$AAa?$AA?5?$AAi?$AAs?$AA?5?$AAn?$AAo?$AAt?$AA?5?$AAd?$AAe?$AAf?$AAi?$AAn?$AAe?$AAd?$AA?6?$AA?$AA@ 0000000000002210     ECCommandLib:ECCommand.obj
 0002:000002f0       ??_C@_1FE@PJHNFKBC@?$AAP?$AAl?$AAe?$AAa?$AAs?$AAe?$AA?5?$AAe?$AAn?$AAt?$AAe?$AAr?$AA?5?$AAB?$AAa?$AAn?$AAk?$AA?5?$AAN?$AAu?$AAm?$AAb?$AAe?$AAr?$AA?5?$AAb?$AAe?$AAt?$AAw?$AAe?$AAe?$AAn@ 0000000000002250     ECCommandLib:ECCommand.obj
 0002:00000350       ??_C@_1MK@KNFGFMLC@?$AA?5?$AA?5?$AA?5?$AA?5?$AA?5?$AA?$FL?$AAF?$AAi?$AAl?$AAe?$AA?5?$AAN?$AAa?$AAm?$AAe?$AA?$FN?$AA?5?$AA?$FL?$AAC?$AAo?$AAm?$AAm?$AAa?$AAn?$AAd?$AA?$FN?$AA?5?$AA?$FL?$AAB?$AAa?$AAn?$AAk@ 00000000000022b0     ECCommandLib:ECCommand.obj
 0002:00000420       ??_C@_1DK@IOCNHCIC@?$AAW?$AAr?$AAi?$AAt?$AAe?$AA?5?$AAB?$AAy?$AAt?$AAe?$AA?5?$AAt?$AAo?$AA?5?$AAE?$AAE?$AAP?$AAR?$AAO?$AAM?$AA?5?$AAF?$AAA?$AAI?$AAL?$AAE?$AAD?$AA?6?$AA?$AA@ 0000000000002380     ECCommandLib:ECCommand.obj
 0002:00000460       ??_C@_1DO@JCDBNOPG@?$AAW?$AAr?$AAi?$AAt?$AAe?$AA?5?$AAB?$AAy?$AAt?$AAe?$AA?5?$AAt?$AAo?$AA?5?$AAE?$AAE?$AAP?$AAR?$AAO?$AAM?$AA?5?$AAC?$AAO?$AAM?$AAP?$AAL?$AAE?$AAT?$AAE?$AA?6?$AA?$AA@ 00000000000023c0     ECCommandLib:ECCommand.obj
 0002:000004a0       ??_C@_0EM@DLKNJEFG@q?3?2MdePkg?2Library?2UefiRuntimeSer@ 0000000000002400     UefiRuntimeServicesTableLib:UefiRuntimeServicesTableLib.obj
 0002:000004f0       ??_C@_0BE@OBDFIHND@gRT?5?$CB?$DN?5?$CI?$CIvoid?5?$CK?$CJ?50?$CJ?$AA@ 0000000000002450     UefiRuntimeServicesTableLib:UefiRuntimeServicesTableLib.obj
 0002:00000508       ??_C@_0BH@IACGKAP@Buffer?5?$CB?$DN?5?$CI?$CIvoid?5?$CK?$CJ?50?$CJ?$AA@ 0000000000002468     UefiLib:UefiLibPrint.obj
 0002:00000520       ??_C@_0BI@DIKLKBJC@Console?5?$CB?$DN?5?$CI?$CIvoid?5?$CK?$CJ?50?$CJ?$AA@ 0000000000002480     UefiLib:UefiLibPrint.obj
 0002:00000538       ??_C@_0CD@NJDNMGBE@?$CI?$CIUINTN?$CJ?5Format?5?$CG?50x00000001?$CJ?5?$DN?$DN@ 0000000000002498     UefiLib:UefiLibPrint.obj
 0002:00000560       ??_C@_0CJ@ICOLKBCP@q?3?2MdePkg?2Library?2UefiLib?2UefiLi@ 00000000000024c0     UefiLib:UefiLibPrint.obj
 0002:00000590       ??_C@_0BH@LKMBFCBF@Format?5?$CB?$DN?5?$CI?$CIvoid?5?$CK?$CJ?50?$CJ?$AA@ 00000000000024f0     UefiLib:UefiLibPrint.obj
 0002:000005a8       ??_C@_0DK@EOJCOAME@Length?5?$DM?5_gPcd_FixedAtBuild_PcdM@ 0000000000002508     BaseLib:String.obj
 0002:000005e8       ??_C@_0CD@BDCLIGHD@?$CI?$CIUINTN?$CJ?5String?5?$CG?50x00000001?$CJ?5?$DN?$DN@ 0000000000002548     BaseLib:String.obj
 0002:00000610       ??_C@_0CD@OOJADBME@q?3?2MdePkg?2Library?2BaseLib?2String@ 0000000000002570     BaseLib:String.obj
 0002:00000638       ??_C@_0BH@MAAHKCPC@String?5?$CB?$DN?5?$CI?$CIvoid?5?$CK?$CJ?50?$CJ?$AA@ 0000000000002598     BaseLib:String.obj
 0002:00000650       ??_C@_0BG@KBNOLIGE@StrSize?5?$CIString?$CJ?5?$CB?$DN?50?$AA@ 00000000000025b0     BaseLib:String.obj
 0002:00000670       ??_C@_0ED@BNMFHFDG@Result?5?$DM?$DN?5?$CI?$CI?$CI?$CIUINTN?$CJ?5?$HO0?$CJ?5?9?5Inter@ 00000000000025d0     BaseLib:String.obj
 0002:000006b8       ??_C@_0DI@MDIKFADO@Length?5?$DM?5_gPcd_FixedAtBuild_PcdM@ 0000000000002618     BaseLib:String.obj
 0002:000006f0       ??_C@_0CG@MHAECJIA@q?3?2MdePkg?2Library?2BaseLib?2Unalig@ 0000000000002650     BaseLib:Unaligned.obj
 0002:00000718       ??_C@_0N@KGHEHMDL@Divisor?5?$CB?$DN?50?$AA@ 0000000000002678     BaseLib:DivU64x32.obj
 0002:00000730       ??_C@_0EA@JCDEKIGH@q?3?2MdePkg?2Library?2UefiMemoryAllo@ 0000000000002690     UefiMemoryAllocationLib:MemoryAllocationLib.obj
 0002:00000770       ??_C@_0CH@KJLBGOBB@?$CI?$CI?$CIUINTN?$CJ?5?$CIFormatString?$CJ?$CJ?5?$CG?50x01@ 00000000000026d0     BasePrintLib:PrintLib.obj
 0002:00000798       ??_C@_0CK@LOLCLJPB@q?3?2MdePkg?2Library?2BasePrintLib?2P@ 00000000000026f8     BasePrintLib:PrintLib.obj
 0002:000007c8       ??_C@_0CI@BGLNHBLM@?$CI?$CI?$CIUINTN?$CJ?5?$CIStartOfBuffer?$CJ?$CJ?5?$CG?50x0@ 0000000000002728     BasePrintLib:PrintLib.obj
 0002:000007f0       ??_C@_0BB@MFGDFIJM@Compromised?5Data?$AA@ 0000000000002750     BasePrintLib:PrintLibInternal.obj
 0002:00000808       ??_C@_0BB@KFJAMCOC@Invalid?5Language?$AA@ 0000000000002768     BasePrintLib:PrintLibInternal.obj
 0002:00000820       ??_C@_0M@FKGOBENP@End?5of?5File?$AA@ 0000000000002780     BasePrintLib:PrintLibInternal.obj
 0002:00000830       ??_C@_0O@GLPDOMCP@Reserved?5?$CI30?$CJ?$AA@ 0000000000002790     BasePrintLib:PrintLibInternal.obj
 0002:00000840       ??_C@_0O@NMJOLAMF@Reserved?5?$CI29?$CJ?$AA@ 00000000000027a0     BasePrintLib:PrintLibInternal.obj
 0002:00000850       ??_C@_0N@JEJDHPO@End?5of?5Media?$AA@ 00000000000027b0     BasePrintLib:PrintLibInternal.obj
 0002:00000860       ??_C@_09BOMAGJEG@CRC?5Error?$AA@ 00000000000027c0     BasePrintLib:PrintLibInternal.obj
 0002:00000870       ??_C@_0BD@KHMPCIOG@Security?5Violation?$AA@ 00000000000027d0     BasePrintLib:PrintLibInternal.obj
 0002:00000888       ??_C@_0BF@EHOBGFMI@Incompatible?5Version?$AA@ 00000000000027e8     BasePrintLib:PrintLibInternal.obj
 0002:000008a0       ??_C@_0P@NCJHBCLM@Protocol?5Error?$AA@ 0000000000002800     BasePrintLib:PrintLibInternal.obj
 0002:000008b0       ??_C@_0L@DJKNJKHM@TFTP?5Error?$AA@ 0000000000002810     BasePrintLib:PrintLibInternal.obj
 0002:000008c0       ??_C@_0L@LKIFCMNO@ICMP?5Error?$AA@ 0000000000002820     BasePrintLib:PrintLibInternal.obj
 0002:000008d0       ??_C@_07LCKDCBKK@Aborted?$AA@ 0000000000002830     BasePrintLib:PrintLibInternal.obj
 0002:000008d8       ??_C@_0BA@IGIBFFPH@Already?5started?$AA@ 0000000000002838     BasePrintLib:PrintLibInternal.obj
 0002:000008e8       ??_C@_0M@DCJFAFHJ@Not?5started?$AA@ 0000000000002848     BasePrintLib:PrintLibInternal.obj
 0002:000008f8       ??_C@_08PAFJCNGP@Time?5out?$AA@ 0000000000002858     BasePrintLib:PrintLibInternal.obj
 0002:00000908       ??_C@_0L@IFPBNFC@No?5mapping?$AA@ 0000000000002868     BasePrintLib:PrintLibInternal.obj
 0002:00000918       ??_C@_0M@ENKCBFEP@No?5Response?$AA@ 0000000000002878     BasePrintLib:PrintLibInternal.obj
 0002:00000928       ??_C@_0O@NFHOBIDO@Access?5Denied?$AA@ 0000000000002888     BasePrintLib:PrintLibInternal.obj
 0002:00000938       ??_C@_09CFCBFJND@Not?5Found?$AA@ 0000000000002898     BasePrintLib:PrintLibInternal.obj
 0002:00000948       ??_C@_0O@JNCJKCCD@Media?5changed?$AA@ 00000000000028a8     BasePrintLib:PrintLibInternal.obj
 0002:00000958       ??_C@_08KEGAJDNN@No?5Media?$AA@ 00000000000028b8     BasePrintLib:PrintLibInternal.obj
 0002:00000968       ??_C@_0M@HDLEPOFA@Volume?5Full?$AA@ 00000000000028c8     BasePrintLib:PrintLibInternal.obj
 0002:00000978       ??_C@_0P@EIOJGIF@Volume?5Corrupt?$AA@ 00000000000028d8     BasePrintLib:PrintLibInternal.obj
 0002:00000988       ??_C@_0BB@GOILNEAA@Out?5of?5Resources?$AA@ 00000000000028e8     BasePrintLib:PrintLibInternal.obj
 0002:000009a0       ??_C@_0BA@LNEDDFNB@Write?5Protected?$AA@ 0000000000002900     BasePrintLib:PrintLibInternal.obj
 0002:000009b0       ??_C@_0N@HHEABDHO@Device?5Error?$AA@ 0000000000002910     BasePrintLib:PrintLibInternal.obj
 0002:000009c0       ??_C@_09NKFGCIPN@Not?5Ready?$AA@ 0000000000002920     BasePrintLib:PrintLibInternal.obj
 0002:000009d0       ??_C@_0BB@EGELJFOB@Buffer?5Too?5Small?$AA@ 0000000000002930     BasePrintLib:PrintLibInternal.obj
 0002:000009e8       ??_C@_0BA@FLNMPMCF@Bad?5Buffer?5Size?$AA@ 0000000000002948     BasePrintLib:PrintLibInternal.obj
 0002:000009f8       ??_C@_0M@BEECMOIL@Unsupported?$AA@ 0000000000002958     BasePrintLib:PrintLibInternal.obj
 0002:00000a08       ??_C@_0BC@HOFHKGJN@Invalid?5Parameter?$AA@ 0000000000002968     BasePrintLib:PrintLibInternal.obj
 0002:00000a20       ??_C@_0L@PLPBEPPC@Load?5Error?$AA@ 0000000000002980     BasePrintLib:PrintLibInternal.obj
 0002:00000a30       ??_C@_0BD@IFJNJCCO@Warning?5Stale?5Data?$AA@ 0000000000002990     BasePrintLib:PrintLibInternal.obj
 0002:00000a48       ??_C@_0BJ@ODIPDGHB@Warning?5Buffer?5Too?5Small?$AA@ 00000000000029a8     BasePrintLib:PrintLibInternal.obj
 0002:00000a68       ??_C@_0BG@ECIJMOED@Warning?5Write?5Failure?$AA@ 00000000000029c8     BasePrintLib:PrintLibInternal.obj
 0002:00000a80       ??_C@_0BH@GKKCJEPJ@Warning?5Delete?5Failure?$AA@ 00000000000029e0     BasePrintLib:PrintLibInternal.obj
 0002:00000a98       ??_C@_0BG@CFJMNNJK@Warning?5Unknown?5Glyph?$AA@ 00000000000029f8     BasePrintLib:PrintLibInternal.obj
 0002:00000ab0       ??_C@_07PBILKAFL@Success?$AA@ 0000000000002a10     BasePrintLib:PrintLibInternal.obj
 0002:00000ab8       mHexStr                    0000000000002a18     BasePrintLib:PrintLibInternal.obj
 0002:00000ad0       mStatusString              0000000000002a30     BasePrintLib:PrintLibInternal.obj
 0002:00000c08       ??_C@_0DC@CHCEMEEB@q?3?2MdePkg?2Library?2BasePrintLib?2P@ 0000000000002b68     BasePrintLib:PrintLibInternal.obj
 0002:00000c40       ??_C@_0EG@NFDMKACK@?$CI?$CI?$CIFlags?5?$CG?50x00000040?$CJ?5?$CB?$DN?50?$CJ?$CJ?5?$HM?$HM@ 0000000000002ba0     BasePrintLib:PrintLibInternal.obj
 0002:00000c90       ??_C@_0EM@FPGGOFNC@?$CI?$CI?$CIFlags?5?$CG?50x00000040?$CJ?5?$DN?$DN?50?$CJ?$CJ?5?$HM?$HM@ 0000000000002bf0     BasePrintLib:PrintLibInternal.obj
 0002:00000cdc       ??_C@_01LIIJDEN@?$AN?$AA@  0000000000002c3c     BasePrintLib:PrintLibInternal.obj
 0002:00000ce0       ??_C@_04JIMNDDED@?$CF08X?$AA@ 0000000000002c40     BasePrintLib:PrintLibInternal.obj
 0002:00000ce8       ??_C@_0O@MLOLIMFM@?$DMnull?5string?$DO?$AA@ 0000000000002c48     BasePrintLib:PrintLibInternal.obj
 0002:00000cf8       ??_C@_0BK@FCPKCIDD@?$CF02d?1?$CF02d?1?$CF04d?5?5?$CF02d?3?$CF02d?$AA@ 0000000000002c58     BasePrintLib:PrintLibInternal.obj
 0002:00000d18       ??_C@_0M@LHGBCIKM@?$DMnull?5time?$DO?$AA@ 0000000000002c78     BasePrintLib:PrintLibInternal.obj
 0002:00000d28       ??_C@_0DB@PMLHLBMO@?$CF08x?9?$CF04x?9?$CF04x?9?$CF02x?$CF02x?9?$CF02x?$CF02x@ 0000000000002c88     BasePrintLib:PrintLibInternal.obj
 0002:00000d60       ??_C@_0M@BJJDNPHK@?$DMnull?5guid?$DO?$AA@ 0000000000002cc0     BasePrintLib:PrintLibInternal.obj
 0002:00000d6c       ??_C@_02PCIJFNDE@?$AN?6?$AA@ 0000000000002ccc     BasePrintLib:PrintLibInternal.obj
 0002:00000d70       ??_C@_0BL@BFEFANFD@AsciiStrSize?5?$CIFormat?$CJ?5?$CB?$DN?50?$AA@ 0000000000002cd0     BasePrintLib:PrintLibInternal.obj
 0002:00000d90       ??_C@_0CB@NIHAJGJE@StrSize?5?$CI?$CICHAR16?5?$CK?$CJ?5Format?$CJ?5?$CB?$DN?50@ 0000000000002cf0     BasePrintLib:PrintLibInternal.obj
 0002:00000db8       ??_C@_0CP@CPEPIGGJ@q?3?2MdePkg?2Library?2BaseLib?2DivU64@ 0000000000002d18     BaseLib:DivU64x32Remainder.obj
 0002:00000de8       gImageHandle               0000000000002d48     UefiBootServicesTableLib:UefiBootServicesTableLib.obj
 0002:00000df0       gST                        0000000000002d50     UefiBootServicesTableLib:UefiBootServicesTableLib.obj
 0002:00000df8       gBS                        0000000000002d58     UefiBootServicesTableLib:UefiBootServicesTableLib.obj
 0002:00000e00       gRT                        0000000000002d60     UefiRuntimeServicesTableLib:UefiRuntimeServicesTableLib.obj

 entry point at        0001:00000000

 Static symbols

