 ECCMD

 Timestamp is 624150f7 (Mon Mar 28 14:08:55 2022)

 Preferred load address is 0000000000000000

 Start         Length     Name                   Class
 0001:00000000 00001c02H .text                   CODE
 0002:00000000 00000000H .data                   DATA
 0002:00000000 00000cf7H .rdata                  DATA
 0002:00000cf8 00000020H .bss                    DATA
 0003:00000000 0000012cH .pdata                  DATA
 0004:00000000 000000d0H .xdata                  DATA

  Address         Publics by Value              Rva+Base               Lib:Object

 0001:00000000       _ModuleEntryPoint          00000000000002a0 f   UefiApplicationEntryPoint:ApplicationEntryPoint.obj
 0001:00000064       ProcessLibraryConstructorList 0000000000000304 f   ECCMD:AutoGen.obj
 0001:000001a4       DebugAssert                0000000000000444 f   BaseDebugLibNull:DebugLib.obj
 0001:000001a4       ProcessLibraryDestructorList 0000000000000444 f   ECCMD:AutoGen.obj
 0001:000001a8       ProcessModuleEntryPointList 0000000000000448 f   ECCMD:AutoGen.obj
 0001:000001b0       PrintCompanyIdByCompal     0000000000000450 f   ECCMD:ECCMD.obj
 0001:00000268       PrintProjectNameByCompal   0000000000000508 f   ECCMD:ECCMD.obj
 0001:00000320       PrintEcEeprom              00000000000005c0 f   ECCMD:ECCMD.obj
 0001:000003ec       GetInputParameters         000000000000068c f   ECCMD:ECCMD.obj
 0001:00000568       UefiMain                   0000000000000808 f   ECCMD:ECCMD.obj
 0001:00000570       DebugPrint                 0000000000000810 f   BaseDebugLibNull:DebugLib.obj
 0001:0000057c       DebugPrintLevelEnabled     000000000000081c f   BaseDebugLibNull:DebugLib.obj
 0001:0000057c       DebugPrintEnabled          000000000000081c f   BaseDebugLibNull:DebugLib.obj
 0001:0000057c       DebugAssertEnabled         000000000000081c f   BaseDebugLibNull:DebugLib.obj
 0001:00000580       StrLen                     0000000000000820 f   BaseLib:String.obj
 0001:00000638       StrSize                    00000000000008d8 f   BaseLib:String.obj
 0001:0000064c       StrCmp                     00000000000008ec f   BaseLib:String.obj
 0001:000006fc       InternalHexCharToUintn     000000000000099c f   BaseLib:String.obj
 0001:0000072c       InternalIsHexaDecimalDigitCharacter 00000000000009cc f   BaseLib:String.obj
 0001:00000754       StrHexToUintn              00000000000009f4 f   BaseLib:String.obj
 0001:00000840       AsciiStrLen                0000000000000ae0 f   BaseLib:String.obj
 0001:000008c8       AsciiStrSize               0000000000000b68 f   BaseLib:String.obj
 0001:000008dc       InternalMathDivRemU64x32   0000000000000b7c f   BaseLib:Math64.obj
 0001:000008f8       UefiBootServicesTableLibConstructor 0000000000000b98 f   UefiBootServicesTableLib:UefiBootServicesTableLib.obj
 0001:000009a4       UefiRuntimeServicesTableLibConstructor 0000000000000c44 f   UefiRuntimeServicesTableLib:UefiRuntimeServicesTableLib.obj
 0001:000009e8       UefiLibConstructor         0000000000000c88 f   UefiLib:UefiLib.obj
 0001:000009ec       InternalPrint              0000000000000c8c f   UefiLib:UefiLibPrint.obj
 0001:00000b0c       Print                      0000000000000dac f   UefiLib:UefiLibPrint.obj
 0001:00000b3c       IoRead8                    0000000000000ddc f   BaseIoLibIntrinsic:IoLibMsc.obj
 0001:00000b44       IoWrite8                   0000000000000de4 f   BaseIoLibIntrinsic:IoLibMsc.obj
 0001:00000b4c       ReadUnaligned16            0000000000000dec f   BaseLib:Unaligned.obj
 0001:00000b84       ReadUnaligned32            0000000000000e24 f   BaseLib:Unaligned.obj
 0001:00000bbc       InternalAllocatePool       0000000000000e5c f   UefiMemoryAllocationLib:MemoryAllocationLib.obj
 0001:00000be8       AllocatePool               0000000000000e88 f   UefiMemoryAllocationLib:MemoryAllocationLib.obj
 0001:00000bf8       FreePool                   0000000000000e98 f   UefiMemoryAllocationLib:MemoryAllocationLib.obj
 0001:00000c6c       UnicodeVSPrint             0000000000000f0c f   BasePrintLib:PrintLib.obj
 0001:00000d10       BasePrintLibFillBuffer     0000000000000fb0 f   BasePrintLib:PrintLibInternal.obj
 0001:00000d44       BasePrintLibValueToString  0000000000000fe4 f   BasePrintLib:PrintLibInternal.obj
 0001:00000d94       BasePrintLibSPrintMarker   0000000000001034 f   BasePrintLib:PrintLibInternal.obj
 0001:00001b88       BasePrintLibSPrint         0000000000001e28 f   BasePrintLib:PrintLibInternal.obj
 0001:00001bac       DivU64x32Remainder         0000000000001e4c f   BaseLib:DivU64x32Remainder.obj
 0002:00000000       _gPcd_FixedAtBuild_PcdMaximumAsciiStringLength 0000000000001ec0     ECCMD:AutoGen.obj
 0002:00000000       _gPcd_FixedAtBuild_PcdMaximumUnicodeStringLength 0000000000001ec0     ECCMD:AutoGen.obj
 0002:00000004       _gPcd_FixedAtBuild_PcdUefiLibMaxPrintBufferSize 0000000000001ec4     ECCMD:AutoGen.obj
 0002:00000008       _gUefiDriverRevision       0000000000001ec8     ECCMD:AutoGen.obj
 0002:00000010       ??_C@_0FA@PLGEIFOI@q?3?2Build?2MyPkg?2RELEASE_DEVTLS?2X6@ 0000000000001ed0     ECCMD:AutoGen.obj
 0002:00000060       ??_C@_0BE@DCHLEIGN@?$CBEFI_ERROR?5?$CIStatus?$CJ?$AA@ 0000000000001f20     ECCMD:AutoGen.obj
 0002:00000078       ??_C@_0CB@DMEJJJHA@?6ASSERT_EFI_ERROR?5?$CIStatus?5?$DN?5?$CFr?$CJ?6@ 0000000000001f38     ECCMD:AutoGen.obj
 0002:000000a0       ??_C@_17IHFOHADP@?$AA?$CF?$AAa?$AA?6?$AA?$AA@ 0000000000001f60     ECCMD:ECCMD.obj
 0002:000000a8       ??_C@_1O@EFBDIILA@?$AA?5?$AA?$CI?$AA?$CF?$AAc?$AA?$CJ?$AA?6?$AA?$AA@ 0000000000001f68     ECCMD:ECCMD.obj
 0002:000000b8       ??_C@_17JKEBFODG@?$AA?5?$AA?$CF?$AAx?$AA?$AA@ 0000000000001f78     ECCMD:ECCMD.obj
 0002:000000c0       ??_C@_13LBAGMAIH@?$AA?6?$AA?$AA@ 0000000000001f80     ECCMD:ECCMD.obj
 0002:000000c8       ??_C@_1M@FHJLFHFE@?$AA?5?$AA?$CF?$AA0?$AA2?$AAx?$AA?$AA@ 0000000000001f88     ECCMD:ECCMD.obj
 0002:000000e0       ??_C@_1EE@LOLGHMCL@?$AAC?$AAo?$AAm?$AAm?$AAa?$AAn?$AAd?$AA?5?$AAo?$AAr?$AA?5?$AAd?$AAa?$AAt?$AAa?$AA?5?$AAa?$AAr?$AAe?$AA?5?$AAn?$AAo?$AAt?$AA?5?$AAd?$AAe?$AAf?$AAi?$AAn?$AAe?$AAd?$AA?4@ 0000000000001fa0     ECCMD:ECCMD.obj
 0002:00000130       ??_C@_1IK@FKCBICHK@?$AA?5?$AA?5?$AA?5?$AA?5?$AA?5?$AA?$FL?$AAF?$AAi?$AAl?$AAe?$AA?5?$AAN?$AAa?$AAm?$AAe?$AA?$FN?$AA?5?$AA?$FL?$AAC?$AAo?$AAm?$AAm?$AAa?$AAn?$AAd?$AA?$FN?$AA?5?$AA?$FL?$AAD?$AAa?$AAt?$AAa@ 0000000000001ff0     ECCMD:ECCMD.obj
 0002:000001c0       ??_C@_1FG@MKJGAA@?$AAP?$AAl?$AAe?$AAa?$AAs?$AAe?$AA?5?$AAe?$AAn?$AAt?$AAe?$AAr?$AA?5?$AAB?$AAa?$AAn?$AAk?$AA?5?$AAN?$AAu?$AAm?$AAb?$AAe?$AAr?$AA?5?$AAb?$AAe?$AAt?$AAw?$AAe?$AAe?$AAn@ 0000000000002080     ECCMD:ECCMD.obj
 0002:00000218       ??_C@_15ILPECLMN@?$AA4?$AA2?$AA?$AA@ 00000000000020d8     ECCMD:ECCMD.obj
 0002:00000220       ??_C@_15HNLOHKAC@?$AAa?$AA0?$AA?$AA@ 00000000000020e0     ECCMD:ECCMD.obj
 0002:00000228       ??_C@_15HKBCHPDE@?$AAA?$AA0?$AA?$AA@ 00000000000020e8     ECCMD:ECCMD.obj
 0002:00000230       ??_C@_15EAKIPIGI@?$AA5?$AA2?$AA?$AA@ 00000000000020f0     ECCMD:ECCMD.obj
 0002:00000238       ??_C@_15MFACBNGH@?$AAa?$AA1?$AA?$AA@ 00000000000020f8     ECCMD:ECCMD.obj
 0002:00000240       ??_C@_15MCKOBIFB@?$AAA?$AA1?$AA?$AA@ 0000000000002100     ECCMD:ECCMD.obj
 0002:00000248       ??_C@_15JJEBIECD@?$AA4?$AA1?$AA?$AA@ 0000000000002108     ECCMD:ECCMD.obj
 0002:00000250       ??_C@_1IK@GGJNFPLP@?$AA?6?$AAS?$AAo?$AAr?$AAr?$AAy?$AA?0?$AA?5?$AAG?$AAe?$AAt?$AAt?$AAi?$AAn?$AAg?$AA?5?$AAS?$AAh?$AAe?$AAl?$AAl?$AA?5?$AAp?$AAa?$AAr?$AAa?$AAm?$AAs?$AA?5?$AAd?$AAi?$AAd@ 0000000000002110     ECCMD:ECCMD.obj
 0002:000002e0       ??_C@_0DK@EOJCOAME@Length?5?$DM?5_gPcd_FixedAtBuild_PcdM@ 00000000000021a0     BaseLib:String.obj
 0002:00000320       ??_C@_0CD@BDCLIGHD@?$CI?$CIUINTN?$CJ?5String?5?$CG?50x00000001?$CJ?5?$DN?$DN@ 00000000000021e0     BaseLib:String.obj
 0002:00000348       ??_C@_0CD@OOJADBME@q?3?2MdePkg?2Library?2BaseLib?2String@ 0000000000002208     BaseLib:String.obj
 0002:00000370       ??_C@_0BH@MAAHKCPC@String?5?$CB?$DN?5?$CI?$CIvoid?5?$CK?$CJ?50?$CJ?$AA@ 0000000000002230     BaseLib:String.obj
 0002:00000388       ??_C@_0BM@DALBOILC@StrSize?5?$CISecondString?$CJ?5?$CB?$DN?50?$AA@ 0000000000002248     BaseLib:String.obj
 0002:000003a8       ??_C@_0BL@JAAMOCAJ@StrSize?5?$CIFirstString?$CJ?5?$CB?$DN?50?$AA@ 0000000000002268     BaseLib:String.obj
 0002:000003c8       ??_C@_0BG@KBNOLIGE@StrSize?5?$CIString?$CJ?5?$CB?$DN?50?$AA@ 0000000000002288     BaseLib:String.obj
 0002:000003e0       ??_C@_0ED@BNMFHFDG@Result?5?$DM?$DN?5?$CI?$CI?$CI?$CIUINTN?$CJ?5?$HO0?$CJ?5?9?5Inter@ 00000000000022a0     BaseLib:String.obj
 0002:00000428       ??_C@_0DI@MDIKFADO@Length?5?$DM?5_gPcd_FixedAtBuild_PcdM@ 00000000000022e8     BaseLib:String.obj
 0002:00000460       ??_C@_0N@KGHEHMDL@Divisor?5?$CB?$DN?50?$AA@ 0000000000002320     BaseLib:DivU64x32.obj
 0002:00000470       ??_C@_0BE@BDFJLGLN@gBS?5?$CB?$DN?5?$CI?$CIvoid?5?$CK?$CJ?50?$CJ?$AA@ 0000000000002330     UefiBootServicesTableLib:UefiBootServicesTableLib.obj
 0002:00000488       ??_C@_0BE@DGNHAHIL@gST?5?$CB?$DN?5?$CI?$CIvoid?5?$CK?$CJ?50?$CJ?$AA@ 0000000000002348     UefiBootServicesTableLib:UefiBootServicesTableLib.obj
 0002:000004a0       ??_C@_0EG@IHBEIGJL@q?3?2MdePkg?2Library?2UefiBootServic@ 0000000000002360     UefiBootServicesTableLib:UefiBootServicesTableLib.obj
 0002:000004e8       ??_C@_0BN@COECPDCC@gImageHandle?5?$CB?$DN?5?$CI?$CIvoid?5?$CK?$CJ?50?$CJ?$AA@ 00000000000023a8     UefiBootServicesTableLib:UefiBootServicesTableLib.obj
 0002:00000510       ??_C@_0EM@DLKNJEFG@q?3?2MdePkg?2Library?2UefiRuntimeSer@ 00000000000023d0     UefiRuntimeServicesTableLib:UefiRuntimeServicesTableLib.obj
 0002:00000560       ??_C@_0BE@OBDFIHND@gRT?5?$CB?$DN?5?$CI?$CIvoid?5?$CK?$CJ?50?$CJ?$AA@ 0000000000002420     UefiRuntimeServicesTableLib:UefiRuntimeServicesTableLib.obj
 0002:00000578       ??_C@_0BH@IACGKAP@Buffer?5?$CB?$DN?5?$CI?$CIvoid?5?$CK?$CJ?50?$CJ?$AA@ 0000000000002438     UefiLib:UefiLibPrint.obj
 0002:00000590       ??_C@_0BI@DIKLKBJC@Console?5?$CB?$DN?5?$CI?$CIvoid?5?$CK?$CJ?50?$CJ?$AA@ 0000000000002450     UefiLib:UefiLibPrint.obj
 0002:000005a8       ??_C@_0CD@NJDNMGBE@?$CI?$CIUINTN?$CJ?5Format?5?$CG?50x00000001?$CJ?5?$DN?$DN@ 0000000000002468     UefiLib:UefiLibPrint.obj
 0002:000005d0       ??_C@_0CJ@ICOLKBCP@q?3?2MdePkg?2Library?2UefiLib?2UefiLi@ 0000000000002490     UefiLib:UefiLibPrint.obj
 0002:00000600       ??_C@_0BH@LKMBFCBF@Format?5?$CB?$DN?5?$CI?$CIvoid?5?$CK?$CJ?50?$CJ?$AA@ 00000000000024c0     UefiLib:UefiLibPrint.obj
 0002:00000618       ??_C@_0CG@MHAECJIA@q?3?2MdePkg?2Library?2BaseLib?2Unalig@ 00000000000024d8     BaseLib:Unaligned.obj
 0002:00000640       ??_C@_0EA@JCDEKIGH@q?3?2MdePkg?2Library?2UefiMemoryAllo@ 0000000000002500     UefiMemoryAllocationLib:MemoryAllocationLib.obj
 0002:00000680       ??_C@_0CH@KJLBGOBB@?$CI?$CI?$CIUINTN?$CJ?5?$CIFormatString?$CJ?$CJ?5?$CG?50x01@ 0000000000002540     BasePrintLib:PrintLib.obj
 0002:000006a8       ??_C@_0CK@LOLCLJPB@q?3?2MdePkg?2Library?2BasePrintLib?2P@ 0000000000002568     BasePrintLib:PrintLib.obj
 0002:000006d8       ??_C@_0CI@BGLNHBLM@?$CI?$CI?$CIUINTN?$CJ?5?$CIStartOfBuffer?$CJ?$CJ?5?$CG?50x0@ 0000000000002598     BasePrintLib:PrintLib.obj
 0002:00000700       ??_C@_0BB@MFGDFIJM@Compromised?5Data?$AA@ 00000000000025c0     BasePrintLib:PrintLibInternal.obj
 0002:00000718       ??_C@_0BB@KFJAMCOC@Invalid?5Language?$AA@ 00000000000025d8     BasePrintLib:PrintLibInternal.obj
 0002:00000730       ??_C@_0M@FKGOBENP@End?5of?5File?$AA@ 00000000000025f0     BasePrintLib:PrintLibInternal.obj
 0002:00000740       ??_C@_0O@GLPDOMCP@Reserved?5?$CI30?$CJ?$AA@ 0000000000002600     BasePrintLib:PrintLibInternal.obj
 0002:00000750       ??_C@_0O@NMJOLAMF@Reserved?5?$CI29?$CJ?$AA@ 0000000000002610     BasePrintLib:PrintLibInternal.obj
 0002:00000760       ??_C@_0N@JEJDHPO@End?5of?5Media?$AA@ 0000000000002620     BasePrintLib:PrintLibInternal.obj
 0002:00000770       ??_C@_09BOMAGJEG@CRC?5Error?$AA@ 0000000000002630     BasePrintLib:PrintLibInternal.obj
 0002:00000780       ??_C@_0BD@KHMPCIOG@Security?5Violation?$AA@ 0000000000002640     BasePrintLib:PrintLibInternal.obj
 0002:00000798       ??_C@_0BF@EHOBGFMI@Incompatible?5Version?$AA@ 0000000000002658     BasePrintLib:PrintLibInternal.obj
 0002:000007b0       ??_C@_0P@NCJHBCLM@Protocol?5Error?$AA@ 0000000000002670     BasePrintLib:PrintLibInternal.obj
 0002:000007c0       ??_C@_0L@DJKNJKHM@TFTP?5Error?$AA@ 0000000000002680     BasePrintLib:PrintLibInternal.obj
 0002:000007d0       ??_C@_0L@LKIFCMNO@ICMP?5Error?$AA@ 0000000000002690     BasePrintLib:PrintLibInternal.obj
 0002:000007e0       ??_C@_07LCKDCBKK@Aborted?$AA@ 00000000000026a0     BasePrintLib:PrintLibInternal.obj
 0002:000007e8       ??_C@_0BA@IGIBFFPH@Already?5started?$AA@ 00000000000026a8     BasePrintLib:PrintLibInternal.obj
 0002:000007f8       ??_C@_0M@DCJFAFHJ@Not?5started?$AA@ 00000000000026b8     BasePrintLib:PrintLibInternal.obj
 0002:00000808       ??_C@_08PAFJCNGP@Time?5out?$AA@ 00000000000026c8     BasePrintLib:PrintLibInternal.obj
 0002:00000818       ??_C@_0L@IFPBNFC@No?5mapping?$AA@ 00000000000026d8     BasePrintLib:PrintLibInternal.obj
 0002:00000828       ??_C@_0M@ENKCBFEP@No?5Response?$AA@ 00000000000026e8     BasePrintLib:PrintLibInternal.obj
 0002:00000838       ??_C@_0O@NFHOBIDO@Access?5Denied?$AA@ 00000000000026f8     BasePrintLib:PrintLibInternal.obj
 0002:00000848       ??_C@_09CFCBFJND@Not?5Found?$AA@ 0000000000002708     BasePrintLib:PrintLibInternal.obj
 0002:00000858       ??_C@_0O@JNCJKCCD@Media?5changed?$AA@ 0000000000002718     BasePrintLib:PrintLibInternal.obj
 0002:00000868       ??_C@_08KEGAJDNN@No?5Media?$AA@ 0000000000002728     BasePrintLib:PrintLibInternal.obj
 0002:00000878       ??_C@_0M@HDLEPOFA@Volume?5Full?$AA@ 0000000000002738     BasePrintLib:PrintLibInternal.obj
 0002:00000888       ??_C@_0P@EIOJGIF@Volume?5Corrupt?$AA@ 0000000000002748     BasePrintLib:PrintLibInternal.obj
 0002:00000898       ??_C@_0BB@GOILNEAA@Out?5of?5Resources?$AA@ 0000000000002758     BasePrintLib:PrintLibInternal.obj
 0002:000008b0       ??_C@_0BA@LNEDDFNB@Write?5Protected?$AA@ 0000000000002770     BasePrintLib:PrintLibInternal.obj
 0002:000008c0       ??_C@_0N@HHEABDHO@Device?5Error?$AA@ 0000000000002780     BasePrintLib:PrintLibInternal.obj
 0002:000008d0       ??_C@_09NKFGCIPN@Not?5Ready?$AA@ 0000000000002790     BasePrintLib:PrintLibInternal.obj
 0002:000008e0       ??_C@_0BB@EGELJFOB@Buffer?5Too?5Small?$AA@ 00000000000027a0     BasePrintLib:PrintLibInternal.obj
 0002:000008f8       ??_C@_0BA@FLNMPMCF@Bad?5Buffer?5Size?$AA@ 00000000000027b8     BasePrintLib:PrintLibInternal.obj
 0002:00000908       ??_C@_0M@BEECMOIL@Unsupported?$AA@ 00000000000027c8     BasePrintLib:PrintLibInternal.obj
 0002:00000918       ??_C@_0BC@HOFHKGJN@Invalid?5Parameter?$AA@ 00000000000027d8     BasePrintLib:PrintLibInternal.obj
 0002:00000930       ??_C@_0L@PLPBEPPC@Load?5Error?$AA@ 00000000000027f0     BasePrintLib:PrintLibInternal.obj
 0002:00000940       ??_C@_0BD@IFJNJCCO@Warning?5Stale?5Data?$AA@ 0000000000002800     BasePrintLib:PrintLibInternal.obj
 0002:00000958       ??_C@_0BJ@ODIPDGHB@Warning?5Buffer?5Too?5Small?$AA@ 0000000000002818     BasePrintLib:PrintLibInternal.obj
 0002:00000978       ??_C@_0BG@ECIJMOED@Warning?5Write?5Failure?$AA@ 0000000000002838     BasePrintLib:PrintLibInternal.obj
 0002:00000990       ??_C@_0BH@GKKCJEPJ@Warning?5Delete?5Failure?$AA@ 0000000000002850     BasePrintLib:PrintLibInternal.obj
 0002:000009a8       ??_C@_0BG@CFJMNNJK@Warning?5Unknown?5Glyph?$AA@ 0000000000002868     BasePrintLib:PrintLibInternal.obj
 0002:000009c0       ??_C@_07PBILKAFL@Success?$AA@ 0000000000002880     BasePrintLib:PrintLibInternal.obj
 0002:000009c8       mHexStr                    0000000000002888     BasePrintLib:PrintLibInternal.obj
 0002:000009e0       mStatusString              00000000000028a0     BasePrintLib:PrintLibInternal.obj
 0002:00000b18       ??_C@_0DC@CHCEMEEB@q?3?2MdePkg?2Library?2BasePrintLib?2P@ 00000000000029d8     BasePrintLib:PrintLibInternal.obj
 0002:00000b50       ??_C@_0EG@NFDMKACK@?$CI?$CI?$CIFlags?5?$CG?50x00000040?$CJ?5?$CB?$DN?50?$CJ?$CJ?5?$HM?$HM@ 0000000000002a10     BasePrintLib:PrintLibInternal.obj
 0002:00000ba0       ??_C@_0EM@FPGGOFNC@?$CI?$CI?$CIFlags?5?$CG?50x00000040?$CJ?5?$DN?$DN?50?$CJ?$CJ?5?$HM?$HM@ 0000000000002a60     BasePrintLib:PrintLibInternal.obj
 0002:00000bec       ??_C@_01LIIJDEN@?$AN?$AA@  0000000000002aac     BasePrintLib:PrintLibInternal.obj
 0002:00000bf0       ??_C@_04JIMNDDED@?$CF08X?$AA@ 0000000000002ab0     BasePrintLib:PrintLibInternal.obj
 0002:00000bf8       ??_C@_0O@MLOLIMFM@?$DMnull?5string?$DO?$AA@ 0000000000002ab8     BasePrintLib:PrintLibInternal.obj
 0002:00000c08       ??_C@_0BK@FCPKCIDD@?$CF02d?1?$CF02d?1?$CF04d?5?5?$CF02d?3?$CF02d?$AA@ 0000000000002ac8     BasePrintLib:PrintLibInternal.obj
 0002:00000c28       ??_C@_0M@LHGBCIKM@?$DMnull?5time?$DO?$AA@ 0000000000002ae8     BasePrintLib:PrintLibInternal.obj
 0002:00000c38       ??_C@_0DB@PMLHLBMO@?$CF08x?9?$CF04x?9?$CF04x?9?$CF02x?$CF02x?9?$CF02x?$CF02x@ 0000000000002af8     BasePrintLib:PrintLibInternal.obj
 0002:00000c70       ??_C@_0M@BJJDNPHK@?$DMnull?5guid?$DO?$AA@ 0000000000002b30     BasePrintLib:PrintLibInternal.obj
 0002:00000c7c       ??_C@_02PCIJFNDE@?$AN?6?$AA@ 0000000000002b3c     BasePrintLib:PrintLibInternal.obj
 0002:00000c80       ??_C@_0BL@BFEFANFD@AsciiStrSize?5?$CIFormat?$CJ?5?$CB?$DN?50?$AA@ 0000000000002b40     BasePrintLib:PrintLibInternal.obj
 0002:00000ca0       ??_C@_0CB@NIHAJGJE@StrSize?5?$CI?$CICHAR16?5?$CK?$CJ?5Format?$CJ?5?$CB?$DN?50@ 0000000000002b60     BasePrintLib:PrintLibInternal.obj
 0002:00000cc8       ??_C@_0CP@CPEPIGGJ@q?3?2MdePkg?2Library?2BaseLib?2DivU64@ 0000000000002b88     BaseLib:DivU64x32Remainder.obj
 0002:00000cf8       gImageHandle               0000000000002bb8     UefiBootServicesTableLib:UefiBootServicesTableLib.obj
 0002:00000d00       gST                        0000000000002bc0     UefiBootServicesTableLib:UefiBootServicesTableLib.obj
 0002:00000d08       gBS                        0000000000002bc8     UefiBootServicesTableLib:UefiBootServicesTableLib.obj
 0002:00000d10       gRT                        0000000000002bd0     UefiRuntimeServicesTableLib:UefiRuntimeServicesTableLib.obj

 entry point at        0001:00000000

 Static symbols

