 ECCMD

 Timestamp is 624d1035 (Wed Apr 06 11:59:49 2022)

 Preferred load address is 0000000000000000

 Start         Length     Name                   Class
 0001:00000000 00001c9eH .text                   CODE
 0002:00000000 00000000H .data                   DATA
 0002:00000000 00000da7H .rdata                  DATA
 0002:00000da8 00000020H .bss                    DATA
 0003:00000000 00000150H .pdata                  DATA
 0004:00000000 000000e4H .xdata                  DATA

  Address         Publics by Value              Rva+Base               Lib:Object

 0001:00000000       _ModuleEntryPoint          00000000000002a0 f   UefiApplicationEntryPoint:ApplicationEntryPoint.obj
 0001:00000064       UefiBootServicesTableLibConstructor 0000000000000304 f   UefiBootServicesTableLib:UefiBootServicesTableLib.obj
 0001:00000110       ProcessLibraryConstructorList 00000000000003b0 f   ECCMD:AutoGen.obj
 0001:00000250       ProcessModuleEntryPointList 00000000000004f0 f   ECCMD:AutoGen.obj
 0001:00000258       UefiMain                   00000000000004f8 f   ECCMD:ECCMD.obj
 0001:000002e8       DebugPrint                 0000000000000588 f   BaseDebugLibNull:DebugLib.obj
 0001:000002f4       DebugAssert                0000000000000594 f   BaseDebugLibNull:DebugLib.obj
 0001:000002f4       ProcessLibraryDestructorList 0000000000000594 f   ECCMD:AutoGen.obj
 0001:000002f8       DebugPrintEnabled          0000000000000598 f   BaseDebugLibNull:DebugLib.obj
 0001:000002f8       DebugAssertEnabled         0000000000000598 f   BaseDebugLibNull:DebugLib.obj
 0001:000002f8       DebugPrintLevelEnabled     0000000000000598 f   BaseDebugLibNull:DebugLib.obj
 0001:000002fc       WaitForIbf                 000000000000059c f   ECCommandLib:ECCommand.obj
 0001:00000340       WaitForObf                 00000000000005e0 f   ECCommandLib:ECCommand.obj
 0001:00000384       EepromAssignBank           0000000000000624 f   ECCommandLib:ECCommand.obj
 0001:000003b8       EepromReadByte             0000000000000658 f   ECCommandLib:ECCommand.obj
 0001:000003fc       EepromWriteByte            000000000000069c f   ECCommandLib:ECCommand.obj
 0001:0000045c       FormatRegisterTable256     00000000000006fc f   ECCommandLib:ECCommand.obj
 0001:00000554       EcCommand                  00000000000007f4 f   ECCommandLib:ECCommand.obj
 0001:00000778       UefiRuntimeServicesTableLibConstructor 0000000000000a18 f   UefiRuntimeServicesTableLib:UefiRuntimeServicesTableLib.obj
 0001:000007bc       UefiLibConstructor         0000000000000a5c f   UefiLib:UefiLib.obj
 0001:000007c0       InternalPrint              0000000000000a60 f   UefiLib:UefiLibPrint.obj
 0001:000008e0       Print                      0000000000000b80 f   UefiLib:UefiLibPrint.obj
 0001:00000910       IoRead8                    0000000000000bb0 f   BaseIoLibIntrinsic:IoLibMsc.obj
 0001:00000918       IoWrite8                   0000000000000bb8 f   BaseIoLibIntrinsic:IoLibMsc.obj
 0001:00000920       StrLen                     0000000000000bc0 f   BaseLib:String.obj
 0001:000009d8       StrSize                    0000000000000c78 f   BaseLib:String.obj
 0001:000009ec       InternalHexCharToUintn     0000000000000c8c f   BaseLib:String.obj
 0001:00000a1c       InternalIsHexaDecimalDigitCharacter 0000000000000cbc f   BaseLib:String.obj
 0001:00000a44       StrHexToUintn              0000000000000ce4 f   BaseLib:String.obj
 0001:00000b30       AsciiStrLen                0000000000000dd0 f   BaseLib:String.obj
 0001:00000bb8       AsciiStrSize               0000000000000e58 f   BaseLib:String.obj
 0001:00000bcc       ReadUnaligned16            0000000000000e6c f   BaseLib:Unaligned.obj
 0001:00000c04       ReadUnaligned32            0000000000000ea4 f   BaseLib:Unaligned.obj
 0001:00000c3c       InternalMathDivRemU64x32   0000000000000edc f   BaseLib:Math64.obj
 0001:00000c58       InternalAllocatePool       0000000000000ef8 f   UefiMemoryAllocationLib:MemoryAllocationLib.obj
 0001:00000c84       AllocatePool               0000000000000f24 f   UefiMemoryAllocationLib:MemoryAllocationLib.obj
 0001:00000c94       FreePool                   0000000000000f34 f   UefiMemoryAllocationLib:MemoryAllocationLib.obj
 0001:00000d08       UnicodeVSPrint             0000000000000fa8 f   BasePrintLib:PrintLib.obj
 0001:00000dac       BasePrintLibFillBuffer     000000000000104c f   BasePrintLib:PrintLibInternal.obj
 0001:00000de0       BasePrintLibValueToString  0000000000001080 f   BasePrintLib:PrintLibInternal.obj
 0001:00000e30       BasePrintLibSPrintMarker   00000000000010d0 f   BasePrintLib:PrintLibInternal.obj
 0001:00001c24       BasePrintLibSPrint         0000000000001ec4 f   BasePrintLib:PrintLibInternal.obj
 0001:00001c48       DivU64x32Remainder         0000000000001ee8 f   BaseLib:DivU64x32Remainder.obj
 0002:00000000       ??_C@_0BE@BDFJLGLN@gBS?5?$CB?$DN?5?$CI?$CIvoid?5?$CK?$CJ?50?$CJ?$AA@ 0000000000001f40     UefiBootServicesTableLib:UefiBootServicesTableLib.obj
 0002:00000018       ??_C@_0BE@DGNHAHIL@gST?5?$CB?$DN?5?$CI?$CIvoid?5?$CK?$CJ?50?$CJ?$AA@ 0000000000001f58     UefiBootServicesTableLib:UefiBootServicesTableLib.obj
 0002:00000030       ??_C@_0EG@IHBEIGJL@q?3?2MdePkg?2Library?2UefiBootServic@ 0000000000001f70     UefiBootServicesTableLib:UefiBootServicesTableLib.obj
 0002:00000078       ??_C@_0BN@COECPDCC@gImageHandle?5?$CB?$DN?5?$CI?$CIvoid?5?$CK?$CJ?50?$CJ?$AA@ 0000000000001fb8     UefiBootServicesTableLib:UefiBootServicesTableLib.obj
 0002:00000098       _gPcd_FixedAtBuild_PcdMaximumUnicodeStringLength 0000000000001fd8     ECCMD:AutoGen.obj
 0002:00000098       _gPcd_FixedAtBuild_PcdMaximumAsciiStringLength 0000000000001fd8     ECCMD:AutoGen.obj
 0002:0000009c       _gPcd_FixedAtBuild_PcdUefiLibMaxPrintBufferSize 0000000000001fdc     ECCMD:AutoGen.obj
 0002:000000a0       _gUefiDriverRevision       0000000000001fe0     ECCMD:AutoGen.obj
 0002:000000b0       ??_C@_0FA@PLGEIFOI@q?3?2Build?2MyPkg?2RELEASE_DEVTLS?2X6@ 0000000000001ff0     ECCMD:AutoGen.obj
 0002:00000100       ??_C@_0BE@DCHLEIGN@?$CBEFI_ERROR?5?$CIStatus?$CJ?$AA@ 0000000000002040     ECCMD:AutoGen.obj
 0002:00000118       ??_C@_0CB@DMEJJJHA@?6ASSERT_EFI_ERROR?5?$CIStatus?5?$DN?5?$CFr?$CJ?6@ 0000000000002058     ECCMD:AutoGen.obj
 0002:00000140       ??_C@_1JC@MGPCCNPF@?$AA?6?$AAS?$AAo?$AAr?$AAr?$AAy?$AA?0?$AA?5?$AAG?$AAe?$AAt?$AAt?$AAi?$AAn?$AAg?$AA?5?$AAS?$AAh?$AAe?$AAl?$AAl?$AA?5?$AAp?$AAa?$AAr?$AAa?$AAm?$AAe?$AAt?$AAe?$AAr?$AAs@ 0000000000002080     ECCMD:ECCMD.obj
 0002:000001d8       ??_C@_19EALHEIO@?$AA?5?$AA?$CF?$AA1?$AAc?$AA?$AA@ 0000000000002118     ECCommandLib:ECCommand.obj
 0002:000001e4       ??_C@_13LBAGMAIH@?$AA?6?$AA?$AA@ 0000000000002124     ECCommandLib:ECCommand.obj
 0002:000001e8       ??_C@_1M@FHJLFHFE@?$AA?5?$AA?$CF?$AA0?$AA2?$AAx?$AA?$AA@ 0000000000002128     ECCommandLib:ECCommand.obj
 0002:000001f8       ??_C@_17MEDFOIMI@?$AA?5?$AA?5?$AA?5?$AA?$AA@ 0000000000002138     ECCommandLib:ECCommand.obj
 0002:00000200       ??_C@_1IK@FKCBICHK@?$AA?5?$AA?5?$AA?5?$AA?5?$AA?5?$AA?$FL?$AAF?$AAi?$AAl?$AAe?$AA?5?$AAN?$AAa?$AAm?$AAe?$AA?$FN?$AA?5?$AA?$FL?$AAC?$AAo?$AAm?$AAm?$AAa?$AAn?$AAd?$AA?$FN?$AA?5?$AA?$FL?$AAD?$AAa?$AAt?$AAa@ 0000000000002140     ECCommandLib:ECCommand.obj
 0002:00000290       ??_C@_17IHFOHADP@?$AA?$CF?$AAa?$AA?6?$AA?$AA@ 00000000000021d0     ECCommandLib:ECCommand.obj
 0002:00000298       ??_C@_1O@EFBDIILA@?$AA?5?$AA?$CI?$AA?$CF?$AAc?$AA?$CJ?$AA?6?$AA?$AA@ 00000000000021d8     ECCommandLib:ECCommand.obj
 0002:000002b0       ??_C@_1FE@PJHNFKBC@?$AAP?$AAl?$AAe?$AAa?$AAs?$AAe?$AA?5?$AAe?$AAn?$AAt?$AAe?$AAr?$AA?5?$AAB?$AAa?$AAn?$AAk?$AA?5?$AAN?$AAu?$AAm?$AAb?$AAe?$AAr?$AA?5?$AAb?$AAe?$AAt?$AAw?$AAe?$AAe?$AAn@ 00000000000021f0     ECCommandLib:ECCommand.obj
 0002:00000310       ??_C@_1MK@KNFGFMLC@?$AA?5?$AA?5?$AA?5?$AA?5?$AA?5?$AA?$FL?$AAF?$AAi?$AAl?$AAe?$AA?5?$AAN?$AAa?$AAm?$AAe?$AA?$FN?$AA?5?$AA?$FL?$AAC?$AAo?$AAm?$AAm?$AAa?$AAn?$AAd?$AA?$FN?$AA?5?$AA?$FL?$AAB?$AAa?$AAn?$AAk@ 0000000000002250     ECCommandLib:ECCommand.obj
 0002:000003e0       ??_C@_1DK@IOCNHCIC@?$AAW?$AAr?$AAi?$AAt?$AAe?$AA?5?$AAB?$AAy?$AAt?$AAe?$AA?5?$AAt?$AAo?$AA?5?$AAE?$AAE?$AAP?$AAR?$AAO?$AAM?$AA?5?$AAF?$AAA?$AAI?$AAL?$AAE?$AAD?$AA?6?$AA?$AA@ 0000000000002320     ECCommandLib:ECCommand.obj
 0002:00000420       ??_C@_1DO@JCDBNOPG@?$AAW?$AAr?$AAi?$AAt?$AAe?$AA?5?$AAB?$AAy?$AAt?$AAe?$AA?5?$AAt?$AAo?$AA?5?$AAE?$AAE?$AAP?$AAR?$AAO?$AAM?$AA?5?$AAC?$AAO?$AAM?$AAP?$AAL?$AAE?$AAT?$AAE?$AA?6?$AA?$AA@ 0000000000002360     ECCommandLib:ECCommand.obj
 0002:00000460       ??_C@_0EM@DLKNJEFG@q?3?2MdePkg?2Library?2UefiRuntimeSer@ 00000000000023a0     UefiRuntimeServicesTableLib:UefiRuntimeServicesTableLib.obj
 0002:000004b0       ??_C@_0BE@OBDFIHND@gRT?5?$CB?$DN?5?$CI?$CIvoid?5?$CK?$CJ?50?$CJ?$AA@ 00000000000023f0     UefiRuntimeServicesTableLib:UefiRuntimeServicesTableLib.obj
 0002:000004c8       ??_C@_0BH@IACGKAP@Buffer?5?$CB?$DN?5?$CI?$CIvoid?5?$CK?$CJ?50?$CJ?$AA@ 0000000000002408     UefiLib:UefiLibPrint.obj
 0002:000004e0       ??_C@_0BI@DIKLKBJC@Console?5?$CB?$DN?5?$CI?$CIvoid?5?$CK?$CJ?50?$CJ?$AA@ 0000000000002420     UefiLib:UefiLibPrint.obj
 0002:000004f8       ??_C@_0CD@NJDNMGBE@?$CI?$CIUINTN?$CJ?5Format?5?$CG?50x00000001?$CJ?5?$DN?$DN@ 0000000000002438     UefiLib:UefiLibPrint.obj
 0002:00000520       ??_C@_0CJ@ICOLKBCP@q?3?2MdePkg?2Library?2UefiLib?2UefiLi@ 0000000000002460     UefiLib:UefiLibPrint.obj
 0002:00000550       ??_C@_0BH@LKMBFCBF@Format?5?$CB?$DN?5?$CI?$CIvoid?5?$CK?$CJ?50?$CJ?$AA@ 0000000000002490     UefiLib:UefiLibPrint.obj
 0002:00000568       ??_C@_0DK@EOJCOAME@Length?5?$DM?5_gPcd_FixedAtBuild_PcdM@ 00000000000024a8     BaseLib:String.obj
 0002:000005a8       ??_C@_0CD@BDCLIGHD@?$CI?$CIUINTN?$CJ?5String?5?$CG?50x00000001?$CJ?5?$DN?$DN@ 00000000000024e8     BaseLib:String.obj
 0002:000005d0       ??_C@_0CD@OOJADBME@q?3?2MdePkg?2Library?2BaseLib?2String@ 0000000000002510     BaseLib:String.obj
 0002:000005f8       ??_C@_0BH@MAAHKCPC@String?5?$CB?$DN?5?$CI?$CIvoid?5?$CK?$CJ?50?$CJ?$AA@ 0000000000002538     BaseLib:String.obj
 0002:00000610       ??_C@_0BG@KBNOLIGE@StrSize?5?$CIString?$CJ?5?$CB?$DN?50?$AA@ 0000000000002550     BaseLib:String.obj
 0002:00000630       ??_C@_0ED@BNMFHFDG@Result?5?$DM?$DN?5?$CI?$CI?$CI?$CIUINTN?$CJ?5?$HO0?$CJ?5?9?5Inter@ 0000000000002570     BaseLib:String.obj
 0002:00000678       ??_C@_0DI@MDIKFADO@Length?5?$DM?5_gPcd_FixedAtBuild_PcdM@ 00000000000025b8     BaseLib:String.obj
 0002:000006b0       ??_C@_0CG@MHAECJIA@q?3?2MdePkg?2Library?2BaseLib?2Unalig@ 00000000000025f0     BaseLib:Unaligned.obj
 0002:000006d8       ??_C@_0N@KGHEHMDL@Divisor?5?$CB?$DN?50?$AA@ 0000000000002618     BaseLib:DivU64x32.obj
 0002:000006f0       ??_C@_0EA@JCDEKIGH@q?3?2MdePkg?2Library?2UefiMemoryAllo@ 0000000000002630     UefiMemoryAllocationLib:MemoryAllocationLib.obj
 0002:00000730       ??_C@_0CH@KJLBGOBB@?$CI?$CI?$CIUINTN?$CJ?5?$CIFormatString?$CJ?$CJ?5?$CG?50x01@ 0000000000002670     BasePrintLib:PrintLib.obj
 0002:00000758       ??_C@_0CK@LOLCLJPB@q?3?2MdePkg?2Library?2BasePrintLib?2P@ 0000000000002698     BasePrintLib:PrintLib.obj
 0002:00000788       ??_C@_0CI@BGLNHBLM@?$CI?$CI?$CIUINTN?$CJ?5?$CIStartOfBuffer?$CJ?$CJ?5?$CG?50x0@ 00000000000026c8     BasePrintLib:PrintLib.obj
 0002:000007b0       ??_C@_0BB@MFGDFIJM@Compromised?5Data?$AA@ 00000000000026f0     BasePrintLib:PrintLibInternal.obj
 0002:000007c8       ??_C@_0BB@KFJAMCOC@Invalid?5Language?$AA@ 0000000000002708     BasePrintLib:PrintLibInternal.obj
 0002:000007e0       ??_C@_0M@FKGOBENP@End?5of?5File?$AA@ 0000000000002720     BasePrintLib:PrintLibInternal.obj
 0002:000007f0       ??_C@_0O@GLPDOMCP@Reserved?5?$CI30?$CJ?$AA@ 0000000000002730     BasePrintLib:PrintLibInternal.obj
 0002:00000800       ??_C@_0O@NMJOLAMF@Reserved?5?$CI29?$CJ?$AA@ 0000000000002740     BasePrintLib:PrintLibInternal.obj
 0002:00000810       ??_C@_0N@JEJDHPO@End?5of?5Media?$AA@ 0000000000002750     BasePrintLib:PrintLibInternal.obj
 0002:00000820       ??_C@_09BOMAGJEG@CRC?5Error?$AA@ 0000000000002760     BasePrintLib:PrintLibInternal.obj
 0002:00000830       ??_C@_0BD@KHMPCIOG@Security?5Violation?$AA@ 0000000000002770     BasePrintLib:PrintLibInternal.obj
 0002:00000848       ??_C@_0BF@EHOBGFMI@Incompatible?5Version?$AA@ 0000000000002788     BasePrintLib:PrintLibInternal.obj
 0002:00000860       ??_C@_0P@NCJHBCLM@Protocol?5Error?$AA@ 00000000000027a0     BasePrintLib:PrintLibInternal.obj
 0002:00000870       ??_C@_0L@DJKNJKHM@TFTP?5Error?$AA@ 00000000000027b0     BasePrintLib:PrintLibInternal.obj
 0002:00000880       ??_C@_0L@LKIFCMNO@ICMP?5Error?$AA@ 00000000000027c0     BasePrintLib:PrintLibInternal.obj
 0002:00000890       ??_C@_07LCKDCBKK@Aborted?$AA@ 00000000000027d0     BasePrintLib:PrintLibInternal.obj
 0002:00000898       ??_C@_0BA@IGIBFFPH@Already?5started?$AA@ 00000000000027d8     BasePrintLib:PrintLibInternal.obj
 0002:000008a8       ??_C@_0M@DCJFAFHJ@Not?5started?$AA@ 00000000000027e8     BasePrintLib:PrintLibInternal.obj
 0002:000008b8       ??_C@_08PAFJCNGP@Time?5out?$AA@ 00000000000027f8     BasePrintLib:PrintLibInternal.obj
 0002:000008c8       ??_C@_0L@IFPBNFC@No?5mapping?$AA@ 0000000000002808     BasePrintLib:PrintLibInternal.obj
 0002:000008d8       ??_C@_0M@ENKCBFEP@No?5Response?$AA@ 0000000000002818     BasePrintLib:PrintLibInternal.obj
 0002:000008e8       ??_C@_0O@NFHOBIDO@Access?5Denied?$AA@ 0000000000002828     BasePrintLib:PrintLibInternal.obj
 0002:000008f8       ??_C@_09CFCBFJND@Not?5Found?$AA@ 0000000000002838     BasePrintLib:PrintLibInternal.obj
 0002:00000908       ??_C@_0O@JNCJKCCD@Media?5changed?$AA@ 0000000000002848     BasePrintLib:PrintLibInternal.obj
 0002:00000918       ??_C@_08KEGAJDNN@No?5Media?$AA@ 0000000000002858     BasePrintLib:PrintLibInternal.obj
 0002:00000928       ??_C@_0M@HDLEPOFA@Volume?5Full?$AA@ 0000000000002868     BasePrintLib:PrintLibInternal.obj
 0002:00000938       ??_C@_0P@EIOJGIF@Volume?5Corrupt?$AA@ 0000000000002878     BasePrintLib:PrintLibInternal.obj
 0002:00000948       ??_C@_0BB@GOILNEAA@Out?5of?5Resources?$AA@ 0000000000002888     BasePrintLib:PrintLibInternal.obj
 0002:00000960       ??_C@_0BA@LNEDDFNB@Write?5Protected?$AA@ 00000000000028a0     BasePrintLib:PrintLibInternal.obj
 0002:00000970       ??_C@_0N@HHEABDHO@Device?5Error?$AA@ 00000000000028b0     BasePrintLib:PrintLibInternal.obj
 0002:00000980       ??_C@_09NKFGCIPN@Not?5Ready?$AA@ 00000000000028c0     BasePrintLib:PrintLibInternal.obj
 0002:00000990       ??_C@_0BB@EGELJFOB@Buffer?5Too?5Small?$AA@ 00000000000028d0     BasePrintLib:PrintLibInternal.obj
 0002:000009a8       ??_C@_0BA@FLNMPMCF@Bad?5Buffer?5Size?$AA@ 00000000000028e8     BasePrintLib:PrintLibInternal.obj
 0002:000009b8       ??_C@_0M@BEECMOIL@Unsupported?$AA@ 00000000000028f8     BasePrintLib:PrintLibInternal.obj
 0002:000009c8       ??_C@_0BC@HOFHKGJN@Invalid?5Parameter?$AA@ 0000000000002908     BasePrintLib:PrintLibInternal.obj
 0002:000009e0       ??_C@_0L@PLPBEPPC@Load?5Error?$AA@ 0000000000002920     BasePrintLib:PrintLibInternal.obj
 0002:000009f0       ??_C@_0BD@IFJNJCCO@Warning?5Stale?5Data?$AA@ 0000000000002930     BasePrintLib:PrintLibInternal.obj
 0002:00000a08       ??_C@_0BJ@ODIPDGHB@Warning?5Buffer?5Too?5Small?$AA@ 0000000000002948     BasePrintLib:PrintLibInternal.obj
 0002:00000a28       ??_C@_0BG@ECIJMOED@Warning?5Write?5Failure?$AA@ 0000000000002968     BasePrintLib:PrintLibInternal.obj
 0002:00000a40       ??_C@_0BH@GKKCJEPJ@Warning?5Delete?5Failure?$AA@ 0000000000002980     BasePrintLib:PrintLibInternal.obj
 0002:00000a58       ??_C@_0BG@CFJMNNJK@Warning?5Unknown?5Glyph?$AA@ 0000000000002998     BasePrintLib:PrintLibInternal.obj
 0002:00000a70       ??_C@_07PBILKAFL@Success?$AA@ 00000000000029b0     BasePrintLib:PrintLibInternal.obj
 0002:00000a78       mHexStr                    00000000000029b8     BasePrintLib:PrintLibInternal.obj
 0002:00000a90       mStatusString              00000000000029d0     BasePrintLib:PrintLibInternal.obj
 0002:00000bc8       ??_C@_0DC@CHCEMEEB@q?3?2MdePkg?2Library?2BasePrintLib?2P@ 0000000000002b08     BasePrintLib:PrintLibInternal.obj
 0002:00000c00       ??_C@_0EG@NFDMKACK@?$CI?$CI?$CIFlags?5?$CG?50x00000040?$CJ?5?$CB?$DN?50?$CJ?$CJ?5?$HM?$HM@ 0000000000002b40     BasePrintLib:PrintLibInternal.obj
 0002:00000c50       ??_C@_0EM@FPGGOFNC@?$CI?$CI?$CIFlags?5?$CG?50x00000040?$CJ?5?$DN?$DN?50?$CJ?$CJ?5?$HM?$HM@ 0000000000002b90     BasePrintLib:PrintLibInternal.obj
 0002:00000c9c       ??_C@_01LIIJDEN@?$AN?$AA@  0000000000002bdc     BasePrintLib:PrintLibInternal.obj
 0002:00000ca0       ??_C@_04JIMNDDED@?$CF08X?$AA@ 0000000000002be0     BasePrintLib:PrintLibInternal.obj
 0002:00000ca8       ??_C@_0O@MLOLIMFM@?$DMnull?5string?$DO?$AA@ 0000000000002be8     BasePrintLib:PrintLibInternal.obj
 0002:00000cb8       ??_C@_0BK@FCPKCIDD@?$CF02d?1?$CF02d?1?$CF04d?5?5?$CF02d?3?$CF02d?$AA@ 0000000000002bf8     BasePrintLib:PrintLibInternal.obj
 0002:00000cd8       ??_C@_0M@LHGBCIKM@?$DMnull?5time?$DO?$AA@ 0000000000002c18     BasePrintLib:PrintLibInternal.obj
 0002:00000ce8       ??_C@_0DB@PMLHLBMO@?$CF08x?9?$CF04x?9?$CF04x?9?$CF02x?$CF02x?9?$CF02x?$CF02x@ 0000000000002c28     BasePrintLib:PrintLibInternal.obj
 0002:00000d20       ??_C@_0M@BJJDNPHK@?$DMnull?5guid?$DO?$AA@ 0000000000002c60     BasePrintLib:PrintLibInternal.obj
 0002:00000d2c       ??_C@_02PCIJFNDE@?$AN?6?$AA@ 0000000000002c6c     BasePrintLib:PrintLibInternal.obj
 0002:00000d30       ??_C@_0BL@BFEFANFD@AsciiStrSize?5?$CIFormat?$CJ?5?$CB?$DN?50?$AA@ 0000000000002c70     BasePrintLib:PrintLibInternal.obj
 0002:00000d50       ??_C@_0CB@NIHAJGJE@StrSize?5?$CI?$CICHAR16?5?$CK?$CJ?5Format?$CJ?5?$CB?$DN?50@ 0000000000002c90     BasePrintLib:PrintLibInternal.obj
 0002:00000d78       ??_C@_0CP@CPEPIGGJ@q?3?2MdePkg?2Library?2BaseLib?2DivU64@ 0000000000002cb8     BaseLib:DivU64x32Remainder.obj
 0002:00000da8       gImageHandle               0000000000002ce8     UefiBootServicesTableLib:UefiBootServicesTableLib.obj
 0002:00000db0       gST                        0000000000002cf0     UefiBootServicesTableLib:UefiBootServicesTableLib.obj
 0002:00000db8       gBS                        0000000000002cf8     UefiBootServicesTableLib:UefiBootServicesTableLib.obj
 0002:00000dc0       gRT                        0000000000002d00     UefiRuntimeServicesTableLib:UefiRuntimeServicesTableLib.obj

 entry point at        0001:00000000

 Static symbols

