 ECCMD

 Timestamp is 6245563c (Thu Mar 31 15:20:28 2022)

 Preferred load address is 0000000000000000

 Start         Length     Name                   Class
 0001:00000000 00001af6H .text                   CODE
 0002:00000000 00000000H .data                   DATA
 0002:00000000 00000c87H .rdata                  DATA
 0002:00000c88 00000020H .bss                    DATA
 0003:00000000 0000012cH .pdata                  DATA
 0004:00000000 000000acH .xdata                  DATA

  Address         Publics by Value              Rva+Base               Lib:Object

 0001:00000000       _ModuleEntryPoint          00000000000002a0 f   UefiApplicationEntryPoint:ApplicationEntryPoint.obj
 0001:00000064       UefiBootServicesTableLibConstructor 0000000000000304 f   UefiBootServicesTableLib:UefiBootServicesTableLib.obj
 0001:00000110       ProcessLibraryConstructorList 00000000000003b0 f   ECCMD:AutoGen.obj
 0001:00000250       DebugAssert                00000000000004f0 f   BaseDebugLibNull:DebugLib.obj
 0001:00000250       ProcessLibraryDestructorList 00000000000004f0 f   ECCMD:AutoGen.obj
 0001:00000254       ProcessModuleEntryPointList 00000000000004f4 f   ECCMD:AutoGen.obj
 0001:0000025c       UefiMain                   00000000000004fc f   ECCMD:ECCMD.obj
 0001:00000264       DebugPrint                 0000000000000504 f   BaseDebugLibNull:DebugLib.obj
 0001:00000270       DebugAssertEnabled         0000000000000510 f   BaseDebugLibNull:DebugLib.obj
 0001:00000270       DebugPrintLevelEnabled     0000000000000510 f   BaseDebugLibNull:DebugLib.obj
 0001:00000270       DebugPrintEnabled          0000000000000510 f   BaseDebugLibNull:DebugLib.obj
 0001:00000274       WaitForIbf                 0000000000000514 f   ECCommandLib:ECCommand.obj
 0001:000002b8       WaitForObf                 0000000000000558 f   ECCommandLib:ECCommand.obj
 0001:000002fc       EcCommandByKbc             000000000000059c f   ECCommandLib:ECCommand.obj
 0001:000004d8       EcCommand                  0000000000000778 f   ECCommandLib:ECCommand.obj
 0001:00000540       GetInputParameters         00000000000007e0 f   ECCommandLib:ECCommand.obj
 0001:000005d0       UefiRuntimeServicesTableLibConstructor 0000000000000870 f   UefiRuntimeServicesTableLib:UefiRuntimeServicesTableLib.obj
 0001:00000614       UefiLibConstructor         00000000000008b4 f   UefiLib:UefiLib.obj
 0001:00000618       InternalPrint              00000000000008b8 f   UefiLib:UefiLibPrint.obj
 0001:00000738       Print                      00000000000009d8 f   UefiLib:UefiLibPrint.obj
 0001:00000768       IoRead8                    0000000000000a08 f   BaseIoLibIntrinsic:IoLibMsc.obj
 0001:00000770       IoWrite8                   0000000000000a10 f   BaseIoLibIntrinsic:IoLibMsc.obj
 0001:00000778       StrLen                     0000000000000a18 f   BaseLib:String.obj
 0001:00000830       StrSize                    0000000000000ad0 f   BaseLib:String.obj
 0001:00000844       InternalHexCharToUintn     0000000000000ae4 f   BaseLib:String.obj
 0001:00000874       InternalIsHexaDecimalDigitCharacter 0000000000000b14 f   BaseLib:String.obj
 0001:0000089c       StrHexToUintn              0000000000000b3c f   BaseLib:String.obj
 0001:00000988       AsciiStrLen                0000000000000c28 f   BaseLib:String.obj
 0001:00000a10       AsciiStrSize               0000000000000cb0 f   BaseLib:String.obj
 0001:00000a24       ReadUnaligned16            0000000000000cc4 f   BaseLib:Unaligned.obj
 0001:00000a5c       ReadUnaligned32            0000000000000cfc f   BaseLib:Unaligned.obj
 0001:00000a94       InternalMathDivRemU64x32   0000000000000d34 f   BaseLib:Math64.obj
 0001:00000ab0       InternalAllocatePool       0000000000000d50 f   UefiMemoryAllocationLib:MemoryAllocationLib.obj
 0001:00000adc       AllocatePool               0000000000000d7c f   UefiMemoryAllocationLib:MemoryAllocationLib.obj
 0001:00000aec       FreePool                   0000000000000d8c f   UefiMemoryAllocationLib:MemoryAllocationLib.obj
 0001:00000b60       UnicodeVSPrint             0000000000000e00 f   BasePrintLib:PrintLib.obj
 0001:00000c04       BasePrintLibFillBuffer     0000000000000ea4 f   BasePrintLib:PrintLibInternal.obj
 0001:00000c38       BasePrintLibValueToString  0000000000000ed8 f   BasePrintLib:PrintLibInternal.obj
 0001:00000c88       BasePrintLibSPrintMarker   0000000000000f28 f   BasePrintLib:PrintLibInternal.obj
 0001:00001a7c       BasePrintLibSPrint         0000000000001d1c f   BasePrintLib:PrintLibInternal.obj
 0001:00001aa0       DivU64x32Remainder         0000000000001d40 f   BaseLib:DivU64x32Remainder.obj
 0002:00000000       ??_C@_0BE@BDFJLGLN@gBS?5?$CB?$DN?5?$CI?$CIvoid?5?$CK?$CJ?50?$CJ?$AA@ 0000000000001da0     UefiBootServicesTableLib:UefiBootServicesTableLib.obj
 0002:00000018       ??_C@_0BE@DGNHAHIL@gST?5?$CB?$DN?5?$CI?$CIvoid?5?$CK?$CJ?50?$CJ?$AA@ 0000000000001db8     UefiBootServicesTableLib:UefiBootServicesTableLib.obj
 0002:00000030       ??_C@_0EG@IHBEIGJL@q?3?2MdePkg?2Library?2UefiBootServic@ 0000000000001dd0     UefiBootServicesTableLib:UefiBootServicesTableLib.obj
 0002:00000078       ??_C@_0BN@COECPDCC@gImageHandle?5?$CB?$DN?5?$CI?$CIvoid?5?$CK?$CJ?50?$CJ?$AA@ 0000000000001e18     UefiBootServicesTableLib:UefiBootServicesTableLib.obj
 0002:00000098       _gPcd_FixedAtBuild_PcdMaximumAsciiStringLength 0000000000001e38     ECCMD:AutoGen.obj
 0002:00000098       _gPcd_FixedAtBuild_PcdMaximumUnicodeStringLength 0000000000001e38     ECCMD:AutoGen.obj
 0002:0000009c       _gPcd_FixedAtBuild_PcdUefiLibMaxPrintBufferSize 0000000000001e3c     ECCMD:AutoGen.obj
 0002:000000a0       _gUefiDriverRevision       0000000000001e40     ECCMD:AutoGen.obj
 0002:000000b0       ??_C@_0FA@PLGEIFOI@q?3?2Build?2MyPkg?2RELEASE_DEVTLS?2X6@ 0000000000001e50     ECCMD:AutoGen.obj
 0002:00000100       ??_C@_0BE@DCHLEIGN@?$CBEFI_ERROR?5?$CIStatus?$CJ?$AA@ 0000000000001ea0     ECCMD:AutoGen.obj
 0002:00000118       ??_C@_0CB@DMEJJJHA@?6ASSERT_EFI_ERROR?5?$CIStatus?5?$DN?5?$CFr?$CJ?6@ 0000000000001eb8     ECCMD:AutoGen.obj
 0002:00000140       ??_C@_17IHFOHADP@?$AA?$CF?$AAa?$AA?6?$AA?$AA@ 0000000000001ee0     ECCommandLib:ECCommand.obj
 0002:00000148       ??_C@_1O@EFBDIILA@?$AA?5?$AA?$CI?$AA?$CF?$AAc?$AA?$CJ?$AA?6?$AA?$AA@ 0000000000001ee8     ECCommandLib:ECCommand.obj
 0002:00000160       ??_C@_1EA@JDLELKBA@?$AAC?$AAo?$AAm?$AAm?$AAa?$AAn?$AAd?$AA?5?$AAo?$AAr?$AA?5?$AAd?$AAa?$AAt?$AAa?$AA?5?$AAi?$AAs?$AA?5?$AAn?$AAo?$AAt?$AA?5?$AAd?$AAe?$AAf?$AAi?$AAn?$AAe?$AAd?$AA?6?$AA?$AA@ 0000000000001f00     ECCommandLib:ECCommand.obj
 0002:000001a0       ??_C@_1FE@PJHNFKBC@?$AAP?$AAl?$AAe?$AAa?$AAs?$AAe?$AA?5?$AAe?$AAn?$AAt?$AAe?$AAr?$AA?5?$AAB?$AAa?$AAn?$AAk?$AA?5?$AAN?$AAu?$AAm?$AAb?$AAe?$AAr?$AA?5?$AAb?$AAe?$AAt?$AAw?$AAe?$AAe?$AAn@ 0000000000001f40     ECCommandLib:ECCommand.obj
 0002:000001f4       ??_C@_13LBAGMAIH@?$AA?6?$AA?$AA@ 0000000000001f94     ECCommandLib:ECCommand.obj
 0002:000001f8       ??_C@_1M@FHJLFHFE@?$AA?5?$AA?$CF?$AA0?$AA2?$AAx?$AA?$AA@ 0000000000001f98     ECCommandLib:ECCommand.obj
 0002:00000210       ??_C@_1IK@FKCBICHK@?$AA?5?$AA?5?$AA?5?$AA?5?$AA?5?$AA?$FL?$AAF?$AAi?$AAl?$AAe?$AA?5?$AAN?$AAa?$AAm?$AAe?$AA?$FN?$AA?5?$AA?$FL?$AAC?$AAo?$AAm?$AAm?$AAa?$AAn?$AAd?$AA?$FN?$AA?5?$AA?$FL?$AAD?$AAa?$AAt?$AAa@ 0000000000001fb0     ECCommandLib:ECCommand.obj
 0002:000002a0       ??_C@_1JC@MGPCCNPF@?$AA?6?$AAS?$AAo?$AAr?$AAr?$AAy?$AA?0?$AA?5?$AAG?$AAe?$AAt?$AAt?$AAi?$AAn?$AAg?$AA?5?$AAS?$AAh?$AAe?$AAl?$AAl?$AA?5?$AAp?$AAa?$AAr?$AAa?$AAm?$AAe?$AAt?$AAe?$AAr?$AAs@ 0000000000002040     ECCommandLib:ECCommand.obj
 0002:00000340       ??_C@_0EM@DLKNJEFG@q?3?2MdePkg?2Library?2UefiRuntimeSer@ 00000000000020e0     UefiRuntimeServicesTableLib:UefiRuntimeServicesTableLib.obj
 0002:00000390       ??_C@_0BE@OBDFIHND@gRT?5?$CB?$DN?5?$CI?$CIvoid?5?$CK?$CJ?50?$CJ?$AA@ 0000000000002130     UefiRuntimeServicesTableLib:UefiRuntimeServicesTableLib.obj
 0002:000003a8       ??_C@_0BH@IACGKAP@Buffer?5?$CB?$DN?5?$CI?$CIvoid?5?$CK?$CJ?50?$CJ?$AA@ 0000000000002148     UefiLib:UefiLibPrint.obj
 0002:000003c0       ??_C@_0BI@DIKLKBJC@Console?5?$CB?$DN?5?$CI?$CIvoid?5?$CK?$CJ?50?$CJ?$AA@ 0000000000002160     UefiLib:UefiLibPrint.obj
 0002:000003d8       ??_C@_0CD@NJDNMGBE@?$CI?$CIUINTN?$CJ?5Format?5?$CG?50x00000001?$CJ?5?$DN?$DN@ 0000000000002178     UefiLib:UefiLibPrint.obj
 0002:00000400       ??_C@_0CJ@ICOLKBCP@q?3?2MdePkg?2Library?2UefiLib?2UefiLi@ 00000000000021a0     UefiLib:UefiLibPrint.obj
 0002:00000430       ??_C@_0BH@LKMBFCBF@Format?5?$CB?$DN?5?$CI?$CIvoid?5?$CK?$CJ?50?$CJ?$AA@ 00000000000021d0     UefiLib:UefiLibPrint.obj
 0002:00000448       ??_C@_0DK@EOJCOAME@Length?5?$DM?5_gPcd_FixedAtBuild_PcdM@ 00000000000021e8     BaseLib:String.obj
 0002:00000488       ??_C@_0CD@BDCLIGHD@?$CI?$CIUINTN?$CJ?5String?5?$CG?50x00000001?$CJ?5?$DN?$DN@ 0000000000002228     BaseLib:String.obj
 0002:000004b0       ??_C@_0CD@OOJADBME@q?3?2MdePkg?2Library?2BaseLib?2String@ 0000000000002250     BaseLib:String.obj
 0002:000004d8       ??_C@_0BH@MAAHKCPC@String?5?$CB?$DN?5?$CI?$CIvoid?5?$CK?$CJ?50?$CJ?$AA@ 0000000000002278     BaseLib:String.obj
 0002:000004f0       ??_C@_0BG@KBNOLIGE@StrSize?5?$CIString?$CJ?5?$CB?$DN?50?$AA@ 0000000000002290     BaseLib:String.obj
 0002:00000510       ??_C@_0ED@BNMFHFDG@Result?5?$DM?$DN?5?$CI?$CI?$CI?$CIUINTN?$CJ?5?$HO0?$CJ?5?9?5Inter@ 00000000000022b0     BaseLib:String.obj
 0002:00000558       ??_C@_0DI@MDIKFADO@Length?5?$DM?5_gPcd_FixedAtBuild_PcdM@ 00000000000022f8     BaseLib:String.obj
 0002:00000590       ??_C@_0CG@MHAECJIA@q?3?2MdePkg?2Library?2BaseLib?2Unalig@ 0000000000002330     BaseLib:Unaligned.obj
 0002:000005b8       ??_C@_0N@KGHEHMDL@Divisor?5?$CB?$DN?50?$AA@ 0000000000002358     BaseLib:DivU64x32.obj
 0002:000005d0       ??_C@_0EA@JCDEKIGH@q?3?2MdePkg?2Library?2UefiMemoryAllo@ 0000000000002370     UefiMemoryAllocationLib:MemoryAllocationLib.obj
 0002:00000610       ??_C@_0CH@KJLBGOBB@?$CI?$CI?$CIUINTN?$CJ?5?$CIFormatString?$CJ?$CJ?5?$CG?50x01@ 00000000000023b0     BasePrintLib:PrintLib.obj
 0002:00000638       ??_C@_0CK@LOLCLJPB@q?3?2MdePkg?2Library?2BasePrintLib?2P@ 00000000000023d8     BasePrintLib:PrintLib.obj
 0002:00000668       ??_C@_0CI@BGLNHBLM@?$CI?$CI?$CIUINTN?$CJ?5?$CIStartOfBuffer?$CJ?$CJ?5?$CG?50x0@ 0000000000002408     BasePrintLib:PrintLib.obj
 0002:00000690       ??_C@_0BB@MFGDFIJM@Compromised?5Data?$AA@ 0000000000002430     BasePrintLib:PrintLibInternal.obj
 0002:000006a8       ??_C@_0BB@KFJAMCOC@Invalid?5Language?$AA@ 0000000000002448     BasePrintLib:PrintLibInternal.obj
 0002:000006c0       ??_C@_0M@FKGOBENP@End?5of?5File?$AA@ 0000000000002460     BasePrintLib:PrintLibInternal.obj
 0002:000006d0       ??_C@_0O@GLPDOMCP@Reserved?5?$CI30?$CJ?$AA@ 0000000000002470     BasePrintLib:PrintLibInternal.obj
 0002:000006e0       ??_C@_0O@NMJOLAMF@Reserved?5?$CI29?$CJ?$AA@ 0000000000002480     BasePrintLib:PrintLibInternal.obj
 0002:000006f0       ??_C@_0N@JEJDHPO@End?5of?5Media?$AA@ 0000000000002490     BasePrintLib:PrintLibInternal.obj
 0002:00000700       ??_C@_09BOMAGJEG@CRC?5Error?$AA@ 00000000000024a0     BasePrintLib:PrintLibInternal.obj
 0002:00000710       ??_C@_0BD@KHMPCIOG@Security?5Violation?$AA@ 00000000000024b0     BasePrintLib:PrintLibInternal.obj
 0002:00000728       ??_C@_0BF@EHOBGFMI@Incompatible?5Version?$AA@ 00000000000024c8     BasePrintLib:PrintLibInternal.obj
 0002:00000740       ??_C@_0P@NCJHBCLM@Protocol?5Error?$AA@ 00000000000024e0     BasePrintLib:PrintLibInternal.obj
 0002:00000750       ??_C@_0L@DJKNJKHM@TFTP?5Error?$AA@ 00000000000024f0     BasePrintLib:PrintLibInternal.obj
 0002:00000760       ??_C@_0L@LKIFCMNO@ICMP?5Error?$AA@ 0000000000002500     BasePrintLib:PrintLibInternal.obj
 0002:00000770       ??_C@_07LCKDCBKK@Aborted?$AA@ 0000000000002510     BasePrintLib:PrintLibInternal.obj
 0002:00000778       ??_C@_0BA@IGIBFFPH@Already?5started?$AA@ 0000000000002518     BasePrintLib:PrintLibInternal.obj
 0002:00000788       ??_C@_0M@DCJFAFHJ@Not?5started?$AA@ 0000000000002528     BasePrintLib:PrintLibInternal.obj
 0002:00000798       ??_C@_08PAFJCNGP@Time?5out?$AA@ 0000000000002538     BasePrintLib:PrintLibInternal.obj
 0002:000007a8       ??_C@_0L@IFPBNFC@No?5mapping?$AA@ 0000000000002548     BasePrintLib:PrintLibInternal.obj
 0002:000007b8       ??_C@_0M@ENKCBFEP@No?5Response?$AA@ 0000000000002558     BasePrintLib:PrintLibInternal.obj
 0002:000007c8       ??_C@_0O@NFHOBIDO@Access?5Denied?$AA@ 0000000000002568     BasePrintLib:PrintLibInternal.obj
 0002:000007d8       ??_C@_09CFCBFJND@Not?5Found?$AA@ 0000000000002578     BasePrintLib:PrintLibInternal.obj
 0002:000007e8       ??_C@_0O@JNCJKCCD@Media?5changed?$AA@ 0000000000002588     BasePrintLib:PrintLibInternal.obj
 0002:000007f8       ??_C@_08KEGAJDNN@No?5Media?$AA@ 0000000000002598     BasePrintLib:PrintLibInternal.obj
 0002:00000808       ??_C@_0M@HDLEPOFA@Volume?5Full?$AA@ 00000000000025a8     BasePrintLib:PrintLibInternal.obj
 0002:00000818       ??_C@_0P@EIOJGIF@Volume?5Corrupt?$AA@ 00000000000025b8     BasePrintLib:PrintLibInternal.obj
 0002:00000828       ??_C@_0BB@GOILNEAA@Out?5of?5Resources?$AA@ 00000000000025c8     BasePrintLib:PrintLibInternal.obj
 0002:00000840       ??_C@_0BA@LNEDDFNB@Write?5Protected?$AA@ 00000000000025e0     BasePrintLib:PrintLibInternal.obj
 0002:00000850       ??_C@_0N@HHEABDHO@Device?5Error?$AA@ 00000000000025f0     BasePrintLib:PrintLibInternal.obj
 0002:00000860       ??_C@_09NKFGCIPN@Not?5Ready?$AA@ 0000000000002600     BasePrintLib:PrintLibInternal.obj
 0002:00000870       ??_C@_0BB@EGELJFOB@Buffer?5Too?5Small?$AA@ 0000000000002610     BasePrintLib:PrintLibInternal.obj
 0002:00000888       ??_C@_0BA@FLNMPMCF@Bad?5Buffer?5Size?$AA@ 0000000000002628     BasePrintLib:PrintLibInternal.obj
 0002:00000898       ??_C@_0M@BEECMOIL@Unsupported?$AA@ 0000000000002638     BasePrintLib:PrintLibInternal.obj
 0002:000008a8       ??_C@_0BC@HOFHKGJN@Invalid?5Parameter?$AA@ 0000000000002648     BasePrintLib:PrintLibInternal.obj
 0002:000008c0       ??_C@_0L@PLPBEPPC@Load?5Error?$AA@ 0000000000002660     BasePrintLib:PrintLibInternal.obj
 0002:000008d0       ??_C@_0BD@IFJNJCCO@Warning?5Stale?5Data?$AA@ 0000000000002670     BasePrintLib:PrintLibInternal.obj
 0002:000008e8       ??_C@_0BJ@ODIPDGHB@Warning?5Buffer?5Too?5Small?$AA@ 0000000000002688     BasePrintLib:PrintLibInternal.obj
 0002:00000908       ??_C@_0BG@ECIJMOED@Warning?5Write?5Failure?$AA@ 00000000000026a8     BasePrintLib:PrintLibInternal.obj
 0002:00000920       ??_C@_0BH@GKKCJEPJ@Warning?5Delete?5Failure?$AA@ 00000000000026c0     BasePrintLib:PrintLibInternal.obj
 0002:00000938       ??_C@_0BG@CFJMNNJK@Warning?5Unknown?5Glyph?$AA@ 00000000000026d8     BasePrintLib:PrintLibInternal.obj
 0002:00000950       ??_C@_07PBILKAFL@Success?$AA@ 00000000000026f0     BasePrintLib:PrintLibInternal.obj
 0002:00000958       mHexStr                    00000000000026f8     BasePrintLib:PrintLibInternal.obj
 0002:00000970       mStatusString              0000000000002710     BasePrintLib:PrintLibInternal.obj
 0002:00000aa8       ??_C@_0DC@CHCEMEEB@q?3?2MdePkg?2Library?2BasePrintLib?2P@ 0000000000002848     BasePrintLib:PrintLibInternal.obj
 0002:00000ae0       ??_C@_0EG@NFDMKACK@?$CI?$CI?$CIFlags?5?$CG?50x00000040?$CJ?5?$CB?$DN?50?$CJ?$CJ?5?$HM?$HM@ 0000000000002880     BasePrintLib:PrintLibInternal.obj
 0002:00000b30       ??_C@_0EM@FPGGOFNC@?$CI?$CI?$CIFlags?5?$CG?50x00000040?$CJ?5?$DN?$DN?50?$CJ?$CJ?5?$HM?$HM@ 00000000000028d0     BasePrintLib:PrintLibInternal.obj
 0002:00000b7c       ??_C@_01LIIJDEN@?$AN?$AA@  000000000000291c     BasePrintLib:PrintLibInternal.obj
 0002:00000b80       ??_C@_04JIMNDDED@?$CF08X?$AA@ 0000000000002920     BasePrintLib:PrintLibInternal.obj
 0002:00000b88       ??_C@_0O@MLOLIMFM@?$DMnull?5string?$DO?$AA@ 0000000000002928     BasePrintLib:PrintLibInternal.obj
 0002:00000b98       ??_C@_0BK@FCPKCIDD@?$CF02d?1?$CF02d?1?$CF04d?5?5?$CF02d?3?$CF02d?$AA@ 0000000000002938     BasePrintLib:PrintLibInternal.obj
 0002:00000bb8       ??_C@_0M@LHGBCIKM@?$DMnull?5time?$DO?$AA@ 0000000000002958     BasePrintLib:PrintLibInternal.obj
 0002:00000bc8       ??_C@_0DB@PMLHLBMO@?$CF08x?9?$CF04x?9?$CF04x?9?$CF02x?$CF02x?9?$CF02x?$CF02x@ 0000000000002968     BasePrintLib:PrintLibInternal.obj
 0002:00000c00       ??_C@_0M@BJJDNPHK@?$DMnull?5guid?$DO?$AA@ 00000000000029a0     BasePrintLib:PrintLibInternal.obj
 0002:00000c0c       ??_C@_02PCIJFNDE@?$AN?6?$AA@ 00000000000029ac     BasePrintLib:PrintLibInternal.obj
 0002:00000c10       ??_C@_0BL@BFEFANFD@AsciiStrSize?5?$CIFormat?$CJ?5?$CB?$DN?50?$AA@ 00000000000029b0     BasePrintLib:PrintLibInternal.obj
 0002:00000c30       ??_C@_0CB@NIHAJGJE@StrSize?5?$CI?$CICHAR16?5?$CK?$CJ?5Format?$CJ?5?$CB?$DN?50@ 00000000000029d0     BasePrintLib:PrintLibInternal.obj
 0002:00000c58       ??_C@_0CP@CPEPIGGJ@q?3?2MdePkg?2Library?2BaseLib?2DivU64@ 00000000000029f8     BaseLib:DivU64x32Remainder.obj
 0002:00000c88       gImageHandle               0000000000002a28     UefiBootServicesTableLib:UefiBootServicesTableLib.obj
 0002:00000c90       gST                        0000000000002a30     UefiBootServicesTableLib:UefiBootServicesTableLib.obj
 0002:00000c98       gBS                        0000000000002a38     UefiBootServicesTableLib:UefiBootServicesTableLib.obj
 0002:00000ca0       gRT                        0000000000002a40     UefiRuntimeServicesTableLib:UefiRuntimeServicesTableLib.obj

 entry point at        0001:00000000

 Static symbols

