 PrintDxe

 Timestamp is 620cbe0d (Wed Feb 16 17:04:13 2022)

 Preferred load address is 00010000

 Start         Length     Name                   Class
 0001:00000000 00001b63H .text                   CODE
 0002:00000000 00000d18H .rdata                  DATA
 0002:00000d18 00000078H .rdata$debug            DATA
 0003:00000000 000000a0H .data                   DATA
 0003:000000a0 00000030H .bss                    DATA
 0004:00000000 00000050H .edata                  DATA

  Address         Publics by Value              Rva+Base       Lib:Object

 0001:00000000       __ModuleEntryPoint         00011000 f   UefiDriverEntryPoint:DriverEntryPoint.obj
 0001:0000002d       _ProcessLibraryConstructorList 0001102d f   PrintDxe:AutoGen.obj
 0001:000001c3       _ProcessLibraryDestructorList 000111c3 f   PrintDxe:AutoGen.obj
 0001:0000020b       _ProcessModuleEntryPointList 0001120b f   PrintDxe:AutoGen.obj
 0001:00000259       _DebugPrint                00011259 f   PeiDxeDebugLibReportStatusCode:DebugLib.obj
 0001:000003d2       _DebugAssert               000113d2 f   PeiDxeDebugLibReportStatusCode:DebugLib.obj
 0001:00000473       _UnicodeBSPrint            00011473 f   BasePrintLib:PrintLib.obj
 0001:000004cc       _UnicodeSPrint             000114cc f   BasePrintLib:PrintLib.obj
 0001:00000522       _UnicodeBSPrintAsciiFormat 00011522 f   BasePrintLib:PrintLib.obj
 0001:00000562       _UnicodeSPrintAsciiFormat  00011562 f   BasePrintLib:PrintLib.obj
 0001:0000059f       _UnicodeValueToString      0001159f f   BasePrintLib:PrintLib.obj
 0001:000005df       _AsciiBSPrint              000115df f   BasePrintLib:PrintLib.obj
 0001:00000600       _AsciiSPrint               00011600 f   BasePrintLib:PrintLib.obj
 0001:0000061e       _AsciiBSPrintUnicodeFormat 0001161e f   BasePrintLib:PrintLib.obj
 0001:0000065f       _AsciiSPrintUnicodeFormat  0001165f f   BasePrintLib:PrintLib.obj
 0001:0000069d       _AsciiValueToString        0001169d f   BasePrintLib:PrintLib.obj
 0001:000006c0       _BasePrintLibFillBuffer    000116c0 f   BasePrintLib:PrintLibInternal.obj
 0001:000006ec       _BasePrintLibValueToString 000116ec f   BasePrintLib:PrintLibInternal.obj
 0001:0000074a       _BasePrintLibConvertValueToString 0001174a f   BasePrintLib:PrintLibInternal.obj
 0001:0000090d       _BasePrintLibSPrintMarker  0001190d f   BasePrintLib:PrintLibInternal.obj
 0001:000013a1       _BasePrintLibSPrint        000123a1 f   BasePrintLib:PrintLibInternal.obj
 0001:000013c5       _HobLibConstructor         000123c5 f   DxeHobLib:HobLib.obj
 0001:00001465       _GetHobList                00012465 f   DxeHobLib:HobLib.obj
 0001:00001488       _GetNextHob                00012488 f   DxeHobLib:HobLib.obj
 0001:000014c7       _GetDebugPrintErrorLevel   000124c7 f   DxeDebugPrintErrorLevelLib:DxeDebugPrintErrorLevelLib.obj
 0001:000015b5       _GetDebugMask              000125b5 f   DxeDebugPrintErrorLevelLib:DxeDebugPrintErrorLevelLib.obj
 0001:000015ce       _SetDebugMask              000125ce f   DxeDebugPrintErrorLevelLib:DxeDebugPrintErrorLevelLib.obj
 0001:000015da       _InternalSafeStringNoAsciiStrOverlap 000125da f   BaseLib:SafeString.obj
 0001:000015fe       _AsciiStrnLenS             000125fe f   BaseLib:SafeString.obj
 0001:00001618       _AsciiStrCpyS              00012618 f   BaseLib:SafeString.obj
 0001:000016d3       _StrLen                    000126d3 f   BaseLib:String.obj
 0001:0000173e       _AsciiStrLen               0001273e f   BaseLib:String.obj
 0001:0000178b       _ReadUnaligned16           0001278b f   BaseLib:Unaligned.obj
 0001:000017a7       _ReadUnaligned64           000127a7 f   BaseLib:Unaligned.obj
 0001:000017c8       _WriteUnaligned64          000127c8 f   BaseLib:Unaligned.obj
 0001:000017f1       _CopyMem                   000127f1 f   BaseMemoryLibOptDxe:CopyMemWrapper.obj
 0001:0000184e       _CompareGuid               0001284e f   BaseMemoryLibOptDxe:MemLibGuid.obj
 0001:000018aa       _InternalGetReportStatusCode 000128aa f   DxeReportStatusCodeLib:ReportStatusCodeLib.obj
 0001:000018e3       _InternalReportStatusCode  000128e3 f   DxeReportStatusCodeLib:ReportStatusCodeLib.obj
 0001:00001915       _ReportStatusCodeEx        00012915 f   DxeReportStatusCodeLib:ReportStatusCodeLib.obj
 0001:00001a70       _InternalMemCopyMem        00012a70 f   BaseMemoryLibOptDxe:CopyMem.obj
 0001:00001ae0       _InternalMemSetMem         00012ae0 f   BaseMemoryLibOptDxe:SetMem.obj
 0001:00001b0c       _InternalMemZeroMem        00012b0c f   BaseMemoryLibOptDxe:ZeroMem.obj
 0001:00001b2c       _InternalMemSetMem32       00012b2c f   BaseMemoryLibOptDxe:SetMem32.obj
 0001:00001b44       _InternalMemSetMem64       00012b44 f   BaseMemoryLibOptDxe:SetMem64.obj
 0002:0000001c       ??_C@_0CB@DMEJJJHA@?6ASSERT_EFI_ERROR?5?$CIStatus?5?$DN?5?$CFr?$CJ?6@ 0001301c     UefiDriverEntryPoint:DriverEntryPoint.obj
 0002:00000040       ??_C@_0BE@DCHLEIGN@?$CBEFI_ERROR?5?$CIStatus?$CJ?$AA@ 00013040     UefiDriverEntryPoint:DriverEntryPoint.obj
 0002:00000058       ??_C@_0FN@NNFILOIC@q?3?2Build?2NT32IA32?2DEBUG_DEVTLS?2I@ 00013058     PrintDxe:AutoGen.obj
 0002:000000b8       _mPrint2Protocol           000130b8     PrintDxe:Print.obj
 0002:000000e0       __gUefiDriverRevision      000130e0     PrintDxe:AutoGen.obj
 0002:000000e4       ??_C@_0CL@FMJGEIG@q?3?2MdeModulePkg?2Universal?2PrintD@ 000130e4     PrintDxe:Print.obj
 0002:00000110       ??_C@_0BH@LKMBFCBF@Format?5?$CB?$DN?5?$CI?$CIvoid?5?$CK?$CJ?50?$CJ?$AA@ 00013110     PeiDxeDebugLibReportStatusCode:DebugLib.obj
 0002:00000128       ??_C@_0EN@CNOKPIHJ@q?3?2IntelFrameworkModulePkg?2Libra@ 00013128     PeiDxeDebugLibReportStatusCode:DebugLib.obj
 0002:00000178       ??_C@_0CI@HIINONDG@?$CICHAR8?5?$CK?$CJBaseListMarker?5?$DM?$DN?5Forma@ 00013178     PeiDxeDebugLibReportStatusCode:DebugLib.obj
 0002:000001a0       ??_C@_0BH@IACGKAP@Buffer?5?$CB?$DN?5?$CI?$CIvoid?5?$CK?$CJ?50?$CJ?$AA@ 000131a0     PeiDxeDebugLibReportStatusCode:DebugLib.obj
 0002:000001b8       ??_C@_0BN@COECPDCC@gImageHandle?5?$CB?$DN?5?$CI?$CIvoid?5?$CK?$CJ?50?$CJ?$AA@ 000131b8     UefiBootServicesTableLib:UefiBootServicesTableLib.obj
 0002:000001d8       ??_C@_0EG@IHBEIGJL@q?3?2MdePkg?2Library?2UefiBootServic@ 000131d8     UefiBootServicesTableLib:UefiBootServicesTableLib.obj
 0002:00000220       ??_C@_0BE@DGNHAHIL@gST?5?$CB?$DN?5?$CI?$CIvoid?5?$CK?$CJ?50?$CJ?$AA@ 00013220     UefiBootServicesTableLib:UefiBootServicesTableLib.obj
 0002:00000234       ??_C@_0BE@BDFJLGLN@gBS?5?$CB?$DN?5?$CI?$CIvoid?5?$CK?$CJ?50?$CJ?$AA@ 00013234     UefiBootServicesTableLib:UefiBootServicesTableLib.obj
 0002:00000248       ??_C@_0EK@PAKOFLDC@q?3?2MdePkg?2Library?2UefiDevicePath@ 00013248     UefiDevicePathLibDevicePathProtocol:UefiDevicePathLib.obj
 0002:00000294       ??_C@_0DC@CNNBPJA@mDevicePathLibDevicePathUtilitie@ 00013294     UefiDevicePathLibDevicePathProtocol:UefiDevicePathLib.obj
 0002:000002c8       ??_C@_0BE@OBDFIHND@gRT?5?$CB?$DN?5?$CI?$CIvoid?5?$CK?$CJ?50?$CJ?$AA@ 000132c8     UefiRuntimeServicesTableLib:UefiRuntimeServicesTableLib.obj
 0002:000002e0       ??_C@_0EM@DLKNJEFG@q?3?2MdePkg?2Library?2UefiRuntimeSer@ 000132e0     UefiRuntimeServicesTableLib:UefiRuntimeServicesTableLib.obj
 0002:0000032c       ??_C@_0CI@BGLNHBLM@?$CI?$CI?$CIUINTN?$CJ?5?$CIStartOfBuffer?$CJ?$CJ?5?$CG?50x0@ 0001332c     BasePrintLib:PrintLib.obj
 0002:00000354       ??_C@_0CK@LOLCLJPB@q?3?2MdePkg?2Library?2BasePrintLib?2P@ 00013354     BasePrintLib:PrintLib.obj
 0002:00000380       ??_C@_0CH@KJLBGOBB@?$CI?$CI?$CIUINTN?$CJ?5?$CIFormatString?$CJ?$CJ?5?$CG?50x01@ 00013380     BasePrintLib:PrintLib.obj
 0002:000003a8       ??_C@_0CB@LDBAOPMG@?$CI?$CI?$CIUINTN?$CJ?5?$CIBuffer?$CJ?$CJ?5?$CG?50x01?$CJ?5?$DN?$DN?50@ 000133a8     BasePrintLib:PrintLib.obj
 0002:000003cc       ??_C@_0BB@MFGDFIJM@Compromised?5Data?$AA@ 000133cc     BasePrintLib:PrintLibInternal.obj
 0002:000003e0       ??_C@_0BB@KFJAMCOC@Invalid?5Language?$AA@ 000133e0     BasePrintLib:PrintLibInternal.obj
 0002:000003f4       ??_C@_0M@FKGOBENP@End?5of?5File?$AA@ 000133f4     BasePrintLib:PrintLibInternal.obj
 0002:00000400       ??_C@_0O@GLPDOMCP@Reserved?5?$CI30?$CJ?$AA@ 00013400     BasePrintLib:PrintLibInternal.obj
 0002:00000410       ??_C@_0O@NMJOLAMF@Reserved?5?$CI29?$CJ?$AA@ 00013410     BasePrintLib:PrintLibInternal.obj
 0002:00000420       ??_C@_0N@JEJDHPO@End?5of?5Media?$AA@ 00013420     BasePrintLib:PrintLibInternal.obj
 0002:00000430       ??_C@_09BOMAGJEG@CRC?5Error?$AA@ 00013430     BasePrintLib:PrintLibInternal.obj
 0002:0000043c       ??_C@_0BD@KHMPCIOG@Security?5Violation?$AA@ 0001343c     BasePrintLib:PrintLibInternal.obj
 0002:00000450       ??_C@_0BF@EHOBGFMI@Incompatible?5Version?$AA@ 00013450     BasePrintLib:PrintLibInternal.obj
 0002:00000468       ??_C@_0P@NCJHBCLM@Protocol?5Error?$AA@ 00013468     BasePrintLib:PrintLibInternal.obj
 0002:00000478       ??_C@_0L@DJKNJKHM@TFTP?5Error?$AA@ 00013478     BasePrintLib:PrintLibInternal.obj
 0002:00000484       ??_C@_0L@LKIFCMNO@ICMP?5Error?$AA@ 00013484     BasePrintLib:PrintLibInternal.obj
 0002:00000490       ??_C@_07LCKDCBKK@Aborted?$AA@ 00013490     BasePrintLib:PrintLibInternal.obj
 0002:00000498       ??_C@_0BA@IGIBFFPH@Already?5started?$AA@ 00013498     BasePrintLib:PrintLibInternal.obj
 0002:000004a8       ??_C@_0M@DCJFAFHJ@Not?5started?$AA@ 000134a8     BasePrintLib:PrintLibInternal.obj
 0002:000004b4       ??_C@_08PAFJCNGP@Time?5out?$AA@ 000134b4     BasePrintLib:PrintLibInternal.obj
 0002:000004c0       ??_C@_0L@IFPBNFC@No?5mapping?$AA@ 000134c0     BasePrintLib:PrintLibInternal.obj
 0002:000004cc       ??_C@_0M@ENKCBFEP@No?5Response?$AA@ 000134cc     BasePrintLib:PrintLibInternal.obj
 0002:000004d8       ??_C@_0O@NFHOBIDO@Access?5Denied?$AA@ 000134d8     BasePrintLib:PrintLibInternal.obj
 0002:000004e8       ??_C@_09CFCBFJND@Not?5Found?$AA@ 000134e8     BasePrintLib:PrintLibInternal.obj
 0002:000004f4       ??_C@_0O@JNCJKCCD@Media?5changed?$AA@ 000134f4     BasePrintLib:PrintLibInternal.obj
 0002:00000504       ??_C@_08KEGAJDNN@No?5Media?$AA@ 00013504     BasePrintLib:PrintLibInternal.obj
 0002:00000510       ??_C@_0M@HDLEPOFA@Volume?5Full?$AA@ 00013510     BasePrintLib:PrintLibInternal.obj
 0002:0000051c       ??_C@_0P@EIOJGIF@Volume?5Corrupt?$AA@ 0001351c     BasePrintLib:PrintLibInternal.obj
 0002:0000052c       ??_C@_0BB@GOILNEAA@Out?5of?5Resources?$AA@ 0001352c     BasePrintLib:PrintLibInternal.obj
 0002:00000540       ??_C@_0BA@LNEDDFNB@Write?5Protected?$AA@ 00013540     BasePrintLib:PrintLibInternal.obj
 0002:00000550       ??_C@_0N@HHEABDHO@Device?5Error?$AA@ 00013550     BasePrintLib:PrintLibInternal.obj
 0002:00000560       ??_C@_09NKFGCIPN@Not?5Ready?$AA@ 00013560     BasePrintLib:PrintLibInternal.obj
 0002:0000056c       ??_C@_0BB@EGELJFOB@Buffer?5Too?5Small?$AA@ 0001356c     BasePrintLib:PrintLibInternal.obj
 0002:00000580       ??_C@_0BA@FLNMPMCF@Bad?5Buffer?5Size?$AA@ 00013580     BasePrintLib:PrintLibInternal.obj
 0002:00000590       ??_C@_0M@BEECMOIL@Unsupported?$AA@ 00013590     BasePrintLib:PrintLibInternal.obj
 0002:0000059c       ??_C@_0BC@HOFHKGJN@Invalid?5Parameter?$AA@ 0001359c     BasePrintLib:PrintLibInternal.obj
 0002:000005b0       ??_C@_0L@PLPBEPPC@Load?5Error?$AA@ 000135b0     BasePrintLib:PrintLibInternal.obj
 0002:000005bc       ??_C@_0BD@IFJNJCCO@Warning?5Stale?5Data?$AA@ 000135bc     BasePrintLib:PrintLibInternal.obj
 0002:000005d0       ??_C@_0BJ@ODIPDGHB@Warning?5Buffer?5Too?5Small?$AA@ 000135d0     BasePrintLib:PrintLibInternal.obj
 0002:000005ec       ??_C@_0BG@ECIJMOED@Warning?5Write?5Failure?$AA@ 000135ec     BasePrintLib:PrintLibInternal.obj
 0002:00000604       ??_C@_0BH@GKKCJEPJ@Warning?5Delete?5Failure?$AA@ 00013604     BasePrintLib:PrintLibInternal.obj
 0002:0000061c       ??_C@_0BG@CFJMNNJK@Warning?5Unknown?5Glyph?$AA@ 0001361c     BasePrintLib:PrintLibInternal.obj
 0002:00000634       ??_C@_07PBILKAFL@Success?$AA@ 00013634     BasePrintLib:PrintLibInternal.obj
 0002:0000063c       _mHexStr                   0001363c     BasePrintLib:PrintLibInternal.obj
 0002:00000650       _mStatusString             00013650     BasePrintLib:PrintLibInternal.obj
 0002:000006ec       ??_C@_0DC@CHCEMEEB@q?3?2MdePkg?2Library?2BasePrintLib?2P@ 000136ec     BasePrintLib:PrintLibInternal.obj
 0002:00000720       ??_C@_0L@ILDOPMPD@Width?5?$DM?538?$AA@ 00013720     BasePrintLib:PrintLibInternal.obj
 0002:0000072c       ??_C@_0CM@NNLBNNOJ@?$CIFlags?5?$CG?5?$HO?$CI0x01?5?$HM?50x08?5?$HM?50x20?5?$HM?5@ 0001372c     BasePrintLib:PrintLibInternal.obj
 0002:00000758       ??_C@_0CP@IAKNKPOB@?$CI?$CIFlags?5?$CG?50x08?$CJ?5?$DN?$DN?50?$CJ?5?$HM?$HM?5?$CI?$CIFlags@ 00013758     BasePrintLib:PrintLibInternal.obj
 0002:00000788       ??_C@_0CB@NIHAJGJE@StrSize?5?$CI?$CICHAR16?5?$CK?$CJ?5Format?$CJ?5?$CB?$DN?50@ 00013788     BasePrintLib:PrintLibInternal.obj
 0002:000007ac       ??_C@_0BL@BFEFANFD@AsciiStrSize?5?$CIFormat?$CJ?5?$CB?$DN?50?$AA@ 000137ac     BasePrintLib:PrintLibInternal.obj
 0002:000007c8       ??_C@_0O@MLOLIMFM@?$DMnull?5string?$DO?$AA@ 000137c8     BasePrintLib:PrintLibInternal.obj
 0002:000007d8       ??_C@_0M@BJJDNPHK@?$DMnull?5guid?$DO?$AA@ 000137d8     BasePrintLib:PrintLibInternal.obj
 0002:000007e4       ??_C@_0DB@PMLHLBMO@?$CF08x?9?$CF04x?9?$CF04x?9?$CF02x?$CF02x?9?$CF02x?$CF02x@ 000137e4     BasePrintLib:PrintLibInternal.obj
 0002:00000818       ??_C@_0M@LHGBCIKM@?$DMnull?5time?$DO?$AA@ 00013818     BasePrintLib:PrintLibInternal.obj
 0002:00000824       ??_C@_0BK@FCPKCIDD@?$CF02d?1?$CF02d?1?$CF04d?5?5?$CF02d?3?$CF02d?$AA@ 00013824     BasePrintLib:PrintLibInternal.obj
 0002:00000840       ??_C@_04JIMNDDED@?$CF08X?$AA@ 00013840     BasePrintLib:PrintLibInternal.obj
 0002:00000848       ??_C@_02PCIJFNDE@?$AN?6?$AA@ 00013848     BasePrintLib:PrintLibInternal.obj
 0002:0000084c       ??_C@_01LIIJDEN@?$AN?$AA@  0001384c     BasePrintLib:PrintLibInternal.obj
 0002:00000850       ??_C@_0EM@FPGGOFNC@?$CI?$CI?$CIFlags?5?$CG?50x00000040?$CJ?5?$DN?$DN?50?$CJ?$CJ?5?$HM?$HM@ 00013850     BasePrintLib:PrintLibInternal.obj
 0002:000008a0       ??_C@_0EG@NFDMKACK@?$CI?$CI?$CIFlags?5?$CG?50x00000040?$CJ?5?$CB?$DN?50?$CJ?$CJ?5?$HM?$HM@ 000138a0     BasePrintLib:PrintLibInternal.obj
 0002:000008e8       ??_C@_0CF@EEAPHGAM@q?3?2MdePkg?2Library?2DxeHobLib?2HobL@ 000138e8     DxeHobLib:HobLib.obj
 0002:00000910       ??_C@_0BJ@OBFMLLDO@mHobList?5?$CB?$DN?5?$CI?$CIvoid?5?$CK?$CJ?50?$CJ?$AA@ 00013910     DxeHobLib:HobLib.obj
 0002:0000092c       ??_C@_0BJ@NOLLDKJB@HobStart?5?$CB?$DN?5?$CI?$CIvoid?5?$CK?$CJ?50?$CJ?$AA@ 0001392c     DxeHobLib:HobLib.obj
 0002:00000948       ??_C@_1BC@DPOIABCP@?$AAE?$AAF?$AAI?$AAD?$AAe?$AAb?$AAu?$AAg?$AA?$AA@ 00013948     DxeDebugPrintErrorLevelLib:DxeDebugPrintErrorLevelLib.obj
 0002:0000095c       ??_C@_0CD@BDCLIGHD@?$CI?$CIUINTN?$CJ?5String?5?$CG?50x00000001?$CJ?5?$DN?$DN@ 0001395c     BaseLib:SafeString.obj
 0002:00000980       ??_C@_0CH@OOIJJKEI@q?3?2MdePkg?2Library?2BaseLib?2SafeSt@ 00013980     BaseLib:SafeString.obj
 0002:000009a8       ??_C@_0BO@ECNIOIHG@?$CIDestination?5?$CB?$DN?5?$CI?$CIvoid?5?$CK?$CJ?50?$CJ?$CJ?$AA@ 000139a8     BaseLib:SafeString.obj
 0002:000009c8       ??_C@_0BJ@EAEEJIP@?$CISource?5?$CB?$DN?5?$CI?$CIvoid?5?$CK?$CJ?50?$CJ?$CJ?$AA@ 000139c8     BaseLib:SafeString.obj
 0002:000009e4       ??_C@_0BG@EEGIIOKH@?$CIDestMax?5?$DO?5SourceLen?$CJ?$AA@ 000139e4     BaseLib:SafeString.obj
 0002:00000a00       ??_C@_0FL@CDANCHFO@InternalSafeStringNoAsciiStrOver@ 00013a00     BaseLib:SafeString.obj
 0002:00000a5c       ??_C@_0CD@OOJADBME@q?3?2MdePkg?2Library?2BaseLib?2String@ 00013a5c     BaseLib:String.obj
 0002:00000a80       ??_C@_0BH@MAAHKCPC@String?5?$CB?$DN?5?$CI?$CIvoid?5?$CK?$CJ?50?$CJ?$AA@ 00013a80     BaseLib:String.obj
 0002:00000a98       ??_C@_0DK@EOJCOAME@Length?5?$DM?5_gPcd_FixedAtBuild_PcdM@ 00013a98     BaseLib:String.obj
 0002:00000ad4       ??_C@_0DI@MDIKFADO@Length?5?$DM?5_gPcd_FixedAtBuild_PcdM@ 00013ad4     BaseLib:String.obj
 0002:00000b0c       ??_C@_0CG@MHAECJIA@q?3?2MdePkg?2Library?2BaseLib?2Unalig@ 00013b0c     BaseLib:Unaligned.obj
 0002:00000b34       ??_C@_0N@KGHEHMDL@Divisor?5?$CB?$DN?50?$AA@ 00013b34     BaseLib:DivU64x32Remainder.obj
 0002:00000b44       ??_C@_0CP@CPEPIGGJ@q?3?2MdePkg?2Library?2BaseLib?2DivU64@ 00013b44     BaseLib:DivU64x32Remainder.obj
 0002:00000b74       ??_C@_0DI@PHOMHDKH@?$CILength?5?9?51?$CJ?5?$DM?$DN?5?$CI0xFFFFFFFF?5?9?5?$CIU@ 00013b74     BaseMemoryLibOptDxe:CopyMemWrapper.obj
 0002:00000bac       ??_C@_0DH@PIHDLFLO@q?3?2MdePkg?2Library?2BaseMemoryLibO@ 00013bac     BaseMemoryLibOptDxe:CopyMemWrapper.obj
 0002:00000be4       ??_C@_0DD@DCDOHCDJ@?$CILength?5?9?51?$CJ?5?$DM?$DN?5?$CI0xFFFFFFFF?5?9?5?$CIU@ 00013be4     BaseMemoryLibOptDxe:CopyMemWrapper.obj
 0002:00000c18       ??_C@_0EF@PCDGLKLI@q?3?2MdeModulePkg?2Library?2DxeRepor@ 00013c18     DxeReportStatusCodeLib:ReportStatusCodeLib.obj
 0002:00000c60       ??_C@_0DN@HHIHPHHB@?$CB?$CI?$CIExtendedData?5?$DN?$DN?5?$CI?$CIvoid?5?$CK?$CJ?50?$CJ?$CJ@ 00013c60     DxeReportStatusCodeLib:ReportStatusCodeLib.obj
 0002:00000ca0       ??_C@_0DN@BBBIFINB@?$CB?$CI?$CIExtendedData?5?$CB?$DN?5?$CI?$CIvoid?5?$CK?$CJ?50?$CJ?$CJ@ 00013ca0     DxeReportStatusCodeLib:ReportStatusCodeLib.obj
 0002:00000ce0       ??_C@_0DI@MIEIGAOH@Status?5code?5extended?5data?5is?5too@ 00013ce0     DxeReportStatusCodeLib:ReportStatusCodeLib.obj
 0003:00000000       _gEfiCallerIdGuid          00014000     PrintDxe:AutoGen.obj
 0003:00000010       _gEfiStatusCodeSpecificDataGuid 00014010     PrintDxe:AutoGen.obj
 0003:00000020       _gEfiStatusCodeDataTypeDebugGuid 00014020     PrintDxe:AutoGen.obj
 0003:00000030       _gEfiHobListGuid           00014030     PrintDxe:AutoGen.obj
 0003:00000040       _gEfiGenericVariableGuid   00014040     PrintDxe:AutoGen.obj
 0003:00000050       _gEfiPrint2ProtocolGuid    00014050     PrintDxe:AutoGen.obj
 0003:00000060       _gEfiStatusCodeRuntimeProtocolGuid 00014060     PrintDxe:AutoGen.obj
 0003:00000070       _gEfiDevicePathUtilitiesProtocolGuid 00014070     PrintDxe:AutoGen.obj
 0003:00000080       _gEfiDebugMaskProtocolGuid 00014080     PrintDxe:AutoGen.obj
 0003:00000090       _mDebugMaskProtocol        00014090     DxeDebugPrintErrorLevelLib:DxeDebugPrintErrorLevelLib.obj
 0003:000000a0       _mPrintThunkHandle         000140a0     PrintDxe:Print.obj
 0003:000000a4       _gImageHandle              000140a4     UefiBootServicesTableLib:UefiBootServicesTableLib.obj
 0003:000000a8       _gST                       000140a8     UefiBootServicesTableLib:UefiBootServicesTableLib.obj
 0003:000000ac       _gBS                       000140ac     UefiBootServicesTableLib:UefiBootServicesTableLib.obj
 0003:000000b0       _gRT                       000140b0     UefiRuntimeServicesTableLib:UefiRuntimeServicesTableLib.obj
 0003:000000b4       _mHobList                  000140b4     DxeHobLib:HobLib.obj
 0003:000000b8       _mGlobalErrorLevelInitialized 000140b8     DxeDebugPrintErrorLevelLib:DxeDebugPrintErrorLevelLib.obj
 0003:000000bc       _mDebugPrintErrorLevel     000140bc     DxeDebugPrintErrorLevelLib:DxeDebugPrintErrorLevelLib.obj
 0003:000000c0       _mSystemTable              000140c0     DxeDebugPrintErrorLevelLib:DxeDebugPrintErrorLevelLib.obj
 0003:000000c4       _mReportStatusCodeLibStatusCodeProtocol 000140c4     DxeReportStatusCodeLib:ReportStatusCodeLib.obj
 0003:000000c8       _mDevicePathLibDevicePathUtilities 000140c8     UefiDevicePathLibDevicePathProtocol:UefiDevicePathLib.obj
 0003:000000cc       _gNullVaList               000140cc     <common>

 entry point at        0001:00000000

 Static symbols

