 WinNtFlashMapPei

 Timestamp is 620cbdff (Wed Feb 16 17:03:59 2022)

 Preferred load address is 00010000

 Start         Length     Name                   Class
 0001:00000000 000016d7H .text                   CODE
 0002:00000000 00000b9fH .rdata                  DATA
 0002:00000ba0 00000081H .rdata$debug            DATA
 0003:00000000 00000060H .data                   DATA
 0003:00000060 00000010H .bss                    DATA
 0004:00000000 00000058H .edata                  DATA

  Address         Publics by Value              Rva+Base       Lib:Object

 0001:00000000       __ModuleEntryPoint         00011000 f   PeimEntryPoint:PeimEntryPoint.obj
 0001:0000000e       _PeimInitializeFlashMap    0001100e f   WinNtFlashMapPei:FlashMap.obj
 0001:000000ba       _DebugPrint                000110ba f   PeiDxeDebugLibReportStatusCode:DebugLib.obj
 0001:00000230       _DebugAssert               00011230 f   PeiDxeDebugLibReportStatusCode:DebugLib.obj
 0001:000002dc       _PeiServicesLocatePpi      000112dc f   PeiServicesLib:PeiServicesLib.obj
 0001:000002f9       _GetPcdPpiPointer          000112f9 f   PeiPcdLib:PeiPcdLib.obj
 0001:0000033d       _GetPeiServicesTablePointer 0001133d f   PeiServicesTablePointerLib:PeiServicesTablePointer.obj
 0001:00000360       _InternalSafeStringNoAsciiStrOverlap 00011360 f   BaseLib:SafeString.obj
 0001:00000384       _AsciiStrnLenS             00011384 f   BaseLib:SafeString.obj
 0001:0000039e       _AsciiStrCpyS              0001139e f   BaseLib:SafeString.obj
 0001:00000459       _StrLen                    00011459 f   BaseLib:String.obj
 0001:000004c4       _AsciiStrLen               000114c4 f   BaseLib:String.obj
 0001:00000511       _CopyMem                   00011511 f   BaseMemoryLibOptPei:CopyMemWrapper.obj
 0001:0000056e       _CopyGuid                  0001156e f   BaseMemoryLibOptPei:MemLibGuid.obj
 0001:00000598       _CompareGuid               00011598 f   BaseMemoryLibOptPei:MemLibGuid.obj
 0001:000005f7       _InternalReportStatusCode  000115f7 f   PeiReportStatusCodeLib:ReportStatusCodeLib.obj
 0001:00000660       _ReportStatusCodeExtractAssertInfo 00011660 f   PeiReportStatusCodeLib:ReportStatusCodeLib.obj
 0001:0000070b       _ReportStatusCodeExtractDebugInfo 0001170b f   PeiReportStatusCodeLib:ReportStatusCodeLib.obj
 0001:0000079c       _ReportStatusCodeEx        0001179c f   PeiReportStatusCodeLib:ReportStatusCodeLib.obj
 0001:00000862       _OemHookStatusCodeInitialize 00011862 f   PeiNt32OemHookStatusCodeLib:Nt32OemHookStatusCodeLib.obj
 0001:000008bc       _OemHookStatusCodeReport   000118bc f   PeiNt32OemHookStatusCodeLib:Nt32OemHookStatusCodeLib.obj
 0001:00000a64       _ReadUnaligned16           00011a64 f   BaseLib:Unaligned.obj
 0001:00000a80       _ReadUnaligned64           00011a80 f   BaseLib:Unaligned.obj
 0001:00000aa1       _WriteUnaligned64          00011aa1 f   BaseLib:Unaligned.obj
 0001:00000aca       _AsciiSPrint               00011aca f   BasePrintLib:PrintLib.obj
 0001:00000ae8       _BasePrintLibFillBuffer    00011ae8 f   BasePrintLib:PrintLibInternal.obj
 0001:00000b14       _BasePrintLibValueToString 00011b14 f   BasePrintLib:PrintLibInternal.obj
 0001:00000b72       _BasePrintLibSPrintMarker  00011b72 f   BasePrintLib:PrintLibInternal.obj
 0001:000015fc       _BasePrintLibSPrint        000125fc f   BasePrintLib:PrintLibInternal.obj
 0001:0000161c       _InternalMemCopyMem        0001261c f   BaseMemoryLibOptPei:CopyMem.obj
 0001:00001654       _InternalMemSetMem         00012654 f   BaseMemoryLibOptPei:SetMem.obj
 0001:00001680       _InternalMemZeroMem        00012680 f   BaseMemoryLibOptPei:ZeroMem.obj
 0001:000016a0       _InternalMemSetMem32       000126a0 f   BaseMemoryLibOptPei:SetMem32.obj
 0001:000016b8       _InternalMemSetMem64       000126b8 f   BaseMemoryLibOptPei:SetMem64.obj
 0002:0000001c       ??_C@_0CB@DMEJJJHA@?6ASSERT_EFI_ERROR?5?$CIStatus?5?$DN?5?$CFr?$CJ?6@ 0001301c     WinNtFlashMapPei:AutoGen.obj
 0002:00000040       ??_C@_0BE@DCHLEIGN@?$CBEFI_ERROR?5?$CIStatus?$CJ?$AA@ 00013040     WinNtFlashMapPei:AutoGen.obj
 0002:00000054       ??_C@_0BN@CPCMPDAK@NT?532?5Flash?5Map?5PEIM?5Loaded?6?$AA@ 00013054     WinNtFlashMapPei:FlashMap.obj
 0002:00000074       ??_C@_0CH@OAFALAFB@q?3?2Nt32Pkg?2WinNtFlashMapPei?2Flas@ 00013074     WinNtFlashMapPei:FlashMap.obj
 0002:0000009c       ??_C@_0BH@LKMBFCBF@Format?5?$CB?$DN?5?$CI?$CIvoid?5?$CK?$CJ?50?$CJ?$AA@ 0001309c     PeiDxeDebugLibReportStatusCode:DebugLib.obj
 0002:000000b8       ??_C@_0EN@CNOKPIHJ@q?3?2IntelFrameworkModulePkg?2Libra@ 000130b8     PeiDxeDebugLibReportStatusCode:DebugLib.obj
 0002:00000108       ??_C@_0CI@HIINONDG@?$CICHAR8?5?$CK?$CJBaseListMarker?5?$DM?$DN?5Forma@ 00013108     PeiDxeDebugLibReportStatusCode:DebugLib.obj
 0002:00000130       ??_C@_0BH@IACGKAP@Buffer?5?$CB?$DN?5?$CI?$CIvoid?5?$CK?$CJ?50?$CJ?$AA@ 00013130     PeiDxeDebugLibReportStatusCode:DebugLib.obj
 0002:00000148       ??_C@_0CI@MOKENAEJ@q?3?2MdePkg?2Library?2PeiPcdLib?2PeiP@ 00013148     PeiPcdLib:PeiPcdLib.obj
 0002:00000170       ??_C@_0EH@LJGCJDGN@q?3?2MdePkg?2Library?2PeiServicesTab@ 00013170     PeiServicesTablePointerLib:PeiServicesTablePointer.obj
 0002:000001b8       ??_C@_0BN@OJIBNMOJ@gPeiServices?5?$CB?$DN?5?$CI?$CIvoid?5?$CK?$CJ?50?$CJ?$AA@ 000131b8     PeiServicesTablePointerLib:PeiServicesTablePointer.obj
 0002:000001d8       ??_C@_0CD@BDCLIGHD@?$CI?$CIUINTN?$CJ?5String?5?$CG?50x00000001?$CJ?5?$DN?$DN@ 000131d8     BaseLib:SafeString.obj
 0002:000001fc       ??_C@_0CH@OOIJJKEI@q?3?2MdePkg?2Library?2BaseLib?2SafeSt@ 000131fc     BaseLib:SafeString.obj
 0002:00000224       ??_C@_0BO@ECNIOIHG@?$CIDestination?5?$CB?$DN?5?$CI?$CIvoid?5?$CK?$CJ?50?$CJ?$CJ?$AA@ 00013224     BaseLib:SafeString.obj
 0002:00000244       ??_C@_0BJ@EAEEJIP@?$CISource?5?$CB?$DN?5?$CI?$CIvoid?5?$CK?$CJ?50?$CJ?$CJ?$AA@ 00013244     BaseLib:SafeString.obj
 0002:00000260       ??_C@_0BG@EEGIIOKH@?$CIDestMax?5?$DO?5SourceLen?$CJ?$AA@ 00013260     BaseLib:SafeString.obj
 0002:00000278       ??_C@_0FL@CDANCHFO@InternalSafeStringNoAsciiStrOver@ 00013278     BaseLib:SafeString.obj
 0002:000002d4       ??_C@_0CD@OOJADBME@q?3?2MdePkg?2Library?2BaseLib?2String@ 000132d4     BaseLib:String.obj
 0002:000002f8       ??_C@_0BH@MAAHKCPC@String?5?$CB?$DN?5?$CI?$CIvoid?5?$CK?$CJ?50?$CJ?$AA@ 000132f8     BaseLib:String.obj
 0002:00000310       ??_C@_0DK@EOJCOAME@Length?5?$DM?5_gPcd_FixedAtBuild_PcdM@ 00013310     BaseLib:String.obj
 0002:0000034c       ??_C@_0DI@MDIKFADO@Length?5?$DM?5_gPcd_FixedAtBuild_PcdM@ 0001334c     BaseLib:String.obj
 0002:00000384       ??_C@_0N@KGHEHMDL@Divisor?5?$CB?$DN?50?$AA@ 00013384     BaseLib:DivU64x32.obj
 0002:00000394       ??_C@_0DI@PHOMHDKH@?$CILength?5?9?51?$CJ?5?$DM?$DN?5?$CI0xFFFFFFFF?5?9?5?$CIU@ 00013394     BaseMemoryLibOptPei:CopyMemWrapper.obj
 0002:000003cc       ??_C@_0DH@BHDABOAG@q?3?2MdePkg?2Library?2BaseMemoryLibO@ 000133cc     BaseMemoryLibOptPei:CopyMemWrapper.obj
 0002:00000404       ??_C@_0DD@DCDOHCDJ@?$CILength?5?9?51?$CJ?5?$DM?$DN?5?$CI0xFFFFFFFF?5?9?5?$CIU@ 00013404     BaseMemoryLibOptPei:CopyMemWrapper.obj
 0002:00000438       ??_C@_0EF@HNKLECOL@q?3?2MdeModulePkg?2Library?2PeiRepor@ 00013438     PeiReportStatusCodeLib:ReportStatusCodeLib.obj
 0002:00000480       ??_C@_0BF@OBJIPFIC@Data?5?$CB?$DN?5?$CI?$CIvoid?5?$CK?$CJ?50?$CJ?$AA@ 00013480     PeiReportStatusCodeLib:ReportStatusCodeLib.obj
 0002:00000498       ??_C@_0BJ@IMECHJFE@Filename?5?$CB?$DN?5?$CI?$CIvoid?5?$CK?$CJ?50?$CJ?$AA@ 00013498     PeiReportStatusCodeLib:ReportStatusCodeLib.obj
 0002:000004b4       ??_C@_0BM@HAIDGOCB@Description?5?$CB?$DN?5?$CI?$CIvoid?5?$CK?$CJ?50?$CJ?$AA@ 000134b4     PeiReportStatusCodeLib:ReportStatusCodeLib.obj
 0002:000004d0       ??_C@_0BL@PEJNABGB@LineNumber?5?$CB?$DN?5?$CI?$CIvoid?5?$CK?$CJ?50?$CJ?$AA@ 000134d0     PeiReportStatusCodeLib:ReportStatusCodeLib.obj
 0002:000004ec       ??_C@_0BL@OBAOKMLN@ErrorLevel?5?$CB?$DN?5?$CI?$CIvoid?5?$CK?$CJ?50?$CJ?$AA@ 000134ec     PeiReportStatusCodeLib:ReportStatusCodeLib.obj
 0002:00000508       ??_C@_0BH@GEBIHIDM@Marker?5?$CB?$DN?5?$CI?$CIvoid?5?$CK?$CJ?50?$CJ?$AA@ 00013508     PeiReportStatusCodeLib:ReportStatusCodeLib.obj
 0002:00000520       ??_C@_0DN@HHIHPHHB@?$CB?$CI?$CIExtendedData?5?$DN?$DN?5?$CI?$CIvoid?5?$CK?$CJ?50?$CJ?$CJ@ 00013520     PeiReportStatusCodeLib:ReportStatusCodeLib.obj
 0002:00000560       ??_C@_0DN@BBBIFINB@?$CB?$CI?$CIExtendedData?5?$CB?$DN?5?$CI?$CIvoid?5?$CK?$CJ?50?$CJ?$CJ@ 00013560     PeiReportStatusCodeLib:ReportStatusCodeLib.obj
 0002:000005a0       ??_C@_0DI@MIEIGAOH@Status?5code?5extended?5data?5is?5too@ 000135a0     PeiReportStatusCodeLib:ReportStatusCodeLib.obj
 0002:000005d8       ??_C@_0EK@NEKIGKFM@q?3?2Nt32Pkg?2Library?2PeiNt32OemHoo@ 000135d8     PeiNt32OemHookStatusCodeLib:Nt32OemHookStatusCodeLib.obj
 0002:00000624       ??_C@_0BJ@NGECPOCK@?6?$ANASSERT?$CB?3?5?$CFa?5?$CI?$CFd?$CJ?3?5?$CFa?6?$AN?$AA@ 00013624     PeiNt32OemHookStatusCodeLib:Nt32OemHookStatusCodeLib.obj
 0002:00000640       ??_C@_0BD@OMAHIICL@ERROR?3?5C?$CFx?3V?$CFx?5I?$CFx?$AA@ 00013640     PeiNt32OemHookStatusCodeLib:Nt32OemHookStatusCodeLib.obj
 0002:00000654       ??_C@_03GKLDPGLG@?5?$CFg?$AA@ 00013654     PeiNt32OemHookStatusCodeLib:Nt32OemHookStatusCodeLib.obj
 0002:00000658       ??_C@_03GPDAHCCA@?5?$CFp?$AA@ 00013658     PeiNt32OemHookStatusCodeLib:Nt32OemHookStatusCodeLib.obj
 0002:0000065c       ??_C@_02LIIHNNHG@?6?$AN?$AA@ 0001365c     PeiNt32OemHookStatusCodeLib:Nt32OemHookStatusCodeLib.obj
 0002:00000660       ??_C@_0BJ@KDCPJMDH@PROGRESS?5CODE?3?5V?$CFx?5I?$CFx?6?$AN?$AA@ 00013660     PeiNt32OemHookStatusCodeLib:Nt32OemHookStatusCodeLib.obj
 0002:0000067c       ??_C@_0BJ@KMGICPHL@Undefined?3?5C?$CFx?3V?$CFx?5I?$CFx?6?$AN?$AA@ 0001367c     PeiNt32OemHookStatusCodeLib:Nt32OemHookStatusCodeLib.obj
 0002:00000698       ??_C@_0CG@MHAECJIA@q?3?2MdePkg?2Library?2BaseLib?2Unalig@ 00013698     BaseLib:Unaligned.obj
 0002:000006c0       ??_C@_0BB@MFGDFIJM@Compromised?5Data?$AA@ 000136c0     BasePrintLib:PrintLibInternal.obj
 0002:000006d4       ??_C@_0BB@KFJAMCOC@Invalid?5Language?$AA@ 000136d4     BasePrintLib:PrintLibInternal.obj
 0002:000006e8       ??_C@_0M@FKGOBENP@End?5of?5File?$AA@ 000136e8     BasePrintLib:PrintLibInternal.obj
 0002:000006f4       ??_C@_0O@GLPDOMCP@Reserved?5?$CI30?$CJ?$AA@ 000136f4     BasePrintLib:PrintLibInternal.obj
 0002:00000704       ??_C@_0O@NMJOLAMF@Reserved?5?$CI29?$CJ?$AA@ 00013704     BasePrintLib:PrintLibInternal.obj
 0002:00000714       ??_C@_0N@JEJDHPO@End?5of?5Media?$AA@ 00013714     BasePrintLib:PrintLibInternal.obj
 0002:00000724       ??_C@_09BOMAGJEG@CRC?5Error?$AA@ 00013724     BasePrintLib:PrintLibInternal.obj
 0002:00000730       ??_C@_0BD@KHMPCIOG@Security?5Violation?$AA@ 00013730     BasePrintLib:PrintLibInternal.obj
 0002:00000744       ??_C@_0BF@EHOBGFMI@Incompatible?5Version?$AA@ 00013744     BasePrintLib:PrintLibInternal.obj
 0002:0000075c       ??_C@_0P@NCJHBCLM@Protocol?5Error?$AA@ 0001375c     BasePrintLib:PrintLibInternal.obj
 0002:0000076c       ??_C@_0L@DJKNJKHM@TFTP?5Error?$AA@ 0001376c     BasePrintLib:PrintLibInternal.obj
 0002:00000778       ??_C@_0L@LKIFCMNO@ICMP?5Error?$AA@ 00013778     BasePrintLib:PrintLibInternal.obj
 0002:00000784       ??_C@_07LCKDCBKK@Aborted?$AA@ 00013784     BasePrintLib:PrintLibInternal.obj
 0002:0000078c       ??_C@_0BA@IGIBFFPH@Already?5started?$AA@ 0001378c     BasePrintLib:PrintLibInternal.obj
 0002:0000079c       ??_C@_0M@DCJFAFHJ@Not?5started?$AA@ 0001379c     BasePrintLib:PrintLibInternal.obj
 0002:000007a8       ??_C@_08PAFJCNGP@Time?5out?$AA@ 000137a8     BasePrintLib:PrintLibInternal.obj
 0002:000007b4       ??_C@_0L@IFPBNFC@No?5mapping?$AA@ 000137b4     BasePrintLib:PrintLibInternal.obj
 0002:000007c0       ??_C@_0M@ENKCBFEP@No?5Response?$AA@ 000137c0     BasePrintLib:PrintLibInternal.obj
 0002:000007cc       ??_C@_0O@NFHOBIDO@Access?5Denied?$AA@ 000137cc     BasePrintLib:PrintLibInternal.obj
 0002:000007dc       ??_C@_09CFCBFJND@Not?5Found?$AA@ 000137dc     BasePrintLib:PrintLibInternal.obj
 0002:000007e8       ??_C@_0O@JNCJKCCD@Media?5changed?$AA@ 000137e8     BasePrintLib:PrintLibInternal.obj
 0002:000007f8       ??_C@_08KEGAJDNN@No?5Media?$AA@ 000137f8     BasePrintLib:PrintLibInternal.obj
 0002:00000804       ??_C@_0M@HDLEPOFA@Volume?5Full?$AA@ 00013804     BasePrintLib:PrintLibInternal.obj
 0002:00000810       ??_C@_0P@EIOJGIF@Volume?5Corrupt?$AA@ 00013810     BasePrintLib:PrintLibInternal.obj
 0002:00000820       ??_C@_0BB@GOILNEAA@Out?5of?5Resources?$AA@ 00013820     BasePrintLib:PrintLibInternal.obj
 0002:00000834       ??_C@_0BA@LNEDDFNB@Write?5Protected?$AA@ 00013834     BasePrintLib:PrintLibInternal.obj
 0002:00000844       ??_C@_0N@HHEABDHO@Device?5Error?$AA@ 00013844     BasePrintLib:PrintLibInternal.obj
 0002:00000854       ??_C@_09NKFGCIPN@Not?5Ready?$AA@ 00013854     BasePrintLib:PrintLibInternal.obj
 0002:00000860       ??_C@_0BB@EGELJFOB@Buffer?5Too?5Small?$AA@ 00013860     BasePrintLib:PrintLibInternal.obj
 0002:00000874       ??_C@_0BA@FLNMPMCF@Bad?5Buffer?5Size?$AA@ 00013874     BasePrintLib:PrintLibInternal.obj
 0002:00000884       ??_C@_0M@BEECMOIL@Unsupported?$AA@ 00013884     BasePrintLib:PrintLibInternal.obj
 0002:00000890       ??_C@_0BC@HOFHKGJN@Invalid?5Parameter?$AA@ 00013890     BasePrintLib:PrintLibInternal.obj
 0002:000008a4       ??_C@_0L@PLPBEPPC@Load?5Error?$AA@ 000138a4     BasePrintLib:PrintLibInternal.obj
 0002:000008b0       ??_C@_0BD@IFJNJCCO@Warning?5Stale?5Data?$AA@ 000138b0     BasePrintLib:PrintLibInternal.obj
 0002:000008c4       ??_C@_0BJ@ODIPDGHB@Warning?5Buffer?5Too?5Small?$AA@ 000138c4     BasePrintLib:PrintLibInternal.obj
 0002:000008e0       ??_C@_0BG@ECIJMOED@Warning?5Write?5Failure?$AA@ 000138e0     BasePrintLib:PrintLibInternal.obj
 0002:000008f8       ??_C@_0BH@GKKCJEPJ@Warning?5Delete?5Failure?$AA@ 000138f8     BasePrintLib:PrintLibInternal.obj
 0002:00000910       ??_C@_0BG@CFJMNNJK@Warning?5Unknown?5Glyph?$AA@ 00013910     BasePrintLib:PrintLibInternal.obj
 0002:00000928       ??_C@_07PBILKAFL@Success?$AA@ 00013928     BasePrintLib:PrintLibInternal.obj
 0002:00000930       _mHexStr                   00013930     BasePrintLib:PrintLibInternal.obj
 0002:00000940       _mStatusString             00013940     BasePrintLib:PrintLibInternal.obj
 0002:000009dc       ??_C@_0DC@CHCEMEEB@q?3?2MdePkg?2Library?2BasePrintLib?2P@ 000139dc     BasePrintLib:PrintLibInternal.obj
 0002:00000a10       ??_C@_0CB@NIHAJGJE@StrSize?5?$CI?$CICHAR16?5?$CK?$CJ?5Format?$CJ?5?$CB?$DN?50@ 00013a10     BasePrintLib:PrintLibInternal.obj
 0002:00000a34       ??_C@_0BL@BFEFANFD@AsciiStrSize?5?$CIFormat?$CJ?5?$CB?$DN?50?$AA@ 00013a34     BasePrintLib:PrintLibInternal.obj
 0002:00000a50       ??_C@_0O@MLOLIMFM@?$DMnull?5string?$DO?$AA@ 00013a50     BasePrintLib:PrintLibInternal.obj
 0002:00000a60       ??_C@_0M@BJJDNPHK@?$DMnull?5guid?$DO?$AA@ 00013a60     BasePrintLib:PrintLibInternal.obj
 0002:00000a6c       ??_C@_0DB@PMLHLBMO@?$CF08x?9?$CF04x?9?$CF04x?9?$CF02x?$CF02x?9?$CF02x?$CF02x@ 00013a6c     BasePrintLib:PrintLibInternal.obj
 0002:00000aa0       ??_C@_0M@LHGBCIKM@?$DMnull?5time?$DO?$AA@ 00013aa0     BasePrintLib:PrintLibInternal.obj
 0002:00000aac       ??_C@_0BK@FCPKCIDD@?$CF02d?1?$CF02d?1?$CF04d?5?5?$CF02d?3?$CF02d?$AA@ 00013aac     BasePrintLib:PrintLibInternal.obj
 0002:00000ac8       ??_C@_04JIMNDDED@?$CF08X?$AA@ 00013ac8     BasePrintLib:PrintLibInternal.obj
 0002:00000ad0       ??_C@_02PCIJFNDE@?$AN?6?$AA@ 00013ad0     BasePrintLib:PrintLibInternal.obj
 0002:00000ad4       ??_C@_01LIIJDEN@?$AN?$AA@  00013ad4     BasePrintLib:PrintLibInternal.obj
 0002:00000ad8       ??_C@_0EM@FPGGOFNC@?$CI?$CI?$CIFlags?5?$CG?50x00000040?$CJ?5?$DN?$DN?50?$CJ?$CJ?5?$HM?$HM@ 00013ad8     BasePrintLib:PrintLibInternal.obj
 0002:00000b28       ??_C@_0EG@NFDMKACK@?$CI?$CI?$CIFlags?5?$CG?50x00000040?$CJ?5?$CB?$DN?50?$CJ?$CJ?5?$HM?$HM@ 00013b28     BasePrintLib:PrintLibInternal.obj
 0002:00000b70       ??_C@_0CP@CPEPIGGJ@q?3?2MdePkg?2Library?2BaseLib?2DivU64@ 00013b70     BaseLib:DivU64x32Remainder.obj
 0003:00000000       _gEfiCallerIdGuid          00014000     WinNtFlashMapPei:AutoGen.obj
 0003:00000010       _gEfiStatusCodeSpecificDataGuid 00014010     WinNtFlashMapPei:AutoGen.obj
 0003:00000020       _gEfiStatusCodeDataTypeDebugGuid 00014020     WinNtFlashMapPei:AutoGen.obj
 0003:00000030       _gNtFwhPpiGuid             00014030     WinNtFlashMapPei:AutoGen.obj
 0003:00000040       _gPeiNtThunkPpiGuid        00014040     WinNtFlashMapPei:AutoGen.obj
 0003:00000050       _gPcdPpiGuid               00014050     WinNtFlashMapPei:AutoGen.obj
 0003:00000060       _gNullVaList               00014060     <common>
 0003:00000064       _mWinNt                    00014064     <common>
 0003:00000068       _mStdOut                   00014068     <common>
 0003:0000006c       _gPeiServices              0001406c     <common>

 entry point at        0001:00000000

 Static symbols

