 ArpDxe

 Timestamp is 620cbe08 (Wed Feb 16 17:04:08 2022)

 Preferred load address is 00010000

 Start         Length     Name                   Class
 0001:00000000 000034d3H .text                   CODE
 0002:00000000 00001332H .rdata                  DATA
 0002:00001334 0000007aH .rdata$debug            DATA
 0003:00000000 00000214H .data                   DATA
 0003:00000214 0000002cH .bss                    DATA
 0004:00000000 0000004eH .edata                  DATA

  Address         Publics by Value              Rva+Base       Lib:Object

 0001:00000000       __DriverUnloadHandler      00011000 f   UefiDriverEntryPoint:DriverEntryPoint.obj
 0001:00000024       __ModuleEntryPoint         00011024 f   UefiDriverEntryPoint:DriverEntryPoint.obj
 0001:0000009c       _ProcessLibraryConstructorList 0001109c f   ArpDxe:AutoGen.obj
 0001:000002b3       _ProcessLibraryDestructorList 000112b3 f   ArpDxe:AutoGen.obj
 0001:000002fb       _ArpCreateService          000112fb f   ArpDxe:ArpDriver.obj
 0001:00000498       _ArpCleanService           00011498 f   ArpDxe:ArpDriver.obj
 0001:00000574       _ArpDestroyChildEntryInHandleBuffer 00011574 f   ArpDxe:ArpDriver.obj
 0001:000005bd       _ArpDriverBindingSupported 000115bd f   ArpDxe:ArpDriver.obj
 0001:0000060d       _ArpDriverBindingStart     0001160d f   ArpDxe:ArpDriver.obj
 0001:0000068f       _ArpDriverBindingStop      0001168f f   ArpDxe:ArpDriver.obj
 0001:0000081c       _ArpServiceBindingCreateChild 0001181c f   ArpDxe:ArpDriver.obj
 0001:00000977       _ArpServiceBindingDestroyChild 00011977 f   ArpDxe:ArpDriver.obj
 0001:00000ad9       _ArpComponentNameGetDriverName 00011ad9 f   ArpDxe:ComponentName.obj
 0001:00000b03       _ArpComponentNameGetControllerName 00011b03 f   ArpDxe:ComponentName.obj
 0001:00000b71       _ArpInitInstance           00011b71 f   ArpDxe:ArpImpl.obj
 0001:00000bc4       _ArpOnFrameRcvdDpc         00011bc4 f   ArpDxe:ArpImpl.obj
 0001:00000e42       _ArpOnFrameRcvd            00011e42 f   ArpDxe:ArpImpl.obj
 0001:00000e59       _ArpOnFrameSentDpc         00011e59 f   ArpDxe:ArpImpl.obj
 0001:00000eba       _ArpOnFrameSent            00011eba f   ArpDxe:ArpImpl.obj
 0001:00000ed1       _ArpTimerHandler           00011ed1 f   ArpDxe:ArpImpl.obj
 0001:0000106c       _ArpMatchAddress           0001206c f   ArpDxe:ArpImpl.obj
 0001:000010c3       _ArpFindNextCacheEntryInTable 000120c3 f   ArpDxe:ArpImpl.obj
 0001:00001119       _ArpFindDeniedCacheEntry   00012119 f   ArpDxe:ArpImpl.obj
 0001:000011ac       _ArpAllocCacheEntry        000121ac f   ArpDxe:ArpImpl.obj
 0001:00001228       _ArpAddressResolved        00012228 f   ArpDxe:ArpImpl.obj
 0001:000012ad       _ArpFillAddressInCacheEntry 000122ad f   ArpDxe:ArpImpl.obj
 0001:00001313       _ArpConfigureInstance      00012313 f   ArpDxe:ArpImpl.obj
 0001:00001457       _ArpSendFrame              00012457 f   ArpDxe:ArpImpl.obj
 0001:000016fa       _ArpDeleteCacheEntryInTable 000126fa f   ArpDxe:ArpImpl.obj
 0001:0000179e       _ArpDeleteCacheEntry       0001279e f   ArpDxe:ArpImpl.obj
 0001:0000180d       _ArpCancelRequest          0001280d f   ArpDxe:ArpImpl.obj
 0001:000018ac       _ArpFindCacheEntry         000128ac f   ArpDxe:ArpImpl.obj
 0001:00001b0c       _ArpConfigure              00012b0c f   ArpDxe:ArpMain.obj
 0001:00001b8c       _ArpAdd                    00012b8c f   ArpDxe:ArpMain.obj
 0001:00001d2d       _ArpFind                   00012d2d f   ArpDxe:ArpMain.obj
 0001:00001dcf       _ArpDelete                 00012dcf f   ArpDxe:ArpMain.obj
 0001:00001e4e       _ArpFlush                  00012e4e f   ArpDxe:ArpMain.obj
 0001:00001ec9       _ArpRequest                00012ec9 f   ArpDxe:ArpMain.obj
 0001:0000216f       _ArpCancel                 0001316f f   ArpDxe:ArpMain.obj
 0001:00002209       _CompareMem                00013209 f   BaseMemoryLibOptDxe:CompareMemWrapper.obj
 0001:00002297       _CopyMem                   00013297 f   BaseMemoryLibOptDxe:CopyMemWrapper.obj
 0001:000022f0       _ZeroMem                   000132f0 f   BaseMemoryLibOptDxe:ZeroMemWrapper.obj
 0001:00002336       _InternalBaseLibIsNodeInList 00013336 f   BaseLib:LinkedList.obj
 0001:000023be       _InitializeListHead        000133be f   BaseLib:LinkedList.obj
 0001:000023e1       _InsertHeadList            000133e1 f   BaseLib:LinkedList.obj
 0001:00002416       _InsertTailList            00013416 f   BaseLib:LinkedList.obj
 0001:0000244c       _GetFirstNode              0001344c f   BaseLib:LinkedList.obj
 0001:00002475       _IsListEmpty               00013475 f   BaseLib:LinkedList.obj
 0001:000024a1       _IsNull                    000134a1 f   BaseLib:LinkedList.obj
 0001:000024d2       _RemoveEntryList           000134d2 f   BaseLib:LinkedList.obj
 0001:00002508       _DebugPrint                00013508 f   PeiDxeDebugLibReportStatusCode:DebugLib.obj
 0001:00002680       _DebugAssert               00013680 f   PeiDxeDebugLibReportStatusCode:DebugLib.obj
 0001:00002740       _InternalAllocatePool      00013740 f   UefiMemoryAllocationLib:MemoryAllocationLib.obj
 0001:00002765       _InternalAllocateZeroPool  00013765 f   UefiMemoryAllocationLib:MemoryAllocationLib.obj
 0001:00002780       _FreePool                  00013780 f   UefiMemoryAllocationLib:MemoryAllocationLib.obj
 0001:000027b9       _CompareIso639LanguageCode 000137b9 f   UefiLib:UefiLib.obj
 0001:000027d5       _EfiGetSystemConfigurationTable 000137d5 f   UefiLib:UefiLib.obj
 0001:00002830       _EfiTestChildHandle        00013830 f   UefiLib:UefiLib.obj
 0001:00002899       _LookupUnicodeString2      00013899 f   UefiLib:UefiLib.obj
 0001:0000298e       _EfiLibInstallDriverBindingComponentName2 0001398e f   UefiLib:UefiDriverModel.obj
 0001:00002a01       _GetHobList                00013a01 f   DxeHobLib:HobLib.obj
 0001:00002a24       _GetNextHob                00013a24 f   DxeHobLib:HobLib.obj
 0001:00002a63       _GetDebugPrintErrorLevel   00013a63 f   DxeDebugPrintErrorLevelLib:DxeDebugPrintErrorLevelLib.obj
 0001:00002b51       _GetDebugMask              00013b51 f   DxeDebugPrintErrorLevelLib:DxeDebugPrintErrorLevelLib.obj
 0001:00002b6a       _SetDebugMask              00013b6a f   DxeDebugPrintErrorLevelLib:DxeDebugPrintErrorLevelLib.obj
 0001:00002b76       _NetIp4IsUnicast           00013b76 f   DxeNetLib:DxeNetLib.obj
 0001:00002bd3       _NetListRemoveHead         00013bd3 f   DxeNetLib:DxeNetLib.obj
 0001:00002c12       _NetDestroyLinkList        00013c12 f   DxeNetLib:DxeNetLib.obj
 0001:00002ca8       _NetMapClean               00013ca8 f   DxeNetLib:DxeNetLib.obj
 0001:00002d53       _NetMapAllocItem           00013d53 f   DxeNetLib:DxeNetLib.obj
 0001:00002db3       _NetMapInsertTail          00013db3 f   DxeNetLib:DxeNetLib.obj
 0001:00002dff       _NetLibDefaultUnload       00013dff f   DxeNetLib:DxeNetLib.obj
 0001:00002f38       _InternalGetReportStatusCode 00013f38 f   DxeReportStatusCodeLib:ReportStatusCodeLib.obj
 0001:00002f71       _InternalReportStatusCode  00013f71 f   DxeReportStatusCodeLib:ReportStatusCodeLib.obj
 0001:00002fa3       _ReportStatusCodeEx        00013fa3 f   DxeReportStatusCodeLib:ReportStatusCodeLib.obj
 0001:0000311a       _CompareGuid               0001411a f   BaseMemoryLibOptDxe:MemLibGuid.obj
 0001:00003176       _InternalSafeStringNoAsciiStrOverlap 00014176 f   BaseLib:SafeString.obj
 0001:0000319a       _AsciiStrnLenS             0001419a f   BaseLib:SafeString.obj
 0001:000031b4       _AsciiStrCpyS              000141b4 f   BaseLib:SafeString.obj
 0001:0000326f       _AsciiStrLen               0001426f f   BaseLib:String.obj
 0001:000032bc       _AsciiStrnCmp              000142bc f   BaseLib:String.obj
 0001:0000334f       _ReadUnaligned24           0001434f f   BaseLib:Unaligned.obj
 0001:0000336f       _ReadUnaligned64           0001436f f   BaseLib:Unaligned.obj
 0001:00003390       _WriteUnaligned64          00014390 f   BaseLib:Unaligned.obj
 0001:000033c0       _InternalMemCompareMem     000143c0 f   BaseMemoryLibOptDxe:CompareMem.obj
 0001:000033e0       _InternalMemCopyMem        000143e0 f   BaseMemoryLibOptDxe:CopyMem.obj
 0001:00003450       _InternalMemZeroMem        00014450 f   BaseMemoryLibOptDxe:ZeroMem.obj
 0001:00003470       _InternalMemSetMem         00014470 f   BaseMemoryLibOptDxe:SetMem.obj
 0001:0000349c       _InternalMemSetMem32       0001449c f   BaseMemoryLibOptDxe:SetMem32.obj
 0001:000034b4       _InternalMemSetMem64       000144b4 f   BaseMemoryLibOptDxe:SetMem64.obj
 0002:0000001c       ??_C@_0CB@DMEJJJHA@?6ASSERT_EFI_ERROR?5?$CIStatus?5?$DN?5?$CFr?$CJ?6@ 0001501c     UefiDriverEntryPoint:DriverEntryPoint.obj
 0002:00000040       ??_C@_0BE@DCHLEIGN@?$CBEFI_ERROR?5?$CIStatus?$CJ?$AA@ 00015040     UefiDriverEntryPoint:DriverEntryPoint.obj
 0002:00000054       ??_C@_0DK@LAIDJKKD@q?3?2MdePkg?2Library?2UefiDriverEntr@ 00015054     UefiDriverEntryPoint:DriverEntryPoint.obj
 0002:00000090       ??_C@_0GB@IENLIANN@q?3?2Build?2NT32IA32?2DEBUG_DEVTLS?2I@ 00015090     ArpDxe:AutoGen.obj
 0002:000000f4       __gUefiDriverRevision      000150f4     ArpDxe:AutoGen.obj
 0002:000000f8       ??_C@_0BL@HOPCCABG@ArpService?5?$CB?$DN?5?$CI?$CIvoid?5?$CK?$CJ?50?$CJ?$AA@ 000150f8     ArpDxe:ArpDriver.obj
 0002:00000114       ??_C@_0DF@IIFCCPHD@q?3?2MdeModulePkg?2Universal?2Networ@ 00015114     ArpDxe:ArpDriver.obj
 0002:00000150       ??_C@_0HH@OEMAMHMF@?$CI?$CIArpService?$CJ?5?$CB?$DN?5?$CI?$CIvoid?5?$CK?$CJ?50?$CJ?$CJ?5?$CG@ 00015150     ArpDxe:ArpDriver.obj
 0002:000001c8       ??_C@_0BF@NDBIKIKC@CR?5has?5Bad?5Signature?$AA@ 000151c8     ArpDxe:ArpDriver.obj
 0002:000001e0       ??_C@_0CO@NKFGGBOK@ArpDriverBindingStop?3?5Open?5ArpSb@ 000151e0     ArpDxe:ArpDriver.obj
 0002:00000210       ??_C@_0CP@DPCPFIAK@IsListEmpty?5?$CI?$CGArpService?9?$DOPendin@ 00015210     ArpDxe:ArpDriver.obj
 0002:00000240       ??_C@_0CM@LCOLGKJA@IsListEmpty?5?$CI?$CGArpService?9?$DODenied@ 00015240     ArpDxe:ArpDriver.obj
 0002:0000026c       ??_C@_0CO@JKFJMLEO@IsListEmpty?5?$CI?$CGArpService?9?$DOResolv@ 0001526c     ArpDxe:ArpDriver.obj
 0002:0000029c       ??_C@_0DL@LNGPHNHN@ArpSBCreateChild?3?5Failed?5to?5allo@ 0001529c     ArpDxe:ArpDriver.obj
 0002:000002d8       ??_C@_0DG@BKHBKAHP@ArpSBCreateChild?3?5faild?5to?5insta@ 000152d8     ArpDxe:ArpDriver.obj
 0002:00000310       ??_C@_0DO@EDBFBAPL@ArpSBDestroyChild?3?5Failed?5to?5uni@ 00015310     ArpDxe:ArpDriver.obj
 0002:00000350       ??_C@_1BO@OPAEHCBJ@?$AAA?$AAR?$AAP?$AA?5?$AAC?$AAo?$AAn?$AAt?$AAr?$AAo?$AAl?$AAl?$AAe?$AAr?$AA?$AA@ 00015350     ArpDxe:ComponentName.obj
 0002:00000370       ??_C@_1DG@MAGPPHDD@?$AAA?$AAR?$AAP?$AA?5?$AAN?$AAe?$AAt?$AAw?$AAo?$AAr?$AAk?$AA?5?$AAS?$AAe?$AAr?$AAv?$AAi?$AAc?$AAe?$AA?5?$AAD?$AAr?$AAi?$AAv?$AAe?$AAr?$AA?$AA@ 00015370     ArpDxe:ComponentName.obj
 0002:000003a8       ??_C@_06DALJLGPG@eng?$DLen?$AA@ 000153a8     ArpDxe:ComponentName.obj
 0002:000003b0       ??_C@_02LFNMGJAP@en?$AA@   000153b0     ArpDxe:ComponentName.obj
 0002:000003b4       ??_C@_03LKLGDMJI@eng?$AA@  000153b4     ArpDxe:ComponentName.obj
 0002:000003b8       ??_C@_0DD@ECIJBMOF@q?3?2MdeModulePkg?2Universal?2Networ@ 000153b8     ArpDxe:ArpImpl.obj
 0002:000003f0       ??_C@_0HD@MLDEIEGA@?$CI?$CIInstance?$CJ?5?$CB?$DN?5?$CI?$CIvoid?5?$CK?$CJ?50?$CJ?$CJ?5?$CG?$CG?5@ 000153f0     ArpDxe:ArpImpl.obj
 0002:00000464       ??_C@_0DG@ILNKFPFJ@ArpOnFrameRcvd?3?5ArpService?9?$DOMnp?9@ 00015464     ArpDxe:ArpImpl.obj
 0002:0000049c       ??_C@_0BI@DNICFLOF@Context?5?$CB?$DN?5?$CI?$CIvoid?5?$CK?$CJ?50?$CJ?$AA@ 0001549c     ArpDxe:ArpImpl.obj
 0002:000004b4       ??_C@_0CG@ONMDNHIG@ArpOnFrameSent?3?5TxToken?9?$DOStatus?0@ 000154b4     ArpDxe:ArpImpl.obj
 0002:000004dc       ??_C@_0CL@COMBBMPL@IsListEmpty?5?$CI?$CGCacheEntry?9?$DOUserRe@ 000154dc     ArpDxe:ArpImpl.obj
 0002:00000508       ??_C@_0CL@KLACAMKO@?$CBIsListEmpty?$CI?$CGCacheEntry?9?$DOUserRe@ 00015508     ArpDxe:ArpImpl.obj
 0002:00000534       ??_C@_0DJ@HELGJJND@AddressOne?5?$CB?$DN?5?$CI?$CIvoid?5?$CK?$CJ?50?$CJ?5?$CG?$CG?5Ad@ 00015534     ArpDxe:ArpImpl.obj
 0002:00000570       ??_C@_0EH@DIJFAGEB@?$CIProtocolAddress?5?$CB?$DN?5?$CI?$CIvoid?5?$CK?$CJ?50?$CJ@ 00015570     ArpDxe:ArpImpl.obj
 0002:000005b8       ??_C@_0EA@GLPEJEOG@ArpConfigInstance?3?5AllocatePool?5@ 000155b8     ArpDxe:ArpImpl.obj
 0002:000005f8       ??_C@_0DL@LJAAHLFO@?$CIInstance?5?$CB?$DN?5?$CI?$CIvoid?5?$CK?$CJ?50?$CJ?$CJ?5?$CG?$CG?5?$CIC@ 000155f8     ArpDxe:ArpImpl.obj
 0002:00000634       ??_C@_0DD@FAKEBFAE@ArpSendFrame?3?5Allocate?5memory?5fo@ 00015634     ArpDxe:ArpImpl.obj
 0002:00000668       ??_C@_0DG@BIJDFACK@ArpSendFrame?3?5CreateEvent?5failed@ 00015668     ArpDxe:ArpImpl.obj
 0002:000006a0       ??_C@_0DC@GOOFJHEK@ArpSendFrame?3?5Allocate?5memory?5fo@ 000156a0     ArpDxe:ArpImpl.obj
 0002:000006d4       ??_C@_0DC@FCCOCOMJ@ArpSendFrame?3?5Allocate?5memory?5fo@ 000156d4     ArpDxe:ArpImpl.obj
 0002:00000708       ??_C@_0BH@CELONLOG@Packet?5?$CB?$DN?5?$CI?$CIvoid?5?$CK?$CJ?50?$CJ?$AA@ 00015708     ArpDxe:ArpImpl.obj
 0002:00000720       ??_C@_0BL@MDLNNGFA@Mnp?9?$DOTransmit?5failed?0?5?$CFr?4?6?$AA@ 00015720     ArpDxe:ArpImpl.obj
 0002:0000073c       ??_C@_0CP@EACDFCMH@ArpFindCacheEntry?3?5Failed?5to?5all@ 0001573c     ArpDxe:ArpImpl.obj
 0002:0000076c       ??_C@_0DD@GPNMFPF@q?3?2MdeModulePkg?2Universal?2Networ@ 0001576c     ArpDxe:ArpMain.obj
 0002:000007a0       ??_C@_0DB@HHEDNJEI@ArpAdd?3?5Failed?5to?5allocate?5pool?5@ 000157a0     ArpDxe:ArpMain.obj
 0002:000007d4       ??_C@_0DI@DMMJLIIM@ArpRequest?3?5Allocate?5memory?5for?5@ 000157d4     ArpDxe:ArpMain.obj
 0002:0000080c       ??_C@_0DE@KDEKIHAM@ArpRequest?3?5Allocate?5memory?5for?5@ 0001580c     ArpDxe:ArpMain.obj
 0002:00000840       ??_C@_0CC@JOEHDGKB@DestinationBuffer?5?$CB?$DN?5?$CI?$CIvoid?5?$CK?$CJ?50@ 00015840     BaseMemoryLibOptDxe:CompareMemWrapper.obj
 0002:00000864       ??_C@_0DK@BHHGEGGL@q?3?2MdePkg?2Library?2BaseMemoryLibO@ 00015864     BaseMemoryLibOptDxe:CompareMemWrapper.obj
 0002:000008a0       ??_C@_0BN@MDMCNBCC@SourceBuffer?5?$CB?$DN?5?$CI?$CIvoid?5?$CK?$CJ?50?$CJ?$AA@ 000158a0     BaseMemoryLibOptDxe:CompareMemWrapper.obj
 0002:000008c0       ??_C@_0DI@PHOMHDKH@?$CILength?5?9?51?$CJ?5?$DM?$DN?5?$CI0xFFFFFFFF?5?9?5?$CIU@ 000158c0     BaseMemoryLibOptDxe:CompareMemWrapper.obj
 0002:000008f8       ??_C@_0DD@DCDOHCDJ@?$CILength?5?9?51?$CJ?5?$DM?$DN?5?$CI0xFFFFFFFF?5?9?5?$CIU@ 000158f8     BaseMemoryLibOptDxe:CompareMemWrapper.obj
 0002:0000092c       ??_C@_0DH@PIHDLFLO@q?3?2MdePkg?2Library?2BaseMemoryLibO@ 0001592c     BaseMemoryLibOptDxe:CopyMemWrapper.obj
 0002:00000964       ??_C@_0CI@MNELLLEK@?$CB?$CIBuffer?5?$DN?$DN?5?$CI?$CIvoid?5?$CK?$CJ?50?$CJ?5?$CG?$CG?5Leng@ 00015964     BaseMemoryLibOptDxe:ZeroMemWrapper.obj
 0002:0000098c       ??_C@_0DH@EMNBNEHJ@q?3?2MdePkg?2Library?2BaseMemoryLibO@ 0001598c     BaseMemoryLibOptDxe:ZeroMemWrapper.obj
 0002:000009c4       ??_C@_0CL@OBMFBPED@Length?5?$DM?$DN?5?$CI0xFFFFFFFF?5?9?5?$CIUINTN?$CJB@ 000159c4     BaseMemoryLibOptDxe:ZeroMemWrapper.obj
 0002:000009f0       ??_C@_0BF@NJNGJMPC@List?5?$CB?$DN?5?$CI?$CIvoid?5?$CK?$CJ?50?$CJ?$AA@ 000159f0     BaseLib:LinkedList.obj
 0002:00000a08       ??_C@_0CH@NMOILDJB@q?3?2MdePkg?2Library?2BaseLib?2Linked@ 00015a08     BaseLib:LinkedList.obj
 0002:00000a30       ??_C@_0CC@KDLPLAED@List?9?$DOForwardLink?5?$CB?$DN?5?$CI?$CIvoid?5?$CK?$CJ?50@ 00015a30     BaseLib:LinkedList.obj
 0002:00000a54       ??_C@_0BP@IJJCCMAK@List?9?$DOBackLink?5?$CB?$DN?5?$CI?$CIvoid?5?$CK?$CJ?50?$CJ?$AA@ 00015a54     BaseLib:LinkedList.obj
 0002:00000a74       ??_C@_0BF@CBLMFKOC@Node?5?$CB?$DN?5?$CI?$CIvoid?5?$CK?$CJ?50?$CJ?$AA@ 00015a74     BaseLib:LinkedList.obj
 0002:00000a8c       ??_C@_0DG@IMEFJFAE@Count?5?$DM?5_gPcd_FixedAtBuild_PcdMa@ 00015a8c     BaseLib:LinkedList.obj
 0002:00000ac4       ??_C@_0BJ@NJABNCDK@ListHead?5?$CB?$DN?5?$CI?$CIvoid?5?$CK?$CJ?50?$CJ?$AA@ 00015ac4     BaseLib:LinkedList.obj
 0002:00000ae0       ??_C@_0EB@JGCKPMLP@InternalBaseLibIsNodeInList?5?$CILis@ 00015ae0     BaseLib:LinkedList.obj
 0002:00000b24       ??_C@_0DM@PHLIJEML@InternalBaseLibIsNodeInList?5?$CILis@ 00015b24     BaseLib:LinkedList.obj
 0002:00000b60       ??_C@_0DM@NCFNNADL@InternalBaseLibIsNodeInList?5?$CILis@ 00015b60     BaseLib:LinkedList.obj
 0002:00000ba0       ??_C@_0EE@BFCMBGFO@InternalBaseLibIsNodeInList?5?$CILis@ 00015ba0     BaseLib:LinkedList.obj
 0002:00000be4       ??_C@_0BF@NMBJJECB@?$CBIsListEmpty?5?$CIEntry?$CJ?$AA@ 00015be4     BaseLib:LinkedList.obj
 0002:00000bfc       ??_C@_0BH@LKMBFCBF@Format?5?$CB?$DN?5?$CI?$CIvoid?5?$CK?$CJ?50?$CJ?$AA@ 00015bfc     PeiDxeDebugLibReportStatusCode:DebugLib.obj
 0002:00000c18       ??_C@_0EN@CNOKPIHJ@q?3?2IntelFrameworkModulePkg?2Libra@ 00015c18     PeiDxeDebugLibReportStatusCode:DebugLib.obj
 0002:00000c68       ??_C@_0CI@HIINONDG@?$CICHAR8?5?$CK?$CJBaseListMarker?5?$DM?$DN?5Forma@ 00015c68     PeiDxeDebugLibReportStatusCode:DebugLib.obj
 0002:00000c90       ??_C@_0BH@IACGKAP@Buffer?5?$CB?$DN?5?$CI?$CIvoid?5?$CK?$CJ?50?$CJ?$AA@ 00015c90     PeiDxeDebugLibReportStatusCode:DebugLib.obj
 0002:00000ca8       ??_C@_0BN@COECPDCC@gImageHandle?5?$CB?$DN?5?$CI?$CIvoid?5?$CK?$CJ?50?$CJ?$AA@ 00015ca8     UefiBootServicesTableLib:UefiBootServicesTableLib.obj
 0002:00000cc8       ??_C@_0EG@IHBEIGJL@q?3?2MdePkg?2Library?2UefiBootServic@ 00015cc8     UefiBootServicesTableLib:UefiBootServicesTableLib.obj
 0002:00000d10       ??_C@_0BE@DGNHAHIL@gST?5?$CB?$DN?5?$CI?$CIvoid?5?$CK?$CJ?50?$CJ?$AA@ 00015d10     UefiBootServicesTableLib:UefiBootServicesTableLib.obj
 0002:00000d24       ??_C@_0BE@BDFJLGLN@gBS?5?$CB?$DN?5?$CI?$CIvoid?5?$CK?$CJ?50?$CJ?$AA@ 00015d24     UefiBootServicesTableLib:UefiBootServicesTableLib.obj
 0002:00000d38       ??_C@_0EA@JCDEKIGH@q?3?2MdePkg?2Library?2UefiMemoryAllo@ 00015d38     UefiMemoryAllocationLib:MemoryAllocationLib.obj
 0002:00000d78       ??_C@_0EK@PAKOFLDC@q?3?2MdePkg?2Library?2UefiDevicePath@ 00015d78     UefiDevicePathLibDevicePathProtocol:UefiDevicePathLib.obj
 0002:00000dc4       ??_C@_0DC@CNNBPJA@mDevicePathLibDevicePathUtilitie@ 00015dc4     UefiDevicePathLibDevicePathProtocol:UefiDevicePathLib.obj
 0002:00000df8       ??_C@_0BE@OBDFIHND@gRT?5?$CB?$DN?5?$CI?$CIvoid?5?$CK?$CJ?50?$CJ?$AA@ 00015df8     UefiRuntimeServicesTableLib:UefiRuntimeServicesTableLib.obj
 0002:00000e10       ??_C@_0EM@DLKNJEFG@q?3?2MdePkg?2Library?2UefiRuntimeSer@ 00015e10     UefiRuntimeServicesTableLib:UefiRuntimeServicesTableLib.obj
 0002:00000e5c       ??_C@_0CM@BJEOHNPB@q?3?2MdePkg?2Library?2UefiLib?2UefiDr@ 00015e5c     UefiLib:UefiDriverModel.obj
 0002:00000e88       ??_C@_0CF@EEAPHGAM@q?3?2MdePkg?2Library?2DxeHobLib?2HobL@ 00015e88     DxeHobLib:HobLib.obj
 0002:00000eb0       ??_C@_0BJ@OBFMLLDO@mHobList?5?$CB?$DN?5?$CI?$CIvoid?5?$CK?$CJ?50?$CJ?$AA@ 00015eb0     DxeHobLib:HobLib.obj
 0002:00000ecc       ??_C@_0BJ@NOLLDKJB@HobStart?5?$CB?$DN?5?$CI?$CIvoid?5?$CK?$CJ?50?$CJ?$AA@ 00015ecc     DxeHobLib:HobLib.obj
 0002:00000ee8       ??_C@_1BC@DPOIABCP@?$AAE?$AAF?$AAI?$AAD?$AAe?$AAb?$AAu?$AAg?$AA?$AA@ 00015ee8     DxeDebugPrintErrorLevelLib:DxeDebugPrintErrorLevelLib.obj
 0002:00000efc       ??_C@_0CO@LGICBGGF@q?3?2MdeModulePkg?2Library?2DxeNetLi@ 00015efc     DxeNetLib:DxeNetLib.obj
 0002:00000f2c       ??_C@_0BF@FBEMMEEB@Head?5?$CB?$DN?5?$CI?$CIvoid?5?$CK?$CJ?50?$CJ?$AA@ 00015f2c     DxeNetLib:DxeNetLib.obj
 0002:00000f44       ??_C@_0BE@GMKCNDGH@Map?5?$CB?$DN?5?$CI?$CIvoid?5?$CK?$CJ?50?$CJ?$AA@ 00015f44     DxeNetLib:DxeNetLib.obj
 0002:00000f58       ??_C@_0CO@MHIOADDG@?$CIMap?9?$DOCount?5?$DN?$DN?50?$CJ?5?$CG?$CG?5IsListEmpty@ 00015f58     DxeNetLib:DxeNetLib.obj
 0002:00000f88       ??_C@_0BN@JFJNMPHO@IsListEmpty?5?$CI?$CGMap?9?$DORecycled?$CJ?$AA@ 00015f88     DxeNetLib:DxeNetLib.obj
 0002:00000fa8       ??_C@_0CB@DNKJKBEA@Map?5?$CG?$CG?5?$CBIsListEmpty?5?$CI?$CGMap?9?$DOUsed?$CJ@ 00015fa8     DxeNetLib:DxeNetLib.obj
 0002:00000fd0       ??_C@_0EG@FMMHPKDI@?$CIServiceBindingGuid?5?$CB?$DN?5?$CI?$CIvoid?5?$CK?$CJ@ 00015fd0     DxeNetLib:DxeNetLib.obj
 0002:00001018       ??_C@_0CL@PNMKIFDE@q?3?2MdeModulePkg?2Library?2DxeDpcLi@ 00016018     DxeDpcLib:DpcLib.obj
 0002:00001048       ??_C@_0EF@PCDGLKLI@q?3?2MdeModulePkg?2Library?2DxeRepor@ 00016048     DxeReportStatusCodeLib:ReportStatusCodeLib.obj
 0002:00001090       ??_C@_0DN@HHIHPHHB@?$CB?$CI?$CIExtendedData?5?$DN?$DN?5?$CI?$CIvoid?5?$CK?$CJ?50?$CJ?$CJ@ 00016090     DxeReportStatusCodeLib:ReportStatusCodeLib.obj
 0002:000010d0       ??_C@_0DN@BBBIFINB@?$CB?$CI?$CIExtendedData?5?$CB?$DN?5?$CI?$CIvoid?5?$CK?$CJ?50?$CJ?$CJ@ 000160d0     DxeReportStatusCodeLib:ReportStatusCodeLib.obj
 0002:00001110       ??_C@_0DI@MIEIGAOH@Status?5code?5extended?5data?5is?5too@ 00016110     DxeReportStatusCodeLib:ReportStatusCodeLib.obj
 0002:00001148       ??_C@_0CH@OOIJJKEI@q?3?2MdePkg?2Library?2BaseLib?2SafeSt@ 00016148     BaseLib:SafeString.obj
 0002:00001170       ??_C@_0BO@ECNIOIHG@?$CIDestination?5?$CB?$DN?5?$CI?$CIvoid?5?$CK?$CJ?50?$CJ?$CJ?$AA@ 00016170     BaseLib:SafeString.obj
 0002:00001190       ??_C@_0BJ@EAEEJIP@?$CISource?5?$CB?$DN?5?$CI?$CIvoid?5?$CK?$CJ?50?$CJ?$CJ?$AA@ 00016190     BaseLib:SafeString.obj
 0002:000011ac       ??_C@_0BG@EEGIIOKH@?$CIDestMax?5?$DO?5SourceLen?$CJ?$AA@ 000161ac     BaseLib:SafeString.obj
 0002:000011c8       ??_C@_0FL@CDANCHFO@InternalSafeStringNoAsciiStrOver@ 000161c8     BaseLib:SafeString.obj
 0002:00001224       ??_C@_0CD@OOJADBME@q?3?2MdePkg?2Library?2BaseLib?2String@ 00016224     BaseLib:String.obj
 0002:00001248       ??_C@_0BH@MAAHKCPC@String?5?$CB?$DN?5?$CI?$CIvoid?5?$CK?$CJ?50?$CJ?$AA@ 00016248     BaseLib:String.obj
 0002:00001260       ??_C@_0DJ@JJHGIFMP@Length?5?$DM?$DN?5_gPcd_FixedAtBuild_Pcd@ 00016260     BaseLib:String.obj
 0002:0000129c       ??_C@_0DI@MDIKFADO@Length?5?$DM?5_gPcd_FixedAtBuild_PcdM@ 0001629c     BaseLib:String.obj
 0002:000012d4       ??_C@_0BL@IKFBNFIL@AsciiStrSize?5?$CIFirstString?$CJ?$AA@ 000162d4     BaseLib:String.obj
 0002:000012f0       ??_C@_0BM@EDNOKLLE@AsciiStrSize?5?$CISecondString?$CJ?$AA@ 000162f0     BaseLib:String.obj
 0002:0000130c       ??_C@_0CG@MHAECJIA@q?3?2MdePkg?2Library?2BaseLib?2Unalig@ 0001630c     BaseLib:Unaligned.obj
 0003:00000000       _gEfiCallerIdGuid          00017000     ArpDxe:AutoGen.obj
 0003:00000010       _gEfiStatusCodeSpecificDataGuid 00017010     ArpDxe:AutoGen.obj
 0003:00000020       _gEfiStatusCodeDataTypeDebugGuid 00017020     ArpDxe:AutoGen.obj
 0003:00000030       _gEfiHobListGuid           00017030     ArpDxe:AutoGen.obj
 0003:00000040       _gEfiGenericVariableGuid   00017040     ArpDxe:AutoGen.obj
 0003:00000050       _gEfiArpServiceBindingProtocolGuid 00017050     ArpDxe:AutoGen.obj
 0003:00000060       _gEfiManagedNetworkServiceBindingProtocolGuid 00017060     ArpDxe:AutoGen.obj
 0003:00000070       _gEfiArpProtocolGuid       00017070     ArpDxe:AutoGen.obj
 0003:00000080       _gEfiManagedNetworkProtocolGuid 00017080     ArpDxe:AutoGen.obj
 0003:00000090       _gEfiStatusCodeRuntimeProtocolGuid 00017090     ArpDxe:AutoGen.obj
 0003:000000a0       _gEfiDevicePathUtilitiesProtocolGuid 000170a0     ArpDxe:AutoGen.obj
 0003:000000b0       _gEfiDriverBindingProtocolGuid 000170b0     ArpDxe:AutoGen.obj
 0003:000000c0       _gEfiComponentNameProtocolGuid 000170c0     ArpDxe:AutoGen.obj
 0003:000000d0       _gEfiComponentName2ProtocolGuid 000170d0     ArpDxe:AutoGen.obj
 0003:000000e0       _gEfiDebugMaskProtocolGuid 000170e0     ArpDxe:AutoGen.obj
 0003:000000f0       _gEfiLoadedImageProtocolGuid 000170f0     ArpDxe:AutoGen.obj
 0003:00000100       _gEfiDpcProtocolGuid       00017100     ArpDxe:AutoGen.obj
 0003:00000110       _mDebugMaskProtocol        00017110     DxeDebugPrintErrorLevelLib:DxeDebugPrintErrorLevelLib.obj
 0003:00000120       _mEfiArpProtocolTemplate   00017120     ArpDxe:ArpImpl.obj
 0003:0000013c       _gArpDriverBinding         0001713c     ArpDxe:ArpDriver.obj
 0003:00000154       _gArpComponentName         00017154     ArpDxe:ComponentName.obj
 0003:00000160       _gArpComponentName2        00017160     ArpDxe:ComponentName.obj
 0003:0000016c       _mArpDriverNameTable       0001716c     ArpDxe:ComponentName.obj
 0003:0000017c       _mArpControllerNameTable   0001717c     ArpDxe:ComponentName.obj
 0003:00000190       _gIp4AllMasks              00017190     DxeNetLib:DxeNetLib.obj
 0003:00000214       _gImageHandle              00017214     UefiBootServicesTableLib:UefiBootServicesTableLib.obj
 0003:00000218       _gST                       00017218     UefiBootServicesTableLib:UefiBootServicesTableLib.obj
 0003:0000021c       _gBS                       0001721c     UefiBootServicesTableLib:UefiBootServicesTableLib.obj
 0003:00000220       _gRT                       00017220     UefiRuntimeServicesTableLib:UefiRuntimeServicesTableLib.obj
 0003:00000224       _mHobList                  00017224     DxeHobLib:HobLib.obj
 0003:00000228       _mGlobalErrorLevelInitialized 00017228     DxeDebugPrintErrorLevelLib:DxeDebugPrintErrorLevelLib.obj
 0003:0000022c       _mDebugPrintErrorLevel     0001722c     DxeDebugPrintErrorLevelLib:DxeDebugPrintErrorLevelLib.obj
 0003:00000230       _mSystemTable              00017230     DxeDebugPrintErrorLevelLib:DxeDebugPrintErrorLevelLib.obj
 0003:00000234       _mReportStatusCodeLibStatusCodeProtocol 00017234     DxeReportStatusCodeLib:ReportStatusCodeLib.obj
 0003:00000238       _mDevicePathLibDevicePathUtilities 00017238     UefiDevicePathLibDevicePathProtocol:UefiDevicePathLib.obj
 0003:0000023c       _mDpc                      0001723c     <common>

 entry point at        0001:00000024

 Static symbols

