 WinNtAutoScan

 Timestamp is 620cbdff (Wed Feb 16 17:03:59 2022)

 Preferred load address is 00010000

 Start         Length     Name                   Class
 0001:00000000 0000191bH .text                   CODE
 0002:00000000 00000cc7H .rdata                  DATA
 0002:00000cc8 0000007eH .rdata$debug            DATA
 0003:00000000 000000a0H .data                   DATA
 0003:000000a0 00000010H .bss                    DATA
 0004:00000000 00000055H .edata                  DATA

  Address         Publics by Value              Rva+Base       Lib:Object

 0001:00000000       __ModuleEntryPoint         00011000 f   PeimEntryPoint:PeimEntryPoint.obj
 0001:0000000e       _PeimInitializeWinNtAutoScan 0001100e f   WinNtAutoScan:WinNtAutoScan.obj
 0001:00000249       _DebugPrint                00011249 f   PeiDxeDebugLibReportStatusCode:DebugLib.obj
 0001:000003bf       _DebugAssert               000113bf f   PeiDxeDebugLibReportStatusCode:DebugLib.obj
 0001:0000046b       _InternalPeiCreateHob      0001146b f   PeiHobLib:HobLib.obj
 0001:000004b1       _BuildGuidDataHob          000114b1 f   PeiHobLib:HobLib.obj
 0001:00000537       _GetPeiServicesTablePointer 00011537 f   PeiServicesTablePointerLib:PeiServicesTablePointer.obj
 0001:0000055a       _InternalReportStatusCode  0001155a f   PeiReportStatusCodeLib:ReportStatusCodeLib.obj
 0001:000005c3       _ReportStatusCodeExtractAssertInfo 000115c3 f   PeiReportStatusCodeLib:ReportStatusCodeLib.obj
 0001:0000066e       _ReportStatusCodeExtractDebugInfo 0001166e f   PeiReportStatusCodeLib:ReportStatusCodeLib.obj
 0001:000006ff       _ReportStatusCodeEx        000116ff f   PeiReportStatusCodeLib:ReportStatusCodeLib.obj
 0001:000007c5       _InternalSafeStringNoAsciiStrOverlap 000117c5 f   BaseLib:SafeString.obj
 0001:000007e9       _AsciiStrnLenS             000117e9 f   BaseLib:SafeString.obj
 0001:00000803       _AsciiStrCpyS              00011803 f   BaseLib:SafeString.obj
 0001:000008be       _StrLen                    000118be f   BaseLib:String.obj
 0001:00000929       _AsciiStrLen               00011929 f   BaseLib:String.obj
 0001:00000976       _CopyGuid                  00011976 f   BaseMemoryLibOptPei:MemLibGuid.obj
 0001:000009a0       _CompareGuid               000119a0 f   BaseMemoryLibOptPei:MemLibGuid.obj
 0001:000009ff       _CopyMem                   000119ff f   BaseMemoryLibOptPei:CopyMemWrapper.obj
 0001:00000a5c       _ZeroMem                   00011a5c f   BaseMemoryLibOptPei:ZeroMemWrapper.obj
 0001:00000a9c       _OemHookStatusCodeInitialize 00011a9c f   PeiNt32OemHookStatusCodeLib:Nt32OemHookStatusCodeLib.obj
 0001:00000afe       _OemHookStatusCodeReport   00011afe f   PeiNt32OemHookStatusCodeLib:Nt32OemHookStatusCodeLib.obj
 0001:00000ca6       _ReadUnaligned16           00011ca6 f   BaseLib:Unaligned.obj
 0001:00000cc2       _ReadUnaligned64           00011cc2 f   BaseLib:Unaligned.obj
 0001:00000ce3       _WriteUnaligned64          00011ce3 f   BaseLib:Unaligned.obj
 0001:00000d0c       _AsciiSPrint               00011d0c f   BasePrintLib:PrintLib.obj
 0001:00000d2a       _BasePrintLibFillBuffer    00011d2a f   BasePrintLib:PrintLibInternal.obj
 0001:00000d56       _BasePrintLibValueToString 00011d56 f   BasePrintLib:PrintLibInternal.obj
 0001:00000db4       _BasePrintLibSPrintMarker  00011db4 f   BasePrintLib:PrintLibInternal.obj
 0001:0000183e       _BasePrintLibSPrint        0001283e f   BasePrintLib:PrintLibInternal.obj
 0001:00001860       _InternalMemCopyMem        00012860 f   BaseMemoryLibOptPei:CopyMem.obj
 0001:00001898       _InternalMemSetMem         00012898 f   BaseMemoryLibOptPei:SetMem.obj
 0001:000018c4       _InternalMemZeroMem        000128c4 f   BaseMemoryLibOptPei:ZeroMem.obj
 0001:000018e4       _InternalMemSetMem32       000128e4 f   BaseMemoryLibOptPei:SetMem32.obj
 0001:000018fc       _InternalMemSetMem64       000128fc f   BaseMemoryLibOptPei:SetMem64.obj
 0002:0000001c       ??_C@_0CB@DMEJJJHA@?6ASSERT_EFI_ERROR?5?$CIStatus?5?$DN?5?$CFr?$CJ?6@ 0001301c     WinNtAutoScan:AutoGen.obj
 0002:00000040       ??_C@_0BE@DCHLEIGN@?$CBEFI_ERROR?5?$CIStatus?$CJ?$AA@ 00013040     WinNtAutoScan:AutoGen.obj
 0002:00000054       ??_C@_0BM@FINHKCCK@NT?532?5Autoscan?5PEIM?5Loaded?6?$AA@ 00013054     WinNtAutoScan:WinNtAutoScan.obj
 0002:00000070       ??_C@_0CM@JFONLPLL@q?3?2Nt32Pkg?2WinNtAutoScanPei?2WinN@ 00013070     WinNtAutoScan:WinNtAutoScan.obj
 0002:0000009c       ??_C@_1CM@OLBNONPD@?$AAM?$AAe?$AAm?$AAo?$AAr?$AAy?$AAT?$AAy?$AAp?$AAe?$AAI?$AAn?$AAf?$AAo?$AAr?$AAm?$AAa?$AAt?$AAi?$AAo?$AAn?$AA?$AA@ 0001309c     WinNtAutoScan:WinNtAutoScan.obj
 0002:000000c8       ??_C@_0BH@LKMBFCBF@Format?5?$CB?$DN?5?$CI?$CIvoid?5?$CK?$CJ?50?$CJ?$AA@ 000130c8     PeiDxeDebugLibReportStatusCode:DebugLib.obj
 0002:000000e0       ??_C@_0EN@CNOKPIHJ@q?3?2IntelFrameworkModulePkg?2Libra@ 000130e0     PeiDxeDebugLibReportStatusCode:DebugLib.obj
 0002:00000130       ??_C@_0CI@HIINONDG@?$CICHAR8?5?$CK?$CJBaseListMarker?5?$DM?$DN?5Forma@ 00013130     PeiDxeDebugLibReportStatusCode:DebugLib.obj
 0002:00000158       ??_C@_0BH@IACGKAP@Buffer?5?$CB?$DN?5?$CI?$CIvoid?5?$CK?$CJ?50?$CJ?$AA@ 00013158     PeiDxeDebugLibReportStatusCode:DebugLib.obj
 0002:00000170       ??_C@_0CF@PGDFLLEG@q?3?2MdePkg?2Library?2PeiHobLib?2HobL@ 00013170     PeiHobLib:HobLib.obj
 0002:00000198       ??_C@_0BE@PICCCCHF@Hob?5?$CB?$DN?5?$CI?$CIvoid?5?$CK?$CJ?50?$CJ?$AA@ 00013198     PeiHobLib:HobLib.obj
 0002:000001ac       ??_C@_0DE@JLBHCAID@DataLength?5?$DM?$DN?5?$CI0xFFF8?5?9?5sizeof?5?$CI@ 000131ac     PeiHobLib:HobLib.obj
 0002:000001e0       ??_C@_0CI@HNHCKIFE@Data?5?$CB?$DN?5?$CI?$CIvoid?5?$CK?$CJ?50?$CJ?5?$HM?$HM?5DataLeng@ 000131e0     PeiHobLib:HobLib.obj
 0002:00000208       ??_C@_0EH@LJGCJDGN@q?3?2MdePkg?2Library?2PeiServicesTab@ 00013208     PeiServicesTablePointerLib:PeiServicesTablePointer.obj
 0002:00000250       ??_C@_0BN@OJIBNMOJ@gPeiServices?5?$CB?$DN?5?$CI?$CIvoid?5?$CK?$CJ?50?$CJ?$AA@ 00013250     PeiServicesTablePointerLib:PeiServicesTablePointer.obj
 0002:00000270       ??_C@_0EF@HNKLECOL@q?3?2MdeModulePkg?2Library?2PeiRepor@ 00013270     PeiReportStatusCodeLib:ReportStatusCodeLib.obj
 0002:000002b8       ??_C@_0BF@OBJIPFIC@Data?5?$CB?$DN?5?$CI?$CIvoid?5?$CK?$CJ?50?$CJ?$AA@ 000132b8     PeiReportStatusCodeLib:ReportStatusCodeLib.obj
 0002:000002d0       ??_C@_0BJ@IMECHJFE@Filename?5?$CB?$DN?5?$CI?$CIvoid?5?$CK?$CJ?50?$CJ?$AA@ 000132d0     PeiReportStatusCodeLib:ReportStatusCodeLib.obj
 0002:000002ec       ??_C@_0BM@HAIDGOCB@Description?5?$CB?$DN?5?$CI?$CIvoid?5?$CK?$CJ?50?$CJ?$AA@ 000132ec     PeiReportStatusCodeLib:ReportStatusCodeLib.obj
 0002:00000308       ??_C@_0BL@PEJNABGB@LineNumber?5?$CB?$DN?5?$CI?$CIvoid?5?$CK?$CJ?50?$CJ?$AA@ 00013308     PeiReportStatusCodeLib:ReportStatusCodeLib.obj
 0002:00000324       ??_C@_0BL@OBAOKMLN@ErrorLevel?5?$CB?$DN?5?$CI?$CIvoid?5?$CK?$CJ?50?$CJ?$AA@ 00013324     PeiReportStatusCodeLib:ReportStatusCodeLib.obj
 0002:00000340       ??_C@_0BH@GEBIHIDM@Marker?5?$CB?$DN?5?$CI?$CIvoid?5?$CK?$CJ?50?$CJ?$AA@ 00013340     PeiReportStatusCodeLib:ReportStatusCodeLib.obj
 0002:00000358       ??_C@_0DN@HHIHPHHB@?$CB?$CI?$CIExtendedData?5?$DN?$DN?5?$CI?$CIvoid?5?$CK?$CJ?50?$CJ?$CJ@ 00013358     PeiReportStatusCodeLib:ReportStatusCodeLib.obj
 0002:00000398       ??_C@_0DN@BBBIFINB@?$CB?$CI?$CIExtendedData?5?$CB?$DN?5?$CI?$CIvoid?5?$CK?$CJ?50?$CJ?$CJ@ 00013398     PeiReportStatusCodeLib:ReportStatusCodeLib.obj
 0002:000003d8       ??_C@_0DI@MIEIGAOH@Status?5code?5extended?5data?5is?5too@ 000133d8     PeiReportStatusCodeLib:ReportStatusCodeLib.obj
 0002:00000410       ??_C@_0CD@BDCLIGHD@?$CI?$CIUINTN?$CJ?5String?5?$CG?50x00000001?$CJ?5?$DN?$DN@ 00013410     BaseLib:SafeString.obj
 0002:00000434       ??_C@_0CH@OOIJJKEI@q?3?2MdePkg?2Library?2BaseLib?2SafeSt@ 00013434     BaseLib:SafeString.obj
 0002:0000045c       ??_C@_0BO@ECNIOIHG@?$CIDestination?5?$CB?$DN?5?$CI?$CIvoid?5?$CK?$CJ?50?$CJ?$CJ?$AA@ 0001345c     BaseLib:SafeString.obj
 0002:0000047c       ??_C@_0BJ@EAEEJIP@?$CISource?5?$CB?$DN?5?$CI?$CIvoid?5?$CK?$CJ?50?$CJ?$CJ?$AA@ 0001347c     BaseLib:SafeString.obj
 0002:00000498       ??_C@_0BG@EEGIIOKH@?$CIDestMax?5?$DO?5SourceLen?$CJ?$AA@ 00013498     BaseLib:SafeString.obj
 0002:000004b0       ??_C@_0FL@CDANCHFO@InternalSafeStringNoAsciiStrOver@ 000134b0     BaseLib:SafeString.obj
 0002:0000050c       ??_C@_0CD@OOJADBME@q?3?2MdePkg?2Library?2BaseLib?2String@ 0001350c     BaseLib:String.obj
 0002:00000530       ??_C@_0BH@MAAHKCPC@String?5?$CB?$DN?5?$CI?$CIvoid?5?$CK?$CJ?50?$CJ?$AA@ 00013530     BaseLib:String.obj
 0002:00000548       ??_C@_0DK@EOJCOAME@Length?5?$DM?5_gPcd_FixedAtBuild_PcdM@ 00013548     BaseLib:String.obj
 0002:00000584       ??_C@_0DI@MDIKFADO@Length?5?$DM?5_gPcd_FixedAtBuild_PcdM@ 00013584     BaseLib:String.obj
 0002:000005bc       ??_C@_0N@KGHEHMDL@Divisor?5?$CB?$DN?50?$AA@ 000135bc     BaseLib:DivU64x32.obj
 0002:000005cc       ??_C@_0CL@OBMFBPED@Length?5?$DM?$DN?5?$CI0xFFFFFFFF?5?9?5?$CIUINTN?$CJB@ 000135cc     BaseMemoryLibOptPei:MemLibGuid.obj
 0002:000005f8       ??_C@_0DI@PHOMHDKH@?$CILength?5?9?51?$CJ?5?$DM?$DN?5?$CI0xFFFFFFFF?5?9?5?$CIU@ 000135f8     BaseMemoryLibOptPei:CopyMemWrapper.obj
 0002:00000630       ??_C@_0DH@BHDABOAG@q?3?2MdePkg?2Library?2BaseMemoryLibO@ 00013630     BaseMemoryLibOptPei:CopyMemWrapper.obj
 0002:00000668       ??_C@_0DD@DCDOHCDJ@?$CILength?5?9?51?$CJ?5?$DM?$DN?5?$CI0xFFFFFFFF?5?9?5?$CIU@ 00013668     BaseMemoryLibOptPei:CopyMemWrapper.obj
 0002:0000069c       ??_C@_0CI@MNELLLEK@?$CB?$CIBuffer?5?$DN?$DN?5?$CI?$CIvoid?5?$CK?$CJ?50?$CJ?5?$CG?$CG?5Leng@ 0001369c     BaseMemoryLibOptPei:ZeroMemWrapper.obj
 0002:000006c4       ??_C@_0DH@KDJCHPMB@q?3?2MdePkg?2Library?2BaseMemoryLibO@ 000136c4     BaseMemoryLibOptPei:ZeroMemWrapper.obj
 0002:00000700       ??_C@_0EK@NEKIGKFM@q?3?2Nt32Pkg?2Library?2PeiNt32OemHoo@ 00013700     PeiNt32OemHookStatusCodeLib:Nt32OemHookStatusCodeLib.obj
 0002:0000074c       ??_C@_0BJ@NGECPOCK@?6?$ANASSERT?$CB?3?5?$CFa?5?$CI?$CFd?$CJ?3?5?$CFa?6?$AN?$AA@ 0001374c     PeiNt32OemHookStatusCodeLib:Nt32OemHookStatusCodeLib.obj
 0002:00000768       ??_C@_0BD@OMAHIICL@ERROR?3?5C?$CFx?3V?$CFx?5I?$CFx?$AA@ 00013768     PeiNt32OemHookStatusCodeLib:Nt32OemHookStatusCodeLib.obj
 0002:0000077c       ??_C@_03GKLDPGLG@?5?$CFg?$AA@ 0001377c     PeiNt32OemHookStatusCodeLib:Nt32OemHookStatusCodeLib.obj
 0002:00000780       ??_C@_03GPDAHCCA@?5?$CFp?$AA@ 00013780     PeiNt32OemHookStatusCodeLib:Nt32OemHookStatusCodeLib.obj
 0002:00000784       ??_C@_02LIIHNNHG@?6?$AN?$AA@ 00013784     PeiNt32OemHookStatusCodeLib:Nt32OemHookStatusCodeLib.obj
 0002:00000788       ??_C@_0BJ@KDCPJMDH@PROGRESS?5CODE?3?5V?$CFx?5I?$CFx?6?$AN?$AA@ 00013788     PeiNt32OemHookStatusCodeLib:Nt32OemHookStatusCodeLib.obj
 0002:000007a4       ??_C@_0BJ@KMGICPHL@Undefined?3?5C?$CFx?3V?$CFx?5I?$CFx?6?$AN?$AA@ 000137a4     PeiNt32OemHookStatusCodeLib:Nt32OemHookStatusCodeLib.obj
 0002:000007c0       ??_C@_0CG@MHAECJIA@q?3?2MdePkg?2Library?2BaseLib?2Unalig@ 000137c0     BaseLib:Unaligned.obj
 0002:000007e8       ??_C@_0BB@MFGDFIJM@Compromised?5Data?$AA@ 000137e8     BasePrintLib:PrintLibInternal.obj
 0002:000007fc       ??_C@_0BB@KFJAMCOC@Invalid?5Language?$AA@ 000137fc     BasePrintLib:PrintLibInternal.obj
 0002:00000810       ??_C@_0M@FKGOBENP@End?5of?5File?$AA@ 00013810     BasePrintLib:PrintLibInternal.obj
 0002:0000081c       ??_C@_0O@GLPDOMCP@Reserved?5?$CI30?$CJ?$AA@ 0001381c     BasePrintLib:PrintLibInternal.obj
 0002:0000082c       ??_C@_0O@NMJOLAMF@Reserved?5?$CI29?$CJ?$AA@ 0001382c     BasePrintLib:PrintLibInternal.obj
 0002:0000083c       ??_C@_0N@JEJDHPO@End?5of?5Media?$AA@ 0001383c     BasePrintLib:PrintLibInternal.obj
 0002:0000084c       ??_C@_09BOMAGJEG@CRC?5Error?$AA@ 0001384c     BasePrintLib:PrintLibInternal.obj
 0002:00000858       ??_C@_0BD@KHMPCIOG@Security?5Violation?$AA@ 00013858     BasePrintLib:PrintLibInternal.obj
 0002:0000086c       ??_C@_0BF@EHOBGFMI@Incompatible?5Version?$AA@ 0001386c     BasePrintLib:PrintLibInternal.obj
 0002:00000884       ??_C@_0P@NCJHBCLM@Protocol?5Error?$AA@ 00013884     BasePrintLib:PrintLibInternal.obj
 0002:00000894       ??_C@_0L@DJKNJKHM@TFTP?5Error?$AA@ 00013894     BasePrintLib:PrintLibInternal.obj
 0002:000008a0       ??_C@_0L@LKIFCMNO@ICMP?5Error?$AA@ 000138a0     BasePrintLib:PrintLibInternal.obj
 0002:000008ac       ??_C@_07LCKDCBKK@Aborted?$AA@ 000138ac     BasePrintLib:PrintLibInternal.obj
 0002:000008b4       ??_C@_0BA@IGIBFFPH@Already?5started?$AA@ 000138b4     BasePrintLib:PrintLibInternal.obj
 0002:000008c4       ??_C@_0M@DCJFAFHJ@Not?5started?$AA@ 000138c4     BasePrintLib:PrintLibInternal.obj
 0002:000008d0       ??_C@_08PAFJCNGP@Time?5out?$AA@ 000138d0     BasePrintLib:PrintLibInternal.obj
 0002:000008dc       ??_C@_0L@IFPBNFC@No?5mapping?$AA@ 000138dc     BasePrintLib:PrintLibInternal.obj
 0002:000008e8       ??_C@_0M@ENKCBFEP@No?5Response?$AA@ 000138e8     BasePrintLib:PrintLibInternal.obj
 0002:000008f4       ??_C@_0O@NFHOBIDO@Access?5Denied?$AA@ 000138f4     BasePrintLib:PrintLibInternal.obj
 0002:00000904       ??_C@_09CFCBFJND@Not?5Found?$AA@ 00013904     BasePrintLib:PrintLibInternal.obj
 0002:00000910       ??_C@_0O@JNCJKCCD@Media?5changed?$AA@ 00013910     BasePrintLib:PrintLibInternal.obj
 0002:00000920       ??_C@_08KEGAJDNN@No?5Media?$AA@ 00013920     BasePrintLib:PrintLibInternal.obj
 0002:0000092c       ??_C@_0M@HDLEPOFA@Volume?5Full?$AA@ 0001392c     BasePrintLib:PrintLibInternal.obj
 0002:00000938       ??_C@_0P@EIOJGIF@Volume?5Corrupt?$AA@ 00013938     BasePrintLib:PrintLibInternal.obj
 0002:00000948       ??_C@_0BB@GOILNEAA@Out?5of?5Resources?$AA@ 00013948     BasePrintLib:PrintLibInternal.obj
 0002:0000095c       ??_C@_0BA@LNEDDFNB@Write?5Protected?$AA@ 0001395c     BasePrintLib:PrintLibInternal.obj
 0002:0000096c       ??_C@_0N@HHEABDHO@Device?5Error?$AA@ 0001396c     BasePrintLib:PrintLibInternal.obj
 0002:0000097c       ??_C@_09NKFGCIPN@Not?5Ready?$AA@ 0001397c     BasePrintLib:PrintLibInternal.obj
 0002:00000988       ??_C@_0BB@EGELJFOB@Buffer?5Too?5Small?$AA@ 00013988     BasePrintLib:PrintLibInternal.obj
 0002:0000099c       ??_C@_0BA@FLNMPMCF@Bad?5Buffer?5Size?$AA@ 0001399c     BasePrintLib:PrintLibInternal.obj
 0002:000009ac       ??_C@_0M@BEECMOIL@Unsupported?$AA@ 000139ac     BasePrintLib:PrintLibInternal.obj
 0002:000009b8       ??_C@_0BC@HOFHKGJN@Invalid?5Parameter?$AA@ 000139b8     BasePrintLib:PrintLibInternal.obj
 0002:000009cc       ??_C@_0L@PLPBEPPC@Load?5Error?$AA@ 000139cc     BasePrintLib:PrintLibInternal.obj
 0002:000009d8       ??_C@_0BD@IFJNJCCO@Warning?5Stale?5Data?$AA@ 000139d8     BasePrintLib:PrintLibInternal.obj
 0002:000009ec       ??_C@_0BJ@ODIPDGHB@Warning?5Buffer?5Too?5Small?$AA@ 000139ec     BasePrintLib:PrintLibInternal.obj
 0002:00000a08       ??_C@_0BG@ECIJMOED@Warning?5Write?5Failure?$AA@ 00013a08     BasePrintLib:PrintLibInternal.obj
 0002:00000a20       ??_C@_0BH@GKKCJEPJ@Warning?5Delete?5Failure?$AA@ 00013a20     BasePrintLib:PrintLibInternal.obj
 0002:00000a38       ??_C@_0BG@CFJMNNJK@Warning?5Unknown?5Glyph?$AA@ 00013a38     BasePrintLib:PrintLibInternal.obj
 0002:00000a50       ??_C@_07PBILKAFL@Success?$AA@ 00013a50     BasePrintLib:PrintLibInternal.obj
 0002:00000a58       _mHexStr                   00013a58     BasePrintLib:PrintLibInternal.obj
 0002:00000a68       _mStatusString             00013a68     BasePrintLib:PrintLibInternal.obj
 0002:00000b04       ??_C@_0DC@CHCEMEEB@q?3?2MdePkg?2Library?2BasePrintLib?2P@ 00013b04     BasePrintLib:PrintLibInternal.obj
 0002:00000b38       ??_C@_0CB@NIHAJGJE@StrSize?5?$CI?$CICHAR16?5?$CK?$CJ?5Format?$CJ?5?$CB?$DN?50@ 00013b38     BasePrintLib:PrintLibInternal.obj
 0002:00000b5c       ??_C@_0BL@BFEFANFD@AsciiStrSize?5?$CIFormat?$CJ?5?$CB?$DN?50?$AA@ 00013b5c     BasePrintLib:PrintLibInternal.obj
 0002:00000b78       ??_C@_0O@MLOLIMFM@?$DMnull?5string?$DO?$AA@ 00013b78     BasePrintLib:PrintLibInternal.obj
 0002:00000b88       ??_C@_0M@BJJDNPHK@?$DMnull?5guid?$DO?$AA@ 00013b88     BasePrintLib:PrintLibInternal.obj
 0002:00000b94       ??_C@_0DB@PMLHLBMO@?$CF08x?9?$CF04x?9?$CF04x?9?$CF02x?$CF02x?9?$CF02x?$CF02x@ 00013b94     BasePrintLib:PrintLibInternal.obj
 0002:00000bc8       ??_C@_0M@LHGBCIKM@?$DMnull?5time?$DO?$AA@ 00013bc8     BasePrintLib:PrintLibInternal.obj
 0002:00000bd4       ??_C@_0BK@FCPKCIDD@?$CF02d?1?$CF02d?1?$CF04d?5?5?$CF02d?3?$CF02d?$AA@ 00013bd4     BasePrintLib:PrintLibInternal.obj
 0002:00000bf0       ??_C@_04JIMNDDED@?$CF08X?$AA@ 00013bf0     BasePrintLib:PrintLibInternal.obj
 0002:00000bf8       ??_C@_02PCIJFNDE@?$AN?6?$AA@ 00013bf8     BasePrintLib:PrintLibInternal.obj
 0002:00000bfc       ??_C@_01LIIJDEN@?$AN?$AA@  00013bfc     BasePrintLib:PrintLibInternal.obj
 0002:00000c00       ??_C@_0EM@FPGGOFNC@?$CI?$CI?$CIFlags?5?$CG?50x00000040?$CJ?5?$DN?$DN?50?$CJ?$CJ?5?$HM?$HM@ 00013c00     BasePrintLib:PrintLibInternal.obj
 0002:00000c50       ??_C@_0EG@NFDMKACK@?$CI?$CI?$CIFlags?5?$CG?50x00000040?$CJ?5?$CB?$DN?50?$CJ?$CJ?5?$HM?$HM@ 00013c50     BasePrintLib:PrintLibInternal.obj
 0002:00000c98       ??_C@_0CP@CPEPIGGJ@q?3?2MdePkg?2Library?2BaseLib?2DivU64@ 00013c98     BaseLib:DivU64x32Remainder.obj
 0003:00000000       _gEfiCallerIdGuid          00014000     WinNtAutoScan:AutoGen.obj
 0003:00000010       _gEfiMemoryTypeInformationGuid 00014010     WinNtAutoScan:AutoGen.obj
 0003:00000020       _gEfiStatusCodeSpecificDataGuid 00014020     WinNtAutoScan:AutoGen.obj
 0003:00000030       _gEfiStatusCodeDataTypeDebugGuid 00014030     WinNtAutoScan:AutoGen.obj
 0003:00000040       _gPeiNtAutoScanPpiGuid     00014040     WinNtAutoScan:AutoGen.obj
 0003:00000050       _gEfiPeiReadOnlyVariable2PpiGuid 00014050     WinNtAutoScan:AutoGen.obj
 0003:00000060       _gPeiNtThunkPpiGuid        00014060     WinNtAutoScan:AutoGen.obj
 0003:00000070       _mDefaultMemoryTypeInformation 00014070     WinNtAutoScan:WinNtAutoScan.obj
 0003:000000a0       _gNullVaList               000140a0     <common>
 0003:000000a4       _mWinNt                    000140a4     <common>
 0003:000000a8       _mStdOut                   000140a8     <common>
 0003:000000ac       _gPeiServices              000140ac     <common>

 entry point at        0001:00000000

 Static symbols

