 ACPI

 Timestamp is 624d381c (Wed Apr 06 14:50:04 2022)

 Preferred load address is 0000000000000000

 Start         Length     Name                   Class
 0001:00000000 000018daH .text                   CODE
 0002:00000000 00000010H .data                   DATA
 0002:00000010 00000b77H .rdata                  DATA
 0002:00000b88 00000020H .bss                    DATA
 0003:00000000 00000120H .pdata                  DATA
 0004:00000000 000000d4H .xdata                  DATA

  Address         Publics by Value              Rva+Base               Lib:Object

 0001:00000000       _ModuleEntryPoint          0000000000000280 f   UefiApplicationEntryPoint:ApplicationEntryPoint.obj
 0001:00000064       ProcessLibraryConstructorList 00000000000002e4 f   ACPI:AutoGen.obj
 0001:000001a4       ProcessModuleEntryPointList 0000000000000424 f   ACPI:AutoGen.obj
 0001:000001ac       PrintGuid                  000000000000042c f   ACPI:ACPI.obj
 0001:00000268       UefiMain                   00000000000004e8 f   ACPI:ACPI.obj
 0001:000002d0       DebugPrint                 0000000000000550 f   BaseDebugLibNull:DebugLib.obj
 0001:000002dc       ProcessLibraryDestructorList 000000000000055c f   ACPI:AutoGen.obj
 0001:000002dc       DebugAssert                000000000000055c f   BaseDebugLibNull:DebugLib.obj
 0001:000002e0       DebugAssertEnabled         0000000000000560 f   BaseDebugLibNull:DebugLib.obj
 0001:000002e0       DebugPrintEnabled          0000000000000560 f   BaseDebugLibNull:DebugLib.obj
 0001:000002e0       DebugPrintLevelEnabled     0000000000000560 f   BaseDebugLibNull:DebugLib.obj
 0001:000002e4       UefiBootServicesTableLibConstructor 0000000000000564 f   UefiBootServicesTableLib:UefiBootServicesTableLib.obj
 0001:00000390       UefiRuntimeServicesTableLibConstructor 0000000000000610 f   UefiRuntimeServicesTableLib:UefiRuntimeServicesTableLib.obj
 0001:000003d4       UefiLibConstructor         0000000000000654 f   UefiLib:UefiLib.obj
 0001:000003d8       EfiGetSystemConfigurationTable 0000000000000658 f   UefiLib:UefiLib.obj
 0001:000004b0       InternalPrint              0000000000000730 f   UefiLib:UefiLibPrint.obj
 0001:000005d0       Print                      0000000000000850 f   UefiLib:UefiLibPrint.obj
 0001:00000600       CompareGuid                0000000000000880 f   BaseMemoryLib:MemLibGuid.obj
 0001:00000668       ReadUnaligned16            00000000000008e8 f   BaseLib:Unaligned.obj
 0001:000006a0       ReadUnaligned32            0000000000000920 f   BaseLib:Unaligned.obj
 0001:000006d8       ReadUnaligned64            0000000000000958 f   BaseLib:Unaligned.obj
 0001:00000710       StrLen                     0000000000000990 f   BaseLib:String.obj
 0001:000007c8       StrSize                    0000000000000a48 f   BaseLib:String.obj
 0001:000007dc       AsciiStrLen                0000000000000a5c f   BaseLib:String.obj
 0001:00000864       AsciiStrSize               0000000000000ae4 f   BaseLib:String.obj
 0001:00000878       InternalMathDivRemU64x32   0000000000000af8 f   BaseLib:Math64.obj
 0001:00000894       InternalAllocatePool       0000000000000b14 f   UefiMemoryAllocationLib:MemoryAllocationLib.obj
 0001:000008c0       AllocatePool               0000000000000b40 f   UefiMemoryAllocationLib:MemoryAllocationLib.obj
 0001:000008d0       FreePool                   0000000000000b50 f   UefiMemoryAllocationLib:MemoryAllocationLib.obj
 0001:00000944       UnicodeVSPrint             0000000000000bc4 f   BasePrintLib:PrintLib.obj
 0001:000009e8       BasePrintLibFillBuffer     0000000000000c68 f   BasePrintLib:PrintLibInternal.obj
 0001:00000a1c       BasePrintLibValueToString  0000000000000c9c f   BasePrintLib:PrintLibInternal.obj
 0001:00000a6c       BasePrintLibSPrintMarker   0000000000000cec f   BasePrintLib:PrintLibInternal.obj
 0001:00001860       BasePrintLibSPrint         0000000000001ae0 f   BasePrintLib:PrintLibInternal.obj
 0001:00001884       DivU64x32Remainder         0000000000001b04 f   BaseLib:DivU64x32Remainder.obj
 0002:00000000       gEfiAcpi20TableGuid        0000000000001b60     ACPI:AutoGen.obj
 0002:00000010       _gPcd_FixedAtBuild_PcdMaximumAsciiStringLength 0000000000001b70     ACPI:AutoGen.obj
 0002:00000010       _gPcd_FixedAtBuild_PcdMaximumUnicodeStringLength 0000000000001b70     ACPI:AutoGen.obj
 0002:00000014       _gPcd_FixedAtBuild_PcdUefiLibMaxPrintBufferSize 0000000000001b74     ACPI:AutoGen.obj
 0002:00000018       _gUefiDriverRevision       0000000000001b78     ACPI:AutoGen.obj
 0002:00000020       ??_C@_0EO@OBELLBDC@q?3?2Build?2MyPkg?2RELEASE_DEVTLS?2X6@ 0000000000001b80     ACPI:AutoGen.obj
 0002:00000070       ??_C@_0BE@DCHLEIGN@?$CBEFI_ERROR?5?$CIStatus?$CJ?$AA@ 0000000000001bd0     ACPI:AutoGen.obj
 0002:00000088       ??_C@_0CB@DMEJJJHA@?6ASSERT_EFI_ERROR?5?$CIStatus?5?$DN?5?$CFr?$CJ?6@ 0000000000001be8     ACPI:AutoGen.obj
 0002:000000b0       ??_C@_1HA@BGFBDJGF@?$AAG?$AAU?$AAI?$AAD?$AA?3?$AA?5?$AA?$CF?$AA0?$AA8?$AAx?$AA?9?$AA?$CF?$AA0?$AA4?$AAx?$AA?9?$AA?$CF?$AA0?$AA4?$AAx?$AA?9?$AA?$CF?$AA0?$AA2?$AAx?$AA?$CF?$AA0?$AA2?$AAx?$AA?9?$AA?$CF?$AA0@ 0000000000001c10     ACPI:ACPI.obj
 0002:00000120       ??_C@_1BO@GJLLNEL@?$AAG?$AAU?$AAI?$AAD?$AA?5?$AAi?$AAs?$AA?5?$AAN?$AAU?$AAL?$AAL?$AA?$CB?$AA?6?$AA?$AA@ 0000000000001c80     ACPI:ACPI.obj
 0002:00000140       ??_C@_1BA@BDKFNDB@?$AA?$FL?$AA0?$AAx?$AA?$CF?$AAx?$AA?$FN?$AA?6?$AA?$AA@ 0000000000001ca0     ACPI:ACPI.obj
 0002:00000150       ??_C@_1CI@OPLCMFHE@?$AAF?$AAo?$AAu?$AAn?$AAd?$AA?5?$AAA?$AAC?$AAP?$AAI?$AA?5?$AAt?$AAa?$AAb?$AAl?$AAe?$AA?3?$AA?5?$AA?6?$AA?$AA@ 0000000000001cb0     ACPI:ACPI.obj
 0002:00000178       ??_C@_1CO@PEFGDNMP@?$AAG?$AAe?$AAt?$AA?5?$AAA?$AAC?$AAP?$AAI?$AA?5?$AAT?$AAa?$AAb?$AAl?$AAe?$AA?5?$AAe?$AAr?$AAr?$AAo?$AAr?$AA?4?$AA?6?$AA?$AA@ 0000000000001cd8     ACPI:ACPI.obj
 0002:000001a8       ??_C@_0BE@BDFJLGLN@gBS?5?$CB?$DN?5?$CI?$CIvoid?5?$CK?$CJ?50?$CJ?$AA@ 0000000000001d08     UefiBootServicesTableLib:UefiBootServicesTableLib.obj
 0002:000001c0       ??_C@_0BE@DGNHAHIL@gST?5?$CB?$DN?5?$CI?$CIvoid?5?$CK?$CJ?50?$CJ?$AA@ 0000000000001d20     UefiBootServicesTableLib:UefiBootServicesTableLib.obj
 0002:000001e0       ??_C@_0EG@IHBEIGJL@q?3?2MdePkg?2Library?2UefiBootServic@ 0000000000001d40     UefiBootServicesTableLib:UefiBootServicesTableLib.obj
 0002:00000228       ??_C@_0BN@COECPDCC@gImageHandle?5?$CB?$DN?5?$CI?$CIvoid?5?$CK?$CJ?50?$CJ?$AA@ 0000000000001d88     UefiBootServicesTableLib:UefiBootServicesTableLib.obj
 0002:00000250       ??_C@_0EM@DLKNJEFG@q?3?2MdePkg?2Library?2UefiRuntimeSer@ 0000000000001db0     UefiRuntimeServicesTableLib:UefiRuntimeServicesTableLib.obj
 0002:000002a0       ??_C@_0BE@OBDFIHND@gRT?5?$CB?$DN?5?$CI?$CIvoid?5?$CK?$CJ?50?$CJ?$AA@ 0000000000001e00     UefiRuntimeServicesTableLib:UefiRuntimeServicesTableLib.obj
 0002:000002b8       ??_C@_0BG@JDKEGFNB@Table?5?$CB?$DN?5?$CI?$CIvoid?5?$CK?$CJ?50?$CJ?$AA@ 0000000000001e18     UefiLib:UefiLib.obj
 0002:000002d0       ??_C@_0CE@KFLJGPMN@q?3?2MdePkg?2Library?2UefiLib?2UefiLi@ 0000000000001e30     UefiLib:UefiLib.obj
 0002:000002f8       ??_C@_0BK@PPOBBAMB@TableGuid?5?$CB?$DN?5?$CI?$CIvoid?5?$CK?$CJ?50?$CJ?$AA@ 0000000000001e58     UefiLib:UefiLib.obj
 0002:00000318       ??_C@_0BH@IACGKAP@Buffer?5?$CB?$DN?5?$CI?$CIvoid?5?$CK?$CJ?50?$CJ?$AA@ 0000000000001e78     UefiLib:UefiLibPrint.obj
 0002:00000330       ??_C@_0BI@DIKLKBJC@Console?5?$CB?$DN?5?$CI?$CIvoid?5?$CK?$CJ?50?$CJ?$AA@ 0000000000001e90     UefiLib:UefiLibPrint.obj
 0002:00000348       ??_C@_0CD@NJDNMGBE@?$CI?$CIUINTN?$CJ?5Format?5?$CG?50x00000001?$CJ?5?$DN?$DN@ 0000000000001ea8     UefiLib:UefiLibPrint.obj
 0002:00000370       ??_C@_0CJ@ICOLKBCP@q?3?2MdePkg?2Library?2UefiLib?2UefiLi@ 0000000000001ed0     UefiLib:UefiLibPrint.obj
 0002:000003a0       ??_C@_0BH@LKMBFCBF@Format?5?$CB?$DN?5?$CI?$CIvoid?5?$CK?$CJ?50?$CJ?$AA@ 0000000000001f00     UefiLib:UefiLibPrint.obj
 0002:000003b8       ??_C@_0CG@MHAECJIA@q?3?2MdePkg?2Library?2BaseLib?2Unalig@ 0000000000001f18     BaseLib:Unaligned.obj
 0002:000003e0       ??_C@_0DK@EOJCOAME@Length?5?$DM?5_gPcd_FixedAtBuild_PcdM@ 0000000000001f40     BaseLib:String.obj
 0002:00000420       ??_C@_0CD@BDCLIGHD@?$CI?$CIUINTN?$CJ?5String?5?$CG?50x00000001?$CJ?5?$DN?$DN@ 0000000000001f80     BaseLib:String.obj
 0002:00000448       ??_C@_0CD@OOJADBME@q?3?2MdePkg?2Library?2BaseLib?2String@ 0000000000001fa8     BaseLib:String.obj
 0002:00000470       ??_C@_0BH@MAAHKCPC@String?5?$CB?$DN?5?$CI?$CIvoid?5?$CK?$CJ?50?$CJ?$AA@ 0000000000001fd0     BaseLib:String.obj
 0002:00000488       ??_C@_0DI@MDIKFADO@Length?5?$DM?5_gPcd_FixedAtBuild_PcdM@ 0000000000001fe8     BaseLib:String.obj
 0002:000004c0       ??_C@_0N@KGHEHMDL@Divisor?5?$CB?$DN?50?$AA@ 0000000000002020     BaseLib:DivU64x32.obj
 0002:000004d0       ??_C@_0EA@JCDEKIGH@q?3?2MdePkg?2Library?2UefiMemoryAllo@ 0000000000002030     UefiMemoryAllocationLib:MemoryAllocationLib.obj
 0002:00000510       ??_C@_0CH@KJLBGOBB@?$CI?$CI?$CIUINTN?$CJ?5?$CIFormatString?$CJ?$CJ?5?$CG?50x01@ 0000000000002070     BasePrintLib:PrintLib.obj
 0002:00000538       ??_C@_0CK@LOLCLJPB@q?3?2MdePkg?2Library?2BasePrintLib?2P@ 0000000000002098     BasePrintLib:PrintLib.obj
 0002:00000568       ??_C@_0CI@BGLNHBLM@?$CI?$CI?$CIUINTN?$CJ?5?$CIStartOfBuffer?$CJ?$CJ?5?$CG?50x0@ 00000000000020c8     BasePrintLib:PrintLib.obj
 0002:00000590       ??_C@_0BB@MFGDFIJM@Compromised?5Data?$AA@ 00000000000020f0     BasePrintLib:PrintLibInternal.obj
 0002:000005a8       ??_C@_0BB@KFJAMCOC@Invalid?5Language?$AA@ 0000000000002108     BasePrintLib:PrintLibInternal.obj
 0002:000005c0       ??_C@_0M@FKGOBENP@End?5of?5File?$AA@ 0000000000002120     BasePrintLib:PrintLibInternal.obj
 0002:000005d0       ??_C@_0O@GLPDOMCP@Reserved?5?$CI30?$CJ?$AA@ 0000000000002130     BasePrintLib:PrintLibInternal.obj
 0002:000005e0       ??_C@_0O@NMJOLAMF@Reserved?5?$CI29?$CJ?$AA@ 0000000000002140     BasePrintLib:PrintLibInternal.obj
 0002:000005f0       ??_C@_0N@JEJDHPO@End?5of?5Media?$AA@ 0000000000002150     BasePrintLib:PrintLibInternal.obj
 0002:00000600       ??_C@_09BOMAGJEG@CRC?5Error?$AA@ 0000000000002160     BasePrintLib:PrintLibInternal.obj
 0002:00000610       ??_C@_0BD@KHMPCIOG@Security?5Violation?$AA@ 0000000000002170     BasePrintLib:PrintLibInternal.obj
 0002:00000628       ??_C@_0BF@EHOBGFMI@Incompatible?5Version?$AA@ 0000000000002188     BasePrintLib:PrintLibInternal.obj
 0002:00000640       ??_C@_0P@NCJHBCLM@Protocol?5Error?$AA@ 00000000000021a0     BasePrintLib:PrintLibInternal.obj
 0002:00000650       ??_C@_0L@DJKNJKHM@TFTP?5Error?$AA@ 00000000000021b0     BasePrintLib:PrintLibInternal.obj
 0002:00000660       ??_C@_0L@LKIFCMNO@ICMP?5Error?$AA@ 00000000000021c0     BasePrintLib:PrintLibInternal.obj
 0002:00000670       ??_C@_07LCKDCBKK@Aborted?$AA@ 00000000000021d0     BasePrintLib:PrintLibInternal.obj
 0002:00000678       ??_C@_0BA@IGIBFFPH@Already?5started?$AA@ 00000000000021d8     BasePrintLib:PrintLibInternal.obj
 0002:00000688       ??_C@_0M@DCJFAFHJ@Not?5started?$AA@ 00000000000021e8     BasePrintLib:PrintLibInternal.obj
 0002:00000698       ??_C@_08PAFJCNGP@Time?5out?$AA@ 00000000000021f8     BasePrintLib:PrintLibInternal.obj
 0002:000006a8       ??_C@_0L@IFPBNFC@No?5mapping?$AA@ 0000000000002208     BasePrintLib:PrintLibInternal.obj
 0002:000006b8       ??_C@_0M@ENKCBFEP@No?5Response?$AA@ 0000000000002218     BasePrintLib:PrintLibInternal.obj
 0002:000006c8       ??_C@_0O@NFHOBIDO@Access?5Denied?$AA@ 0000000000002228     BasePrintLib:PrintLibInternal.obj
 0002:000006d8       ??_C@_09CFCBFJND@Not?5Found?$AA@ 0000000000002238     BasePrintLib:PrintLibInternal.obj
 0002:000006e8       ??_C@_0O@JNCJKCCD@Media?5changed?$AA@ 0000000000002248     BasePrintLib:PrintLibInternal.obj
 0002:000006f8       ??_C@_08KEGAJDNN@No?5Media?$AA@ 0000000000002258     BasePrintLib:PrintLibInternal.obj
 0002:00000708       ??_C@_0M@HDLEPOFA@Volume?5Full?$AA@ 0000000000002268     BasePrintLib:PrintLibInternal.obj
 0002:00000718       ??_C@_0P@EIOJGIF@Volume?5Corrupt?$AA@ 0000000000002278     BasePrintLib:PrintLibInternal.obj
 0002:00000728       ??_C@_0BB@GOILNEAA@Out?5of?5Resources?$AA@ 0000000000002288     BasePrintLib:PrintLibInternal.obj
 0002:00000740       ??_C@_0BA@LNEDDFNB@Write?5Protected?$AA@ 00000000000022a0     BasePrintLib:PrintLibInternal.obj
 0002:00000750       ??_C@_0N@HHEABDHO@Device?5Error?$AA@ 00000000000022b0     BasePrintLib:PrintLibInternal.obj
 0002:00000760       ??_C@_09NKFGCIPN@Not?5Ready?$AA@ 00000000000022c0     BasePrintLib:PrintLibInternal.obj
 0002:00000770       ??_C@_0BB@EGELJFOB@Buffer?5Too?5Small?$AA@ 00000000000022d0     BasePrintLib:PrintLibInternal.obj
 0002:00000788       ??_C@_0BA@FLNMPMCF@Bad?5Buffer?5Size?$AA@ 00000000000022e8     BasePrintLib:PrintLibInternal.obj
 0002:00000798       ??_C@_0M@BEECMOIL@Unsupported?$AA@ 00000000000022f8     BasePrintLib:PrintLibInternal.obj
 0002:000007a8       ??_C@_0BC@HOFHKGJN@Invalid?5Parameter?$AA@ 0000000000002308     BasePrintLib:PrintLibInternal.obj
 0002:000007c0       ??_C@_0L@PLPBEPPC@Load?5Error?$AA@ 0000000000002320     BasePrintLib:PrintLibInternal.obj
 0002:000007d0       ??_C@_0BD@IFJNJCCO@Warning?5Stale?5Data?$AA@ 0000000000002330     BasePrintLib:PrintLibInternal.obj
 0002:000007e8       ??_C@_0BJ@ODIPDGHB@Warning?5Buffer?5Too?5Small?$AA@ 0000000000002348     BasePrintLib:PrintLibInternal.obj
 0002:00000808       ??_C@_0BG@ECIJMOED@Warning?5Write?5Failure?$AA@ 0000000000002368     BasePrintLib:PrintLibInternal.obj
 0002:00000820       ??_C@_0BH@GKKCJEPJ@Warning?5Delete?5Failure?$AA@ 0000000000002380     BasePrintLib:PrintLibInternal.obj
 0002:00000838       ??_C@_0BG@CFJMNNJK@Warning?5Unknown?5Glyph?$AA@ 0000000000002398     BasePrintLib:PrintLibInternal.obj
 0002:00000850       ??_C@_07PBILKAFL@Success?$AA@ 00000000000023b0     BasePrintLib:PrintLibInternal.obj
 0002:00000858       mHexStr                    00000000000023b8     BasePrintLib:PrintLibInternal.obj
 0002:00000870       mStatusString              00000000000023d0     BasePrintLib:PrintLibInternal.obj
 0002:000009a8       ??_C@_0DC@CHCEMEEB@q?3?2MdePkg?2Library?2BasePrintLib?2P@ 0000000000002508     BasePrintLib:PrintLibInternal.obj
 0002:000009e0       ??_C@_0EG@NFDMKACK@?$CI?$CI?$CIFlags?5?$CG?50x00000040?$CJ?5?$CB?$DN?50?$CJ?$CJ?5?$HM?$HM@ 0000000000002540     BasePrintLib:PrintLibInternal.obj
 0002:00000a30       ??_C@_0EM@FPGGOFNC@?$CI?$CI?$CIFlags?5?$CG?50x00000040?$CJ?5?$DN?$DN?50?$CJ?$CJ?5?$HM?$HM@ 0000000000002590     BasePrintLib:PrintLibInternal.obj
 0002:00000a7c       ??_C@_01LIIJDEN@?$AN?$AA@  00000000000025dc     BasePrintLib:PrintLibInternal.obj
 0002:00000a80       ??_C@_04JIMNDDED@?$CF08X?$AA@ 00000000000025e0     BasePrintLib:PrintLibInternal.obj
 0002:00000a88       ??_C@_0O@MLOLIMFM@?$DMnull?5string?$DO?$AA@ 00000000000025e8     BasePrintLib:PrintLibInternal.obj
 0002:00000a98       ??_C@_0BK@FCPKCIDD@?$CF02d?1?$CF02d?1?$CF04d?5?5?$CF02d?3?$CF02d?$AA@ 00000000000025f8     BasePrintLib:PrintLibInternal.obj
 0002:00000ab8       ??_C@_0M@LHGBCIKM@?$DMnull?5time?$DO?$AA@ 0000000000002618     BasePrintLib:PrintLibInternal.obj
 0002:00000ac8       ??_C@_0DB@PMLHLBMO@?$CF08x?9?$CF04x?9?$CF04x?9?$CF02x?$CF02x?9?$CF02x?$CF02x@ 0000000000002628     BasePrintLib:PrintLibInternal.obj
 0002:00000b00       ??_C@_0M@BJJDNPHK@?$DMnull?5guid?$DO?$AA@ 0000000000002660     BasePrintLib:PrintLibInternal.obj
 0002:00000b0c       ??_C@_02PCIJFNDE@?$AN?6?$AA@ 000000000000266c     BasePrintLib:PrintLibInternal.obj
 0002:00000b10       ??_C@_0BL@BFEFANFD@AsciiStrSize?5?$CIFormat?$CJ?5?$CB?$DN?50?$AA@ 0000000000002670     BasePrintLib:PrintLibInternal.obj
 0002:00000b30       ??_C@_0CB@NIHAJGJE@StrSize?5?$CI?$CICHAR16?5?$CK?$CJ?5Format?$CJ?5?$CB?$DN?50@ 0000000000002690     BasePrintLib:PrintLibInternal.obj
 0002:00000b58       ??_C@_0CP@CPEPIGGJ@q?3?2MdePkg?2Library?2BaseLib?2DivU64@ 00000000000026b8     BaseLib:DivU64x32Remainder.obj
 0002:00000b88       gImageHandle               00000000000026e8     UefiBootServicesTableLib:UefiBootServicesTableLib.obj
 0002:00000b90       gST                        00000000000026f0     UefiBootServicesTableLib:UefiBootServicesTableLib.obj
 0002:00000b98       gBS                        00000000000026f8     UefiBootServicesTableLib:UefiBootServicesTableLib.obj
 0002:00000ba0       gRT                        0000000000002700     UefiRuntimeServicesTableLib:UefiRuntimeServicesTableLib.obj

 entry point at        0001:00000000

 Static symbols

